<?xml version="1.0" encoding="ISO-8859-1" ?>
<link_info>
   <banner>TI ARM Linker PC v18.12.2.LTS</banner>
   <copyright>Copyright (c) 1996-2018 Texas Instruments Incorporated</copyright>
   <link_time>0x5de9d3f3</link_time>
   <link_errors>0x0</link_errors>
   <output_file>combine.out</output_file>
   <entry_point>
      <name>_c_int00_noargs</name>
      <address>0x45e9</address>
   </entry_point>
   <input_file_list>
      <input_file id="fl-2">
         <path>.\</path>
         <kind>object</kind>
         <file>LCD.obj</file>
         <name>LCD.obj</name>
      </input_file>
      <input_file id="fl-3">
         <path>.\</path>
         <kind>object</kind>
         <file>Timer.obj</file>
         <name>Timer.obj</name>
      </input_file>
      <input_file id="fl-4">
         <path>.\</path>
         <kind>object</kind>
         <file>gpio.obj</file>
         <name>gpio.obj</name>
      </input_file>
      <input_file id="fl-5">
         <path>.\</path>
         <kind>object</kind>
         <file>main.obj</file>
         <name>main.obj</name>
      </input_file>
      <input_file id="fl-6">
         <path>.\</path>
         <kind>object</kind>
         <file>sensirion_shdlc.obj</file>
         <name>sensirion_shdlc.obj</name>
      </input_file>
      <input_file id="fl-7">
         <path>.\</path>
         <kind>object</kind>
         <file>sps30.obj</file>
         <name>sps30.obj</name>
      </input_file>
      <input_file id="fl-8">
         <path>.\</path>
         <kind>object</kind>
         <file>sps30UART.obj</file>
         <name>sps30UART.obj</name>
      </input_file>
      <input_file id="fl-9">
         <path>.\</path>
         <kind>object</kind>
         <file>startup_msp432p401r_ccs.obj</file>
         <name>startup_msp432p401r_ccs.obj</name>
      </input_file>
      <input_file id="fl-a">
         <path>.\</path>
         <kind>object</kind>
         <file>system_msp432p401r.obj</file>
         <name>system_msp432p401r.obj</name>
      </input_file>
      <input_file id="fl-b">
         <path>.\</path>
         <kind>object</kind>
         <file>time.obj</file>
         <name>time.obj</name>
      </input_file>
      <input_file id="fl-f">
         <kind>object</kind>
         <file>&lt;internal&gt;</file>
         <name>&lt;internal&gt;</name>
      </input_file>
      <input_file id="fl-c5">
         <path>C:\ti\ccs910\ccs\tools\compiler\ti-cgt-arm_18.12.2.LTS\lib\</path>
         <kind>archive</kind>
         <file>rtsv7M4_T_le_v4SPD16_eabi.lib</file>
         <name>printf.c.obj</name>
      </input_file>
      <input_file id="fl-c6">
         <path>C:\ti\ccs910\ccs\tools\compiler\ti-cgt-arm_18.12.2.LTS\lib\</path>
         <kind>archive</kind>
         <file>rtsv7M4_T_le_v4SPD16_eabi.lib</file>
         <name>_printfi.c.obj</name>
      </input_file>
      <input_file id="fl-c7">
         <path>C:\ti\ccs910\ccs\tools\compiler\ti-cgt-arm_18.12.2.LTS\lib\</path>
         <kind>archive</kind>
         <file>rtsv7M4_T_le_v4SPD16_eabi.lib</file>
         <name>sprintf.c.obj</name>
      </input_file>
      <input_file id="fl-c8">
         <path>C:\ti\ccs910\ccs\tools\compiler\ti-cgt-arm_18.12.2.LTS\lib\</path>
         <kind>archive</kind>
         <file>rtsv7M4_T_le_v4SPD16_eabi.lib</file>
         <name>fputc.c.obj</name>
      </input_file>
      <input_file id="fl-c9">
         <path>C:\ti\ccs910\ccs\tools\compiler\ti-cgt-arm_18.12.2.LTS\lib\</path>
         <kind>archive</kind>
         <file>rtsv7M4_T_le_v4SPD16_eabi.lib</file>
         <name>fputs.c.obj</name>
      </input_file>
      <input_file id="fl-ca">
         <path>C:\ti\ccs910\ccs\tools\compiler\ti-cgt-arm_18.12.2.LTS\lib\</path>
         <kind>archive</kind>
         <file>rtsv7M4_T_le_v4SPD16_eabi.lib</file>
         <name>_io_perm.c.obj</name>
      </input_file>
      <input_file id="fl-cb">
         <path>C:\ti\ccs910\ccs\tools\compiler\ti-cgt-arm_18.12.2.LTS\lib\</path>
         <kind>archive</kind>
         <file>rtsv7M4_T_le_v4SPD16_eabi.lib</file>
         <name>setvbuf.c.obj</name>
      </input_file>
      <input_file id="fl-cc">
         <path>C:\ti\ccs910\ccs\tools\compiler\ti-cgt-arm_18.12.2.LTS\lib\</path>
         <kind>archive</kind>
         <file>rtsv7M4_T_le_v4SPD16_eabi.lib</file>
         <name>s_frexp.c.obj</name>
      </input_file>
      <input_file id="fl-cd">
         <path>C:\ti\ccs910\ccs\tools\compiler\ti-cgt-arm_18.12.2.LTS\lib\</path>
         <kind>archive</kind>
         <file>rtsv7M4_T_le_v4SPD16_eabi.lib</file>
         <name>s_scalbn.c.obj</name>
      </input_file>
      <input_file id="fl-ce">
         <path>C:\ti\ccs910\ccs\tools\compiler\ti-cgt-arm_18.12.2.LTS\lib\</path>
         <kind>archive</kind>
         <file>rtsv7M4_T_le_v4SPD16_eabi.lib</file>
         <name>ull_div_t2.asm.obj</name>
      </input_file>
      <input_file id="fl-cf">
         <path>C:\ti\ccs910\ccs\tools\compiler\ti-cgt-arm_18.12.2.LTS\lib\</path>
         <kind>archive</kind>
         <file>rtsv7M4_T_le_v4SPD16_eabi.lib</file>
         <name>memset_t2.asm.obj</name>
      </input_file>
      <input_file id="fl-d0">
         <path>C:\ti\ccs910\ccs\tools\compiler\ti-cgt-arm_18.12.2.LTS\lib\</path>
         <kind>archive</kind>
         <file>rtsv7M4_T_le_v4SPD16_eabi.lib</file>
         <name>fd_add_t2.asm.obj</name>
      </input_file>
      <input_file id="fl-d1">
         <path>C:\ti\ccs910\ccs\tools\compiler\ti-cgt-arm_18.12.2.LTS\lib\</path>
         <kind>archive</kind>
         <file>rtsv7M4_T_le_v4SPD16_eabi.lib</file>
         <name>fd_cmp_t2.asm.obj</name>
      </input_file>
      <input_file id="fl-d2">
         <path>C:\ti\ccs910\ccs\tools\compiler\ti-cgt-arm_18.12.2.LTS\lib\</path>
         <kind>archive</kind>
         <file>rtsv7M4_T_le_v4SPD16_eabi.lib</file>
         <name>fd_div_t2.asm.obj</name>
      </input_file>
      <input_file id="fl-d3">
         <path>C:\ti\ccs910\ccs\tools\compiler\ti-cgt-arm_18.12.2.LTS\lib\</path>
         <kind>archive</kind>
         <file>rtsv7M4_T_le_v4SPD16_eabi.lib</file>
         <name>fd_mul_t2.asm.obj</name>
      </input_file>
      <input_file id="fl-d4">
         <path>C:\ti\ccs910\ccs\tools\compiler\ti-cgt-arm_18.12.2.LTS\lib\</path>
         <kind>archive</kind>
         <file>rtsv7M4_T_le_v4SPD16_eabi.lib</file>
         <name>fd_toi_t2.asm.obj</name>
      </input_file>
      <input_file id="fl-d5">
         <path>C:\ti\ccs910\ccs\tools\compiler\ti-cgt-arm_18.12.2.LTS\lib\</path>
         <kind>archive</kind>
         <file>rtsv7M4_T_le_v4SPD16_eabi.lib</file>
         <name>fs_tod_t2.asm.obj</name>
      </input_file>
      <input_file id="fl-d6">
         <path>C:\ti\ccs910\ccs\tools\compiler\ti-cgt-arm_18.12.2.LTS\lib\</path>
         <kind>archive</kind>
         <file>rtsv7M4_T_le_v4SPD16_eabi.lib</file>
         <name>i_tofd_t2.asm.obj</name>
      </input_file>
      <input_file id="fl-d7">
         <path>C:\ti\ccs910\ccs\tools\compiler\ti-cgt-arm_18.12.2.LTS\lib\</path>
         <kind>archive</kind>
         <file>rtsv7M4_T_le_v4SPD16_eabi.lib</file>
         <name>memcpy_t2.asm.obj</name>
      </input_file>
      <input_file id="fl-d8">
         <path>C:\ti\ccs910\ccs\tools\compiler\ti-cgt-arm_18.12.2.LTS\lib\</path>
         <kind>archive</kind>
         <file>rtsv7M4_T_le_v4SPD16_eabi.lib</file>
         <name>copy_zero_init.c.obj</name>
      </input_file>
      <input_file id="fl-d9">
         <path>C:\ti\ccs910\ccs\tools\compiler\ti-cgt-arm_18.12.2.LTS\lib\</path>
         <kind>archive</kind>
         <file>rtsv7M4_T_le_v4SPD16_eabi.lib</file>
         <name>copy_decompress_none.c.obj</name>
      </input_file>
      <input_file id="fl-da">
         <path>C:\ti\ccs910\ccs\tools\compiler\ti-cgt-arm_18.12.2.LTS\lib\</path>
         <kind>archive</kind>
         <file>rtsv7M4_T_le_v4SPD16_eabi.lib</file>
         <name>copy_decompress_lzss.c.obj</name>
      </input_file>
      <input_file id="fl-db">
         <path>C:\ti\ccs910\ccs\tools\compiler\ti-cgt-arm_18.12.2.LTS\lib\</path>
         <kind>archive</kind>
         <file>rtsv7M4_T_le_v4SPD16_eabi.lib</file>
         <name>exit.c.obj</name>
      </input_file>
      <input_file id="fl-dc">
         <path>C:\ti\ccs910\ccs\tools\compiler\ti-cgt-arm_18.12.2.LTS\lib\</path>
         <kind>archive</kind>
         <file>rtsv7M4_T_le_v4SPD16_eabi.lib</file>
         <name>_lock.c.obj</name>
      </input_file>
      <input_file id="fl-dd">
         <path>C:\ti\ccs910\ccs\tools\compiler\ti-cgt-arm_18.12.2.LTS\lib\</path>
         <kind>archive</kind>
         <file>rtsv7M4_T_le_v4SPD16_eabi.lib</file>
         <name>atoi.c.obj</name>
      </input_file>
      <input_file id="fl-de">
         <path>C:\ti\ccs910\ccs\tools\compiler\ti-cgt-arm_18.12.2.LTS\lib\</path>
         <kind>archive</kind>
         <file>rtsv7M4_T_le_v4SPD16_eabi.lib</file>
         <name>ctype.c.obj</name>
      </input_file>
      <input_file id="fl-df">
         <path>C:\ti\ccs910\ccs\tools\compiler\ti-cgt-arm_18.12.2.LTS\lib\</path>
         <kind>archive</kind>
         <file>rtsv7M4_T_le_v4SPD16_eabi.lib</file>
         <name>defs.c.obj</name>
      </input_file>
      <input_file id="fl-e0">
         <path>C:\ti\ccs910\ccs\tools\compiler\ti-cgt-arm_18.12.2.LTS\lib\</path>
         <kind>archive</kind>
         <file>rtsv7M4_T_le_v4SPD16_eabi.lib</file>
         <name>ltoa.c.obj</name>
      </input_file>
      <input_file id="fl-e1">
         <path>C:\ti\ccs910\ccs\tools\compiler\ti-cgt-arm_18.12.2.LTS\lib\</path>
         <kind>archive</kind>
         <file>rtsv7M4_T_le_v4SPD16_eabi.lib</file>
         <name>memccpy.c.obj</name>
      </input_file>
      <input_file id="fl-e2">
         <path>C:\ti\ccs910\ccs\tools\compiler\ti-cgt-arm_18.12.2.LTS\lib\</path>
         <kind>archive</kind>
         <file>rtsv7M4_T_le_v4SPD16_eabi.lib</file>
         <name>memchr.c.obj</name>
      </input_file>
      <input_file id="fl-e3">
         <path>C:\ti\ccs910\ccs\tools\compiler\ti-cgt-arm_18.12.2.LTS\lib\</path>
         <kind>archive</kind>
         <file>rtsv7M4_T_le_v4SPD16_eabi.lib</file>
         <name>memory.c.obj</name>
      </input_file>
      <input_file id="fl-e4">
         <path>C:\ti\ccs910\ccs\tools\compiler\ti-cgt-arm_18.12.2.LTS\lib\</path>
         <kind>archive</kind>
         <file>rtsv7M4_T_le_v4SPD16_eabi.lib</file>
         <name>strchr.c.obj</name>
      </input_file>
      <input_file id="fl-e5">
         <path>C:\ti\ccs910\ccs\tools\compiler\ti-cgt-arm_18.12.2.LTS\lib\</path>
         <kind>archive</kind>
         <file>rtsv7M4_T_le_v4SPD16_eabi.lib</file>
         <name>strlen.c.obj</name>
      </input_file>
      <input_file id="fl-e6">
         <path>C:\ti\ccs910\ccs\tools\compiler\ti-cgt-arm_18.12.2.LTS\lib\</path>
         <kind>archive</kind>
         <file>rtsv7M4_T_le_v4SPD16_eabi.lib</file>
         <name>write.c.obj</name>
      </input_file>
      <input_file id="fl-e7">
         <path>C:\ti\ccs910\ccs\tools\compiler\ti-cgt-arm_18.12.2.LTS\lib\</path>
         <kind>archive</kind>
         <file>rtsv7M4_T_le_v4SPD16_eabi.lib</file>
         <name>host_device.c.obj</name>
      </input_file>
      <input_file id="fl-e8">
         <path>C:\ti\ccs910\ccs\tools\compiler\ti-cgt-arm_18.12.2.LTS\lib\</path>
         <kind>archive</kind>
         <file>rtsv7M4_T_le_v4SPD16_eabi.lib</file>
         <name>boot_cortex_m.c.obj</name>
      </input_file>
      <input_file id="fl-e9">
         <path>C:\ti\ccs910\ccs\tools\compiler\ti-cgt-arm_18.12.2.LTS\lib\</path>
         <kind>archive</kind>
         <file>rtsv7M4_T_le_v4SPD16_eabi.lib</file>
         <name>errno.c.obj</name>
      </input_file>
      <input_file id="fl-ea">
         <path>C:\ti\ccs910\ccs\tools\compiler\ti-cgt-arm_18.12.2.LTS\lib\</path>
         <kind>archive</kind>
         <file>rtsv7M4_T_le_v4SPD16_eabi.lib</file>
         <name>wcslen.c.obj</name>
      </input_file>
      <input_file id="fl-eb">
         <path>C:\ti\ccs910\ccs\tools\compiler\ti-cgt-arm_18.12.2.LTS\lib\</path>
         <kind>archive</kind>
         <file>rtsv7M4_T_le_v4SPD16_eabi.lib</file>
         <name>s_copysign.c.obj</name>
      </input_file>
      <input_file id="fl-ec">
         <path>C:\ti\ccs910\ccs\tools\compiler\ti-cgt-arm_18.12.2.LTS\lib\</path>
         <kind>archive</kind>
         <file>rtsv7M4_T_le_v4SPD16_eabi.lib</file>
         <name>fflush.c.obj</name>
      </input_file>
      <input_file id="fl-ed">
         <path>C:\ti\ccs910\ccs\tools\compiler\ti-cgt-arm_18.12.2.LTS\lib\</path>
         <kind>archive</kind>
         <file>rtsv7M4_T_le_v4SPD16_eabi.lib</file>
         <name>fopen.c.obj</name>
      </input_file>
      <input_file id="fl-ee">
         <path>C:\ti\ccs910\ccs\tools\compiler\ti-cgt-arm_18.12.2.LTS\lib\</path>
         <kind>archive</kind>
         <file>rtsv7M4_T_le_v4SPD16_eabi.lib</file>
         <name>fseek.c.obj</name>
      </input_file>
      <input_file id="fl-ef">
         <path>C:\ti\ccs910\ccs\tools\compiler\ti-cgt-arm_18.12.2.LTS\lib\</path>
         <kind>archive</kind>
         <file>rtsv7M4_T_le_v4SPD16_eabi.lib</file>
         <name>div0.asm.obj</name>
      </input_file>
      <input_file id="fl-f0">
         <path>C:\ti\ccs910\ccs\tools\compiler\ti-cgt-arm_18.12.2.LTS\lib\</path>
         <kind>archive</kind>
         <file>rtsv7M4_T_le_v4SPD16_eabi.lib</file>
         <name>autoinit.c.obj</name>
      </input_file>
      <input_file id="fl-f1">
         <path>C:\ti\ccs910\ccs\tools\compiler\ti-cgt-arm_18.12.2.LTS\lib\</path>
         <kind>archive</kind>
         <file>rtsv7M4_T_le_v4SPD16_eabi.lib</file>
         <name>pre_init.c.obj</name>
      </input_file>
      <input_file id="fl-f2">
         <path>C:\ti\ccs910\ccs\tools\compiler\ti-cgt-arm_18.12.2.LTS\lib\</path>
         <kind>archive</kind>
         <file>rtsv7M4_T_le_v4SPD16_eabi.lib</file>
         <name>cpy_tbl.c.obj</name>
      </input_file>
      <input_file id="fl-f3">
         <path>C:\ti\ccs910\ccs\tools\compiler\ti-cgt-arm_18.12.2.LTS\lib\</path>
         <kind>archive</kind>
         <file>rtsv7M4_T_le_v4SPD16_eabi.lib</file>
         <name>args_main.c.obj</name>
      </input_file>
      <input_file id="fl-f4">
         <path>C:\ti\ccs910\ccs\tools\compiler\ti-cgt-arm_18.12.2.LTS\lib\</path>
         <kind>archive</kind>
         <file>rtsv7M4_T_le_v4SPD16_eabi.lib</file>
         <name>hostclose.c.obj</name>
      </input_file>
      <input_file id="fl-f5">
         <path>C:\ti\ccs910\ccs\tools\compiler\ti-cgt-arm_18.12.2.LTS\lib\</path>
         <kind>archive</kind>
         <file>rtsv7M4_T_le_v4SPD16_eabi.lib</file>
         <name>hostlseek.c.obj</name>
      </input_file>
      <input_file id="fl-f6">
         <path>C:\ti\ccs910\ccs\tools\compiler\ti-cgt-arm_18.12.2.LTS\lib\</path>
         <kind>archive</kind>
         <file>rtsv7M4_T_le_v4SPD16_eabi.lib</file>
         <name>hostopen.c.obj</name>
      </input_file>
      <input_file id="fl-f7">
         <path>C:\ti\ccs910\ccs\tools\compiler\ti-cgt-arm_18.12.2.LTS\lib\</path>
         <kind>archive</kind>
         <file>rtsv7M4_T_le_v4SPD16_eabi.lib</file>
         <name>hostread.c.obj</name>
      </input_file>
      <input_file id="fl-f8">
         <path>C:\ti\ccs910\ccs\tools\compiler\ti-cgt-arm_18.12.2.LTS\lib\</path>
         <kind>archive</kind>
         <file>rtsv7M4_T_le_v4SPD16_eabi.lib</file>
         <name>hostrename.c.obj</name>
      </input_file>
      <input_file id="fl-f9">
         <path>C:\ti\ccs910\ccs\tools\compiler\ti-cgt-arm_18.12.2.LTS\lib\</path>
         <kind>archive</kind>
         <file>rtsv7M4_T_le_v4SPD16_eabi.lib</file>
         <name>hostunlink.c.obj</name>
      </input_file>
      <input_file id="fl-fa">
         <path>C:\ti\ccs910\ccs\tools\compiler\ti-cgt-arm_18.12.2.LTS\lib\</path>
         <kind>archive</kind>
         <file>rtsv7M4_T_le_v4SPD16_eabi.lib</file>
         <name>hostwrite.c.obj</name>
      </input_file>
      <input_file id="fl-fb">
         <path>C:\ti\ccs910\ccs\tools\compiler\ti-cgt-arm_18.12.2.LTS\lib\</path>
         <kind>archive</kind>
         <file>rtsv7M4_T_le_v4SPD16_eabi.lib</file>
         <name>trgmsg.c.obj</name>
      </input_file>
      <input_file id="fl-fc">
         <path>C:\ti\ccs910\ccs\tools\compiler\ti-cgt-arm_18.12.2.LTS\lib\</path>
         <kind>archive</kind>
         <file>rtsv7M4_T_le_v4SPD16_eabi.lib</file>
         <name>open.c.obj</name>
      </input_file>
      <input_file id="fl-fd">
         <path>C:\ti\ccs910\ccs\tools\compiler\ti-cgt-arm_18.12.2.LTS\lib\</path>
         <kind>archive</kind>
         <file>rtsv7M4_T_le_v4SPD16_eabi.lib</file>
         <name>lseek.c.obj</name>
      </input_file>
      <input_file id="fl-fe">
         <path>C:\ti\ccs910\ccs\tools\compiler\ti-cgt-arm_18.12.2.LTS\lib\</path>
         <kind>archive</kind>
         <file>rtsv7M4_T_le_v4SPD16_eabi.lib</file>
         <name>fclose.c.obj</name>
      </input_file>
      <input_file id="fl-ff">
         <path>C:\ti\ccs910\ccs\tools\compiler\ti-cgt-arm_18.12.2.LTS\lib\</path>
         <kind>archive</kind>
         <file>rtsv7M4_T_le_v4SPD16_eabi.lib</file>
         <name>getdevice.c.obj</name>
      </input_file>
      <input_file id="fl-100">
         <path>C:\ti\ccs910\ccs\tools\compiler\ti-cgt-arm_18.12.2.LTS\lib\</path>
         <kind>archive</kind>
         <file>rtsv7M4_T_le_v4SPD16_eabi.lib</file>
         <name>strcmp.c.obj</name>
      </input_file>
      <input_file id="fl-101">
         <path>C:\ti\ccs910\ccs\tools\compiler\ti-cgt-arm_18.12.2.LTS\lib\</path>
         <kind>archive</kind>
         <file>rtsv7M4_T_le_v4SPD16_eabi.lib</file>
         <name>strcpy.c.obj</name>
      </input_file>
      <input_file id="fl-102">
         <path>C:\ti\ccs910\ccs\tools\compiler\ti-cgt-arm_18.12.2.LTS\lib\</path>
         <kind>archive</kind>
         <file>rtsv7M4_T_le_v4SPD16_eabi.lib</file>
         <name>strncpy.c.obj</name>
      </input_file>
      <input_file id="fl-103">
         <path>C:\ti\ccs910\ccs\tools\compiler\ti-cgt-arm_18.12.2.LTS\lib\</path>
         <kind>archive</kind>
         <file>rtsv7M4_T_le_v4SPD16_eabi.lib</file>
         <name>remove.c.obj</name>
      </input_file>
      <input_file id="fl-104">
         <path>C:\ti\ccs910\ccs\tools\compiler\ti-cgt-arm_18.12.2.LTS\lib\</path>
         <kind>archive</kind>
         <file>rtsv7M4_T_le_v4SPD16_eabi.lib</file>
         <name>close.c.obj</name>
      </input_file>
      <input_file id="fl-105">
         <path>C:\ti\ccs910\ccs\tools\compiler\ti-cgt-arm_18.12.2.LTS\lib\</path>
         <kind>archive</kind>
         <file>rtsv7M4_T_le_v4SPD16_eabi.lib</file>
         <name>unlink.c.obj</name>
      </input_file>
   </input_file_list>
   <object_component_list>
      <object_component id="oc-23">
         <name>.intvecs:retain</name>
         <load_address>0x0</load_address>
         <run_address>0x0</run_address>
         <size>0xe4</size>
         <input_file_ref idref="fl-9"/>
      </object_component>
      <object_component id="oc-19a">
         <name>.text:__TI_printfi</name>
         <load_address>0xe4</load_address>
         <run_address>0xe4</run_address>
         <size>0xa4e</size>
         <input_file_ref idref="fl-c6"/>
      </object_component>
      <object_component id="oc-268">
         <name>.text:_nop</name>
         <load_address>0xb32</load_address>
         <run_address>0xb32</run_address>
         <size>0x2</size>
         <input_file_ref idref="fl-dc"/>
      </object_component>
      <object_component id="oc-a3">
         <name>.text</name>
         <load_address>0xb34</load_address>
         <run_address>0xb34</run_address>
         <size>0x864</size>
         <input_file_ref idref="fl-5"/>
      </object_component>
      <object_component id="oc-108">
         <name>.text</name>
         <load_address>0x1398</load_address>
         <run_address>0x1398</run_address>
         <size>0x558</size>
         <input_file_ref idref="fl-7"/>
      </object_component>
      <object_component id="oc-1b9">
         <name>.text</name>
         <load_address>0x18f0</load_address>
         <run_address>0x18f0</run_address>
         <size>0x494</size>
         <input_file_ref idref="fl-6"/>
      </object_component>
      <object_component id="oc-fc">
         <name>.text</name>
         <load_address>0x1d84</load_address>
         <run_address>0x1d84</run_address>
         <size>0x410</size>
         <input_file_ref idref="fl-2"/>
      </object_component>
      <object_component id="oc-b5">
         <name>.text</name>
         <load_address>0x2194</load_address>
         <run_address>0x2194</run_address>
         <size>0x334</size>
         <input_file_ref idref="fl-a"/>
      </object_component>
      <object_component id="oc-244">
         <name>.text:_pconv_a</name>
         <load_address>0x24c8</load_address>
         <run_address>0x24c8</run_address>
         <size>0x270</size>
         <input_file_ref idref="fl-c6"/>
      </object_component>
      <object_component id="oc-232">
         <name>.text:_pconv_g</name>
         <load_address>0x2738</load_address>
         <run_address>0x2738</run_address>
         <size>0x1d0</size>
         <input_file_ref idref="fl-c6"/>
      </object_component>
      <object_component id="oc-2db">
         <name>.text</name>
         <load_address>0x2908</load_address>
         <run_address>0x2908</run_address>
         <size>0x1b6</size>
         <input_file_ref idref="fl-d0"/>
      </object_component>
      <object_component id="oc-363">
         <name>.text</name>
         <load_address>0x2abe</load_address>
         <run_address>0x2abe</run_address>
         <size>0x2</size>
         <input_file_ref idref="fl-ef"/>
      </object_component>
      <object_component id="oc-73">
         <name>.text</name>
         <load_address>0x2ac0</load_address>
         <run_address>0x2ac0</run_address>
         <size>0x190</size>
         <input_file_ref idref="fl-8"/>
      </object_component>
      <object_component id="oc-6d">
         <name>.text</name>
         <load_address>0x2c50</load_address>
         <run_address>0x2c50</run_address>
         <size>0x17c</size>
         <input_file_ref idref="fl-3"/>
      </object_component>
      <object_component id="oc-23e">
         <name>.text:_pconv_e</name>
         <load_address>0x2dcc</load_address>
         <run_address>0x2dcc</run_address>
         <size>0x13c</size>
         <input_file_ref idref="fl-c6"/>
      </object_component>
      <object_component id="oc-2c1">
         <name>.text</name>
         <load_address>0x2f08</load_address>
         <run_address>0x2f08</run_address>
         <size>0x136</size>
         <input_file_ref idref="fl-d2"/>
      </object_component>
      <object_component id="oc-2ed">
         <name>.text:fcvt</name>
         <load_address>0x3040</load_address>
         <run_address>0x3040</run_address>
         <size>0x124</size>
         <input_file_ref idref="fl-c6"/>
      </object_component>
      <object_component id="oc-276">
         <name>.text:fputs</name>
         <load_address>0x3164</load_address>
         <run_address>0x3164</run_address>
         <size>0x114</size>
         <input_file_ref idref="fl-c9"/>
      </object_component>
      <object_component id="oc-301">
         <name>.text:scalbn</name>
         <load_address>0x3278</load_address>
         <run_address>0x3278</run_address>
         <size>0x110</size>
         <input_file_ref idref="fl-cd"/>
      </object_component>
      <object_component id="oc-2bc">
         <name>.text</name>
         <load_address>0x3388</load_address>
         <run_address>0x3388</run_address>
         <size>0xfc</size>
         <input_file_ref idref="fl-d3"/>
      </object_component>
      <object_component id="oc-40e">
         <name>.text:aligned_alloc</name>
         <load_address>0x3484</load_address>
         <run_address>0x3484</run_address>
         <size>0xf4</size>
         <input_file_ref idref="fl-e3"/>
      </object_component>
      <object_component id="oc-3cc">
         <name>.text:free</name>
         <load_address>0x3578</load_address>
         <run_address>0x3578</run_address>
         <size>0xe8</size>
         <input_file_ref idref="fl-e3"/>
      </object_component>
      <object_component id="oc-39e">
         <name>.text:setvbuf</name>
         <load_address>0x3660</load_address>
         <run_address>0x3660</run_address>
         <size>0xdc</size>
         <input_file_ref idref="fl-cb"/>
      </object_component>
      <object_component id="oc-227">
         <name>.text:_ltostr</name>
         <load_address>0x373c</load_address>
         <run_address>0x373c</run_address>
         <size>0xb1</size>
         <input_file_ref idref="fl-c6"/>
      </object_component>
      <object_component id="oc-37">
         <name>.text</name>
         <load_address>0x37ee</load_address>
         <run_address>0x37ee</run_address>
         <size>0x9c</size>
         <input_file_ref idref="fl-d7"/>
      </object_component>
      <object_component id="oc-2b5">
         <name>.text</name>
         <load_address>0x388a</load_address>
         <run_address>0x388a</run_address>
         <size>0x96</size>
         <input_file_ref idref="fl-ce"/>
      </object_component>
      <object_component id="oc-27d">
         <name>.text:fputc</name>
         <load_address>0x3920</load_address>
         <run_address>0x3920</run_address>
         <size>0x8c</size>
         <input_file_ref idref="fl-c8"/>
      </object_component>
      <object_component id="oc-22d">
         <name>.text:__aeabi_cdcmple</name>
         <load_address>0x39ac</load_address>
         <run_address>0x39ac</run_address>
         <size>0x86</size>
         <input_file_ref idref="fl-d1"/>
      </object_component>
      <object_component id="oc-2c6">
         <name>.text:__aeabi_cdrcmple</name>
         <load_address>0x3a32</load_address>
         <run_address>0x3a32</run_address>
         <size>0x86</size>
         <input_file_ref idref="fl-d1"/>
      </object_component>
      <object_component id="oc-456">
         <name>.text:split</name>
         <load_address>0x3ab8</load_address>
         <run_address>0x3ab8</run_address>
         <size>0x7c</size>
         <input_file_ref idref="fl-e3"/>
      </object_component>
      <object_component id="oc-97">
         <name>.text</name>
         <load_address>0x3b34</load_address>
         <run_address>0x3b34</run_address>
         <size>0x7a</size>
         <input_file_ref idref="fl-cf"/>
      </object_component>
      <object_component id="oc-415">
         <name>.text:__TI_closefile</name>
         <load_address>0x3bb0</load_address>
         <run_address>0x3bb0</run_address>
         <size>0x74</size>
         <input_file_ref idref="fl-fe"/>
      </object_component>
      <object_component id="oc-2e6">
         <name>.text:_mcpy</name>
         <load_address>0x3c24</load_address>
         <run_address>0x3c24</run_address>
         <size>0x6e</size>
         <input_file_ref idref="fl-c6"/>
      </object_component>
      <object_component id="oc-439">
         <name>.text:HOSTlseek</name>
         <load_address>0x3c94</load_address>
         <run_address>0x3c94</run_address>
         <size>0x68</size>
         <input_file_ref idref="fl-f5"/>
      </object_component>
      <object_component id="oc-445">
         <name>.text:HOSTrename</name>
         <load_address>0x3cfc</load_address>
         <run_address>0x3cfc</run_address>
         <size>0x68</size>
         <input_file_ref idref="fl-f8"/>
      </object_component>
      <object_component id="oc-14">
         <name>.text:decompress:lzss:__TI_decompress_lzss</name>
         <load_address>0x3d64</load_address>
         <run_address>0x3d64</run_address>
         <size>0x68</size>
         <input_file_ref idref="fl-da"/>
      </object_component>
      <object_component id="oc-102">
         <name>.text:printf</name>
         <load_address>0x3dcc</load_address>
         <run_address>0x3dcc</run_address>
         <size>0x68</size>
         <input_file_ref idref="fl-c5"/>
      </object_component>
      <object_component id="oc-2fb">
         <name>.text:frexp</name>
         <load_address>0x3e34</load_address>
         <run_address>0x3e34</run_address>
         <size>0x64</size>
         <input_file_ref idref="fl-cc"/>
      </object_component>
      <object_component id="oc-398">
         <name>.text:fseek</name>
         <load_address>0x3e98</load_address>
         <run_address>0x3e98</run_address>
         <size>0x64</size>
         <input_file_ref idref="fl-ee"/>
      </object_component>
      <object_component id="oc-332">
         <name>.text:__TI_wrt_ok</name>
         <load_address>0x3efc</load_address>
         <run_address>0x3efc</run_address>
         <size>0x62</size>
         <input_file_ref idref="fl-ca"/>
      </object_component>
      <object_component id="oc-421">
         <name>.text:HOSTopen</name>
         <load_address>0x3f60</load_address>
         <run_address>0x3f60</run_address>
         <size>0x60</size>
         <input_file_ref idref="fl-f6"/>
      </object_component>
      <object_component id="oc-45d">
         <name>.text:close</name>
         <load_address>0x3fc0</load_address>
         <run_address>0x3fc0</run_address>
         <size>0x5c</size>
         <input_file_ref idref="fl-104"/>
      </object_component>
      <object_component id="oc-42d">
         <name>.text:HOSTread</name>
         <load_address>0x401c</load_address>
         <run_address>0x401c</run_address>
         <size>0x58</size>
         <input_file_ref idref="fl-f7"/>
      </object_component>
      <object_component id="oc-433">
         <name>.text:HOSTwrite</name>
         <load_address>0x4074</load_address>
         <run_address>0x4074</run_address>
         <size>0x58</size>
         <input_file_ref idref="fl-fa"/>
      </object_component>
      <object_component id="oc-f6">
         <name>.text</name>
         <load_address>0x40cc</load_address>
         <run_address>0x40cc</run_address>
         <size>0x58</size>
         <input_file_ref idref="fl-4"/>
      </object_component>
      <object_component id="oc-238">
         <name>.text:_pconv_f</name>
         <load_address>0x4124</load_address>
         <run_address>0x4124</run_address>
         <size>0x56</size>
         <input_file_ref idref="fl-c6"/>
      </object_component>
      <object_component id="oc-2d0">
         <name>.text:ltoa</name>
         <load_address>0x417a</load_address>
         <run_address>0x417a</run_address>
         <size>0x54</size>
         <input_file_ref idref="fl-e0"/>
      </object_component>
      <object_component id="oc-2e0">
         <name>.text:_ecpy</name>
         <load_address>0x41ce</load_address>
         <run_address>0x41ce</run_address>
         <size>0x52</size>
         <input_file_ref idref="fl-c6"/>
      </object_component>
      <object_component id="oc-33e">
         <name>.text:__TI_doflush</name>
         <load_address>0x4220</load_address>
         <run_address>0x4220</run_address>
         <size>0x4c</size>
         <input_file_ref idref="fl-ec"/>
      </object_component>
      <object_component id="oc-221">
         <name>.text:atoi</name>
         <load_address>0x426c</load_address>
         <run_address>0x426c</run_address>
         <size>0x4c</size>
         <input_file_ref idref="fl-dd"/>
      </object_component>
      <object_component id="oc-143">
         <name>.text:exit</name>
         <load_address>0x42b8</load_address>
         <run_address>0x42b8</run_address>
         <size>0x48</size>
         <input_file_ref idref="fl-db"/>
      </object_component>
      <object_component id="oc-2cb">
         <name>.text</name>
         <load_address>0x4300</load_address>
         <run_address>0x4300</run_address>
         <size>0x48</size>
         <input_file_ref idref="fl-d4"/>
      </object_component>
      <object_component id="oc-427">
         <name>.text:HOSTclose</name>
         <load_address>0x4348</load_address>
         <run_address>0x4348</run_address>
         <size>0x44</size>
         <input_file_ref idref="fl-f4"/>
      </object_component>
      <object_component id="oc-43f">
         <name>.text:HOSTunlink</name>
         <load_address>0x438c</load_address>
         <run_address>0x438c</run_address>
         <size>0x44</size>
         <input_file_ref idref="fl-f9"/>
      </object_component>
      <object_component id="oc-149">
         <name>.text:__TI_auto_init_nobinit_nopinit:__TI_auto_init_nobinit_nopinit</name>
         <load_address>0x43d0</load_address>
         <run_address>0x43d0</run_address>
         <size>0x44</size>
         <input_file_ref idref="fl-f0"/>
      </object_component>
      <object_component id="oc-495">
         <name>.text:getdevice</name>
         <load_address>0x4414</load_address>
         <run_address>0x4414</run_address>
         <size>0x44</size>
         <input_file_ref idref="fl-ff"/>
      </object_component>
      <object_component id="oc-113">
         <name>.text:sprintf</name>
         <load_address>0x4458</load_address>
         <run_address>0x4458</run_address>
         <size>0x40</size>
         <input_file_ref idref="fl-c7"/>
      </object_component>
      <object_component id="oc-2f3">
         <name>.text:_fcpy</name>
         <load_address>0x4498</load_address>
         <run_address>0x4498</run_address>
         <size>0x3e</size>
         <input_file_ref idref="fl-c6"/>
      </object_component>
      <object_component id="oc-46e">
         <name>.text:__TI_writemsg</name>
         <load_address>0x44d8</load_address>
         <run_address>0x44d8</run_address>
         <size>0x38</size>
         <input_file_ref idref="fl-fb"/>
      </object_component>
      <object_component id="oc-10e">
         <name>.text</name>
         <load_address>0x4510</load_address>
         <run_address>0x4510</run_address>
         <size>0x38</size>
         <input_file_ref idref="fl-d5"/>
      </object_component>
      <object_component id="oc-4b7">
         <name>.text:strncpy</name>
         <load_address>0x4548</load_address>
         <run_address>0x4548</run_address>
         <size>0x36</size>
         <input_file_ref idref="fl-102"/>
      </object_component>
      <object_component id="oc-3d8">
         <name>.text:__TI_cleanup</name>
         <load_address>0x4580</load_address>
         <run_address>0x4580</run_address>
         <size>0x34</size>
         <input_file_ref idref="fl-ed"/>
      </object_component>
      <object_component id="oc-474">
         <name>.text:__TI_readmsg</name>
         <load_address>0x45b4</load_address>
         <run_address>0x45b4</run_address>
         <size>0x34</size>
         <input_file_ref idref="fl-fb"/>
      </object_component>
      <object_component id="oc-55">
         <name>.text:_c_int00_noargs:_c_int00_noargs</name>
         <load_address>0x45e8</load_address>
         <run_address>0x45e8</run_address>
         <size>0x34</size>
         <input_file_ref idref="fl-e8"/>
      </object_component>
      <object_component id="oc-4bd">
         <name>.text:finddevice</name>
         <load_address>0x461c</load_address>
         <run_address>0x461c</run_address>
         <size>0x30</size>
         <input_file_ref idref="fl-ff"/>
      </object_component>
      <object_component id="oc-2d6">
         <name>.text</name>
         <load_address>0x464c</load_address>
         <run_address>0x464c</run_address>
         <size>0x2e</size>
         <input_file_ref idref="fl-d6"/>
      </object_component>
      <object_component id="oc-463">
         <name>.text:unlink</name>
         <load_address>0x467c</load_address>
         <run_address>0x467c</run_address>
         <size>0x2c</size>
         <input_file_ref idref="fl-105"/>
      </object_component>
      <object_component id="oc-407">
         <name>.text:free_list_insert</name>
         <load_address>0x46a8</load_address>
         <run_address>0x46a8</run_address>
         <size>0x28</size>
         <input_file_ref idref="fl-e3"/>
      </object_component>
      <object_component id="oc-3c4">
         <name>.text:lseek</name>
         <load_address>0x46d0</load_address>
         <run_address>0x46d0</run_address>
         <size>0x28</size>
         <input_file_ref idref="fl-fd"/>
      </object_component>
      <object_component id="oc-344">
         <name>.text:write</name>
         <load_address>0x46f8</load_address>
         <run_address>0x46f8</run_address>
         <size>0x28</size>
         <input_file_ref idref="fl-e6"/>
      </object_component>
      <object_component id="oc-338">
         <name>.text:memchr</name>
         <load_address>0x4720</load_address>
         <run_address>0x4720</run_address>
         <size>0x20</size>
         <input_file_ref idref="fl-e2"/>
      </object_component>
      <object_component id="oc-43">
         <name>.text:decompress:ZI:__TI_zero_init_nomemset:__TI_zero_init_nomemset</name>
         <load_address>0x4740</load_address>
         <run_address>0x4740</run_address>
         <size>0x1c</size>
         <input_file_ref idref="fl-d8"/>
      </object_component>
      <object_component id="oc-401">
         <name>.text:free_list_remove</name>
         <load_address>0x475c</load_address>
         <run_address>0x475c</run_address>
         <size>0x1c</size>
         <input_file_ref idref="fl-e3"/>
      </object_component>
      <object_component id="oc-24a">
         <name>.text:memccpy</name>
         <load_address>0x4778</load_address>
         <run_address>0x4778</run_address>
         <size>0x1c</size>
         <input_file_ref idref="fl-e1"/>
      </object_component>
      <object_component id="oc-37c">
         <name>.text:copysign</name>
         <load_address>0x4794</load_address>
         <run_address>0x4794</run_address>
         <size>0x1a</size>
         <input_file_ref idref="fl-eb"/>
      </object_component>
      <object_component id="oc-1d1">
         <name>.text:_outs</name>
         <load_address>0x47ae</load_address>
         <run_address>0x47ae</run_address>
         <size>0x18</size>
         <input_file_ref idref="fl-c7"/>
      </object_component>
      <object_component id="oc-4d4">
         <name>.text:strcmp</name>
         <load_address>0x47c6</load_address>
         <run_address>0x47c6</run_address>
         <size>0x18</size>
         <input_file_ref idref="fl-100"/>
      </object_component>
      <object_component id="oc-307">
         <name>.text:strchr</name>
         <load_address>0x47de</load_address>
         <run_address>0x47de</run_address>
         <size>0x16</size>
         <input_file_ref idref="fl-e4"/>
      </object_component>
      <object_component id="oc-488">
         <name>.text:strcpy</name>
         <load_address>0x47f4</load_address>
         <run_address>0x47f4</run_address>
         <size>0x14</size>
         <input_file_ref idref="fl-101"/>
      </object_component>
      <object_component id="oc-21b">
         <name>.text:strlen</name>
         <load_address>0x4808</load_address>
         <run_address>0x4808</run_address>
         <size>0x14</size>
         <input_file_ref idref="fl-e5"/>
      </object_component>
      <object_component id="oc-250">
         <name>.text:wcslen</name>
         <load_address>0x481c</load_address>
         <run_address>0x481c</run_address>
         <size>0x12</size>
         <input_file_ref idref="fl-ea"/>
      </object_component>
      <object_component id="oc-1a">
         <name>.text:decompress:none:__TI_decompress_none</name>
         <load_address>0x482e</load_address>
         <run_address>0x482e</run_address>
         <size>0xe</size>
         <input_file_ref idref="fl-d9"/>
      </object_component>
      <object_component id="oc-67">
         <name>.text</name>
         <load_address>0x483c</load_address>
         <run_address>0x483c</run_address>
         <size>0xe</size>
         <input_file_ref idref="fl-9"/>
      </object_component>
      <object_component id="oc-1d7">
         <name>.text:_outc</name>
         <load_address>0x484a</load_address>
         <run_address>0x484a</run_address>
         <size>0xa</size>
         <input_file_ref idref="fl-c7"/>
      </object_component>
      <object_component id="oc-256">
         <name>.text:__aeabi_errno_addr</name>
         <load_address>0x4854</load_address>
         <run_address>0x4854</run_address>
         <size>0x8</size>
         <input_file_ref idref="fl-e9"/>
      </object_component>
      <object_component id="oc-3d2">
         <name>.text:malloc</name>
         <load_address>0x485c</load_address>
         <run_address>0x485c</run_address>
         <size>0x8</size>
         <input_file_ref idref="fl-e3"/>
      </object_component>
      <object_component id="oc-1ac">
         <name>.text:_outc</name>
         <load_address>0x4864</load_address>
         <run_address>0x4864</run_address>
         <size>0x4</size>
         <input_file_ref idref="fl-c5"/>
      </object_component>
      <object_component id="oc-1a6">
         <name>.text:_outs</name>
         <load_address>0x4868</load_address>
         <run_address>0x4868</run_address>
         <size>0x4</size>
         <input_file_ref idref="fl-c5"/>
      </object_component>
      <object_component id="oc-9d">
         <name>.text:_system_pre_init</name>
         <load_address>0x486c</load_address>
         <run_address>0x486c</run_address>
         <size>0x4</size>
         <input_file_ref idref="fl-f1"/>
      </object_component>
      <object_component id="oc-13d">
         <name>.text:abort:abort</name>
         <load_address>0x4870</load_address>
         <run_address>0x4870</run_address>
         <size>0x4</size>
         <input_file_ref idref="fl-db"/>
      </object_component>
      <object_component id="oc-2b0">
         <name>.const:.string:_ctypes_</name>
         <load_address>0x4874</load_address>
         <run_address>0x4874</run_address>
         <size>0x101</size>
         <input_file_ref idref="fl-de"/>
      </object_component>
      <object_component id="oc-131">
         <name>.const:.string:$P$T8$9</name>
         <load_address>0x4975</load_address>
         <run_address>0x4975</run_address>
         <size>0xd</size>
         <input_file_ref idref="fl-5"/>
      </object_component>
      <object_component id="oc-11f">
         <name>.const:.string:$P$T2$3</name>
         <load_address>0x4982</load_address>
         <run_address>0x4982</run_address>
         <size>0x9</size>
         <input_file_ref idref="fl-5"/>
      </object_component>
      <object_component id="oc-12b">
         <name>.const:.string:$P$T6$7</name>
         <load_address>0x498b</load_address>
         <run_address>0x498b</run_address>
         <size>0x8</size>
         <input_file_ref idref="fl-5"/>
      </object_component>
      <object_component id="oc-119">
         <name>.const:.string:$P$T0$1</name>
         <load_address>0x4993</load_address>
         <run_address>0x4993</run_address>
         <size>0x7</size>
         <input_file_ref idref="fl-5"/>
      </object_component>
      <object_component id="oc-125">
         <name>.const:.string:$P$T4$5</name>
         <load_address>0x499a</load_address>
         <run_address>0x499a</run_address>
         <size>0x7</size>
         <input_file_ref idref="fl-5"/>
      </object_component>
      <object_component id="oc-122">
         <name>.const:.string:$P$T3$4</name>
         <load_address>0x49a1</load_address>
         <run_address>0x49a1</run_address>
         <size>0x6</size>
         <input_file_ref idref="fl-5"/>
      </object_component>
      <object_component id="oc-134">
         <name>.const:.string:$P$T9$10</name>
         <load_address>0x49a7</load_address>
         <run_address>0x49a7</run_address>
         <size>0x6</size>
         <input_file_ref idref="fl-5"/>
      </object_component>
      <object_component id="oc-12e">
         <name>.const:.string:$P$T7$8</name>
         <load_address>0x49ad</load_address>
         <run_address>0x49ad</run_address>
         <size>0x5</size>
         <input_file_ref idref="fl-5"/>
      </object_component>
      <object_component id="oc-11c">
         <name>.const:.string:$P$T1$2</name>
         <load_address>0x49b2</load_address>
         <run_address>0x49b2</run_address>
         <size>0x4</size>
         <input_file_ref idref="fl-5"/>
      </object_component>
      <object_component id="oc-128">
         <name>.const:.string:$P$T5$6</name>
         <load_address>0x49b6</load_address>
         <run_address>0x49b6</run_address>
         <size>0x4</size>
         <input_file_ref idref="fl-5"/>
      </object_component>
      <object_component id="oc-1c2">
         <name>.const:.string:$P$T1$2</name>
         <load_address>0x49ba</load_address>
         <run_address>0x49ba</run_address>
         <size>0x2</size>
         <input_file_ref idref="fl-7"/>
      </object_component>
      <object_component id="oc-1bf">
         <name>.const:.string:$P$T0$1</name>
         <load_address>0x49bc</load_address>
         <run_address>0x49bc</run_address>
         <size>0x1</size>
         <input_file_ref idref="fl-7"/>
      </object_component>
      <object_component id="oc-512">
         <name>.cinit..data.load</name>
         <load_address>0x49c0</load_address>
         <run_address>0x49c0</run_address>
         <size>0x70</size>
      </object_component>
      <object_component id="oc-510">
         <name>__TI_handler_table</name>
         <load_address>0x4a30</load_address>
         <run_address>0x4a30</run_address>
         <size>0xc</size>
      </object_component>
      <object_component id="oc-513">
         <name>.cinit..bss.load</name>
         <load_address>0x4a40</load_address>
         <run_address>0x4a40</run_address>
         <size>0x8</size>
      </object_component>
      <object_component id="oc-511">
         <name>__TI_cinit_table</name>
         <load_address>0x4a48</load_address>
         <run_address>0x4a48</run_address>
         <size>0x10</size>
      </object_component>
      <object_component id="oc-4e5">
         <name>.binit</name>
         <load_address>0x0</load_address>
         <run_address>0x0</run_address>
         <size>0x0</size>
      </object_component>
      <object_component id="oc-bc">
         <name>.data</name>
         <load_address>0x200008b8</load_address>
         <run_address>0x200008b8</run_address>
         <size>0x2</size>
         <input_file_ref idref="fl-3"/>
      </object_component>
      <object_component id="oc-ce">
         <name>.data</name>
         <load_address>0x200008ba</load_address>
         <run_address>0x200008ba</run_address>
         <size>0x2</size>
         <input_file_ref idref="fl-5"/>
      </object_component>
      <object_component id="oc-17b">
         <name>.data</name>
         <load_address>0x200008b4</load_address>
         <run_address>0x200008b4</run_address>
         <size>0x4</size>
         <input_file_ref idref="fl-a"/>
      </object_component>
      <object_component id="oc-1f9">
         <name>.data:$O1$$</name>
         <load_address>0x20000894</load_address>
         <run_address>0x20000894</run_address>
         <size>0xc</size>
         <input_file_ref idref="fl-db"/>
      </object_component>
      <object_component id="oc-1a0">
         <name>.data:$O1$$</name>
         <load_address>0x200008a0</load_address>
         <run_address>0x200008a0</run_address>
         <size>0x8</size>
         <input_file_ref idref="fl-dc"/>
      </object_component>
      <object_component id="oc-1a3">
         <name>.data:_ftable</name>
         <load_address>0x200006cc</load_address>
         <run_address>0x200006cc</run_address>
         <size>0xf0</size>
         <input_file_ref idref="fl-df"/>
      </object_component>
      <object_component id="oc-41b">
         <name>.data</name>
         <load_address>0x20000884</load_address>
         <run_address>0x20000884</run_address>
         <size>0x10</size>
         <input_file_ref idref="fl-df"/>
      </object_component>
      <object_component id="oc-451">
         <name>.data:$O1$$</name>
         <load_address>0x200008a8</load_address>
         <run_address>0x200008a8</run_address>
         <size>0x8</size>
         <input_file_ref idref="fl-e3"/>
      </object_component>
      <object_component id="oc-3eb">
         <name>.data:_device</name>
         <load_address>0x200007bc</load_address>
         <run_address>0x200007bc</run_address>
         <size>0x78</size>
         <input_file_ref idref="fl-e7"/>
      </object_component>
      <object_component id="oc-3aa">
         <name>.data:_stream</name>
         <load_address>0x20000834</load_address>
         <run_address>0x20000834</run_address>
         <size>0x50</size>
         <input_file_ref idref="fl-e7"/>
      </object_component>
      <object_component id="oc-317">
         <name>.data</name>
         <load_address>0x200008b0</load_address>
         <run_address>0x200008b0</run_address>
         <size>0x4</size>
         <input_file_ref idref="fl-e9"/>
      </object_component>
      <object_component id="oc-49f">
         <name>.bss:_CIOBUF_</name>
         <uninitialized>true</uninitialized>
         <run_address>0x20000400</run_address>
         <size>0x120</size>
         <input_file_ref idref="fl-fb"/>
      </object_component>
      <object_component id="oc-cd">
         <name>.common:dataEx</name>
         <uninitialized>true</uninitialized>
         <run_address>0x20000520</run_address>
         <size>0x100</size>
      </object_component>
      <object_component id="oc-ca">
         <name>.common:lastVar</name>
         <uninitialized>true</uninitialized>
         <run_address>0x200006c8</run_address>
         <size>0x1</size>
      </object_component>
      <object_component id="oc-469">
         <name>.common:__TI_tmpnams</name>
         <uninitialized>true</uninitialized>
         <run_address>0x20000620</run_address>
         <size>0xa0</size>
      </object_component>
      <object_component id="oc-47a">
         <name>.common:parmbuf</name>
         <uninitialized>true</uninitialized>
         <run_address>0x200006c0</run_address>
         <size>0x8</size>
      </object_component>
      <object_component id="oc-26">
         <name>.sysmem</name>
         <uninitialized>true</uninitialized>
         <run_address>0x20000000</run_address>
         <size>0x10</size>
         <input_file_ref idref="fl-e3"/>
      </object_component>
      <object_component id="oc-515">
         <name>.sysmem</name>
         <uninitialized>true</uninitialized>
         <run_address>0x20000000</run_address>
         <size>0x0</size>
      </object_component>
      <object_component id="oc-29">
         <name>.stack</name>
         <uninitialized>true</uninitialized>
         <run_address>0x2000fe00</run_address>
         <size>0x4</size>
         <input_file_ref idref="fl-e8"/>
      </object_component>
      <object_component id="oc-514">
         <name>.stack</name>
         <uninitialized>true</uninitialized>
         <run_address>0x2000fe00</run_address>
         <size>0x0</size>
      </object_component>
      <object_component id="oc-187">
         <name>.debug_info</name>
         <load_address>0x0</load_address>
         <run_address>0x0</run_address>
         <size>0x54d</size>
         <input_file_ref idref="fl-2"/>
      </object_component>
      <object_component id="oc-ff">
         <name>.debug_info</name>
         <load_address>0x54d</load_address>
         <run_address>0x54d</run_address>
         <size>0x6e3</size>
         <input_file_ref idref="fl-2"/>
      </object_component>
      <object_component id="oc-c5">
         <name>.debug_info</name>
         <load_address>0xc30</load_address>
         <run_address>0xc30</run_address>
         <size>0x37e2</size>
         <input_file_ref idref="fl-2"/>
      </object_component>
      <object_component id="oc-d5">
         <name>.debug_info</name>
         <load_address>0x4412</load_address>
         <run_address>0x4412</run_address>
         <size>0x26b</size>
         <input_file_ref idref="fl-2"/>
      </object_component>
      <object_component id="oc-18f">
         <name>.debug_info</name>
         <load_address>0x467d</load_address>
         <run_address>0x467d</run_address>
         <size>0x1055</size>
         <input_file_ref idref="fl-2"/>
      </object_component>
      <object_component id="oc-32">
         <name>.debug_info</name>
         <load_address>0x56d2</load_address>
         <run_address>0x56d2</run_address>
         <size>0x84</size>
         <input_file_ref idref="fl-2"/>
      </object_component>
      <object_component id="oc-182">
         <name>.debug_info</name>
         <load_address>0x5756</load_address>
         <run_address>0x5756</run_address>
         <size>0x297</size>
         <input_file_ref idref="fl-2"/>
      </object_component>
      <object_component id="oc-c0">
         <name>.debug_info</name>
         <load_address>0x59ed</load_address>
         <run_address>0x59ed</run_address>
         <size>0xbb</size>
         <input_file_ref idref="fl-2"/>
      </object_component>
      <object_component id="oc-ed">
         <name>.debug_info</name>
         <load_address>0x5aa8</load_address>
         <run_address>0x5aa8</run_address>
         <size>0x2c</size>
         <input_file_ref idref="fl-2"/>
      </object_component>
      <object_component id="oc-1f3">
         <name>.debug_info</name>
         <load_address>0x5ad4</load_address>
         <run_address>0x5ad4</run_address>
         <size>0x2c</size>
         <input_file_ref idref="fl-2"/>
      </object_component>
      <object_component id="oc-1b4">
         <name>.debug_info</name>
         <load_address>0x5b00</load_address>
         <run_address>0x5b00</run_address>
         <size>0x2c</size>
         <input_file_ref idref="fl-2"/>
      </object_component>
      <object_component id="oc-1c7">
         <name>.debug_info</name>
         <load_address>0x5b2c</load_address>
         <run_address>0x5b2c</run_address>
         <size>0x7d</size>
         <input_file_ref idref="fl-2"/>
      </object_component>
      <object_component id="oc-181">
         <name>.debug_info</name>
         <load_address>0x5ba9</load_address>
         <run_address>0x5ba9</run_address>
         <size>0x527</size>
         <input_file_ref idref="fl-3"/>
      </object_component>
      <object_component id="oc-bd">
         <name>.debug_info</name>
         <load_address>0x60d0</load_address>
         <run_address>0x60d0</run_address>
         <size>0xdf</size>
         <input_file_ref idref="fl-3"/>
      </object_component>
      <object_component id="oc-6f">
         <name>.debug_info</name>
         <load_address>0x61af</load_address>
         <run_address>0x61af</run_address>
         <size>0x512</size>
         <input_file_ref idref="fl-3"/>
      </object_component>
      <object_component id="oc-f8">
         <name>.debug_info</name>
         <load_address>0x66c1</load_address>
         <run_address>0x66c1</run_address>
         <size>0x150</size>
         <input_file_ref idref="fl-4"/>
      </object_component>
      <object_component id="oc-cb">
         <name>.debug_info</name>
         <load_address>0x6811</load_address>
         <run_address>0x6811</run_address>
         <size>0x904</size>
         <input_file_ref idref="fl-5"/>
      </object_component>
      <object_component id="oc-cf">
         <name>.debug_info</name>
         <load_address>0x7115</load_address>
         <run_address>0x7115</run_address>
         <size>0xc7</size>
         <input_file_ref idref="fl-5"/>
      </object_component>
      <object_component id="oc-11a">
         <name>.debug_info</name>
         <load_address>0x71dc</load_address>
         <run_address>0x71dc</run_address>
         <size>0xc6</size>
         <input_file_ref idref="fl-5"/>
      </object_component>
      <object_component id="oc-11d">
         <name>.debug_info</name>
         <load_address>0x72a2</load_address>
         <run_address>0x72a2</run_address>
         <size>0xc6</size>
         <input_file_ref idref="fl-5"/>
      </object_component>
      <object_component id="oc-120">
         <name>.debug_info</name>
         <load_address>0x7368</load_address>
         <run_address>0x7368</run_address>
         <size>0xc6</size>
         <input_file_ref idref="fl-5"/>
      </object_component>
      <object_component id="oc-123">
         <name>.debug_info</name>
         <load_address>0x742e</load_address>
         <run_address>0x742e</run_address>
         <size>0xc6</size>
         <input_file_ref idref="fl-5"/>
      </object_component>
      <object_component id="oc-126">
         <name>.debug_info</name>
         <load_address>0x74f4</load_address>
         <run_address>0x74f4</run_address>
         <size>0xc6</size>
         <input_file_ref idref="fl-5"/>
      </object_component>
      <object_component id="oc-129">
         <name>.debug_info</name>
         <load_address>0x75ba</load_address>
         <run_address>0x75ba</run_address>
         <size>0xc6</size>
         <input_file_ref idref="fl-5"/>
      </object_component>
      <object_component id="oc-12c">
         <name>.debug_info</name>
         <load_address>0x7680</load_address>
         <run_address>0x7680</run_address>
         <size>0xc6</size>
         <input_file_ref idref="fl-5"/>
      </object_component>
      <object_component id="oc-12f">
         <name>.debug_info</name>
         <load_address>0x7746</load_address>
         <run_address>0x7746</run_address>
         <size>0xc6</size>
         <input_file_ref idref="fl-5"/>
      </object_component>
      <object_component id="oc-132">
         <name>.debug_info</name>
         <load_address>0x780c</load_address>
         <run_address>0x780c</run_address>
         <size>0xc6</size>
         <input_file_ref idref="fl-5"/>
      </object_component>
      <object_component id="oc-135">
         <name>.debug_info</name>
         <load_address>0x78d2</load_address>
         <run_address>0x78d2</run_address>
         <size>0xc8</size>
         <input_file_ref idref="fl-5"/>
      </object_component>
      <object_component id="oc-a4">
         <name>.debug_info</name>
         <load_address>0x799a</load_address>
         <run_address>0x799a</run_address>
         <size>0x94e</size>
         <input_file_ref idref="fl-5"/>
      </object_component>
      <object_component id="oc-18a">
         <name>.debug_info</name>
         <load_address>0x82e8</load_address>
         <run_address>0x82e8</run_address>
         <size>0x37e2</size>
         <input_file_ref idref="fl-5"/>
      </object_component>
      <object_component id="oc-138">
         <name>.debug_info</name>
         <load_address>0xbaca</load_address>
         <run_address>0xbaca</run_address>
         <size>0xf5</size>
         <input_file_ref idref="fl-5"/>
      </object_component>
      <object_component id="oc-28c">
         <name>.debug_info</name>
         <load_address>0xbbbf</load_address>
         <run_address>0xbbbf</run_address>
         <size>0x612</size>
         <input_file_ref idref="fl-6"/>
      </object_component>
      <object_component id="oc-1bd">
         <name>.debug_info</name>
         <load_address>0xc1d1</load_address>
         <run_address>0xc1d1</run_address>
         <size>0xadc</size>
         <input_file_ref idref="fl-6"/>
      </object_component>
      <object_component id="oc-1c6">
         <name>.debug_info</name>
         <load_address>0xccad</load_address>
         <run_address>0xccad</run_address>
         <size>0x398</size>
         <input_file_ref idref="fl-7"/>
      </object_component>
      <object_component id="oc-1c0">
         <name>.debug_info</name>
         <load_address>0xd045</load_address>
         <run_address>0xd045</run_address>
         <size>0xc7</size>
         <input_file_ref idref="fl-7"/>
      </object_component>
      <object_component id="oc-1c3">
         <name>.debug_info</name>
         <load_address>0xd10c</load_address>
         <run_address>0xd10c</run_address>
         <size>0xc7</size>
         <input_file_ref idref="fl-7"/>
      </object_component>
      <object_component id="oc-10a">
         <name>.debug_info</name>
         <load_address>0xd1d3</load_address>
         <run_address>0xd1d3</run_address>
         <size>0xa5e</size>
         <input_file_ref idref="fl-7"/>
      </object_component>
      <object_component id="oc-1cc">
         <name>.debug_info</name>
         <load_address>0xdc31</load_address>
         <run_address>0xdc31</run_address>
         <size>0x65</size>
         <input_file_ref idref="fl-7"/>
      </object_component>
      <object_component id="oc-d2">
         <name>.debug_info</name>
         <load_address>0xdc96</load_address>
         <run_address>0xdc96</run_address>
         <size>0x586</size>
         <input_file_ref idref="fl-8"/>
      </object_component>
      <object_component id="oc-75">
         <name>.debug_info</name>
         <load_address>0xe21c</load_address>
         <run_address>0xe21c</run_address>
         <size>0x4c5</size>
         <input_file_ref idref="fl-8"/>
      </object_component>
      <object_component id="oc-7b">
         <name>.debug_info</name>
         <load_address>0xe6e1</load_address>
         <run_address>0xe6e1</run_address>
         <size>0x2c0</size>
         <input_file_ref idref="fl-9"/>
      </object_component>
      <object_component id="oc-24">
         <name>.debug_info</name>
         <load_address>0xe9a1</load_address>
         <run_address>0xe9a1</run_address>
         <size>0xec</size>
         <input_file_ref idref="fl-9"/>
      </object_component>
      <object_component id="oc-69">
         <name>.debug_info</name>
         <load_address>0xea8d</load_address>
         <run_address>0xea8d</run_address>
         <size>0x1b3</size>
         <input_file_ref idref="fl-9"/>
      </object_component>
      <object_component id="oc-17c">
         <name>.debug_info</name>
         <load_address>0xec40</load_address>
         <run_address>0xec40</run_address>
         <size>0xe5</size>
         <input_file_ref idref="fl-a"/>
      </object_component>
      <object_component id="oc-b7">
         <name>.debug_info</name>
         <load_address>0xed25</load_address>
         <run_address>0xed25</run_address>
         <size>0x257</size>
         <input_file_ref idref="fl-a"/>
      </object_component>
      <object_component id="oc-1b3">
         <name>.debug_info</name>
         <load_address>0xef7c</load_address>
         <run_address>0xef7c</run_address>
         <size>0x3e6</size>
         <input_file_ref idref="fl-c5"/>
      </object_component>
      <object_component id="oc-1ae">
         <name>.debug_info</name>
         <load_address>0xf362</load_address>
         <run_address>0xf362</run_address>
         <size>0x158</size>
         <input_file_ref idref="fl-c5"/>
      </object_component>
      <object_component id="oc-1a9">
         <name>.debug_info</name>
         <load_address>0xf4ba</load_address>
         <run_address>0xf4ba</run_address>
         <size>0x167</size>
         <input_file_ref idref="fl-c5"/>
      </object_component>
      <object_component id="oc-103">
         <name>.debug_info</name>
         <load_address>0xf621</load_address>
         <run_address>0xf621</run_address>
         <size>0x1ad</size>
         <input_file_ref idref="fl-c5"/>
      </object_component>
      <object_component id="oc-286">
         <name>.debug_info</name>
         <load_address>0xf7ce</load_address>
         <run_address>0xf7ce</run_address>
         <size>0xb2</size>
         <input_file_ref idref="fl-c5"/>
      </object_component>
      <object_component id="oc-25d">
         <name>.debug_info</name>
         <load_address>0xf880</load_address>
         <run_address>0xf880</run_address>
         <size>0x57c</size>
         <input_file_ref idref="fl-c6"/>
      </object_component>
      <object_component id="oc-229">
         <name>.debug_info</name>
         <load_address>0xfdfc</load_address>
         <run_address>0xfdfc</run_address>
         <size>0x21f</size>
         <input_file_ref idref="fl-c6"/>
      </object_component>
      <object_component id="oc-2e2">
         <name>.debug_info</name>
         <load_address>0x1001b</load_address>
         <run_address>0x1001b</run_address>
         <size>0x1b4</size>
         <input_file_ref idref="fl-c6"/>
      </object_component>
      <object_component id="oc-2e8">
         <name>.debug_info</name>
         <load_address>0x101cf</load_address>
         <run_address>0x101cf</run_address>
         <size>0x21c</size>
         <input_file_ref idref="fl-c6"/>
      </object_component>
      <object_component id="oc-234">
         <name>.debug_info</name>
         <load_address>0x103eb</load_address>
         <run_address>0x103eb</run_address>
         <size>0x3bc</size>
         <input_file_ref idref="fl-c6"/>
      </object_component>
      <object_component id="oc-2ef">
         <name>.debug_info</name>
         <load_address>0x107a7</load_address>
         <run_address>0x107a7</run_address>
         <size>0x306</size>
         <input_file_ref idref="fl-c6"/>
      </object_component>
      <object_component id="oc-2f5">
         <name>.debug_info</name>
         <load_address>0x10aad</load_address>
         <run_address>0x10aad</run_address>
         <size>0x216</size>
         <input_file_ref idref="fl-c6"/>
      </object_component>
      <object_component id="oc-23a">
         <name>.debug_info</name>
         <load_address>0x10cc3</load_address>
         <run_address>0x10cc3</run_address>
         <size>0x216</size>
         <input_file_ref idref="fl-c6"/>
      </object_component>
      <object_component id="oc-240">
         <name>.debug_info</name>
         <load_address>0x10ed9</load_address>
         <run_address>0x10ed9</run_address>
         <size>0x305</size>
         <input_file_ref idref="fl-c6"/>
      </object_component>
      <object_component id="oc-246">
         <name>.debug_info</name>
         <load_address>0x111de</load_address>
         <run_address>0x111de</run_address>
         <size>0x4b1</size>
         <input_file_ref idref="fl-c6"/>
      </object_component>
      <object_component id="oc-19c">
         <name>.debug_info</name>
         <load_address>0x1168f</load_address>
         <run_address>0x1168f</run_address>
         <size>0x5f5</size>
         <input_file_ref idref="fl-c6"/>
      </object_component>
      <object_component id="oc-25e">
         <name>.debug_info</name>
         <load_address>0x11c84</load_address>
         <run_address>0x11c84</run_address>
         <size>0x86</size>
         <input_file_ref idref="fl-c6"/>
      </object_component>
      <object_component id="oc-323">
         <name>.debug_info</name>
         <load_address>0x11d0a</load_address>
         <run_address>0x11d0a</run_address>
         <size>0x39</size>
         <input_file_ref idref="fl-c6"/>
      </object_component>
      <object_component id="oc-393">
         <name>.debug_info</name>
         <load_address>0x11d43</load_address>
         <run_address>0x11d43</run_address>
         <size>0xb6</size>
         <input_file_ref idref="fl-c6"/>
      </object_component>
      <object_component id="oc-328">
         <name>.debug_info</name>
         <load_address>0x11df9</load_address>
         <run_address>0x11df9</run_address>
         <size>0x46</size>
         <input_file_ref idref="fl-c6"/>
      </object_component>
      <object_component id="oc-263">
         <name>.debug_info</name>
         <load_address>0x11e3f</load_address>
         <run_address>0x11e3f</run_address>
         <size>0x46</size>
         <input_file_ref idref="fl-c6"/>
      </object_component>
      <object_component id="oc-31e">
         <name>.debug_info</name>
         <load_address>0x11e85</load_address>
         <run_address>0x11e85</run_address>
         <size>0x2c</size>
         <input_file_ref idref="fl-c6"/>
      </object_component>
      <object_component id="oc-1de">
         <name>.debug_info</name>
         <load_address>0x11eb1</load_address>
         <run_address>0x11eb1</run_address>
         <size>0x334</size>
         <input_file_ref idref="fl-c7"/>
      </object_component>
      <object_component id="oc-116">
         <name>.debug_info</name>
         <load_address>0x121e5</load_address>
         <run_address>0x121e5</run_address>
         <size>0x1d2</size>
         <input_file_ref idref="fl-c7"/>
      </object_component>
      <object_component id="oc-1d4">
         <name>.debug_info</name>
         <load_address>0x123b7</load_address>
         <run_address>0x123b7</run_address>
         <size>0x18e</size>
         <input_file_ref idref="fl-c7"/>
      </object_component>
      <object_component id="oc-1db">
         <name>.debug_info</name>
         <load_address>0x12545</load_address>
         <run_address>0x12545</run_address>
         <size>0x16e</size>
         <input_file_ref idref="fl-c7"/>
      </object_component>
      <object_component id="oc-34d">
         <name>.debug_info</name>
         <load_address>0x126b3</load_address>
         <run_address>0x126b3</run_address>
         <size>0x384</size>
         <input_file_ref idref="fl-c8"/>
      </object_component>
      <object_component id="oc-280">
         <name>.debug_info</name>
         <load_address>0x12a37</load_address>
         <run_address>0x12a37</run_address>
         <size>0x1eb</size>
         <input_file_ref idref="fl-c8"/>
      </object_component>
      <object_component id="oc-34b">
         <name>.debug_info</name>
         <load_address>0x12c22</load_address>
         <run_address>0x12c22</run_address>
         <size>0x3fd</size>
         <input_file_ref idref="fl-c9"/>
      </object_component>
      <object_component id="oc-277">
         <name>.debug_info</name>
         <load_address>0x1301f</load_address>
         <run_address>0x1301f</run_address>
         <size>0x2e3</size>
         <input_file_ref idref="fl-c9"/>
      </object_component>
      <object_component id="oc-3a5">
         <name>.debug_info</name>
         <load_address>0x13302</load_address>
         <run_address>0x13302</run_address>
         <size>0x301</size>
         <input_file_ref idref="fl-ca"/>
      </object_component>
      <object_component id="oc-333">
         <name>.debug_info</name>
         <load_address>0x13603</load_address>
         <run_address>0x13603</run_address>
         <size>0x19d</size>
         <input_file_ref idref="fl-ca"/>
      </object_component>
      <object_component id="oc-3e0">
         <name>.debug_info</name>
         <load_address>0x137a0</load_address>
         <run_address>0x137a0</run_address>
         <size>0xbf</size>
         <input_file_ref idref="fl-ca"/>
      </object_component>
      <object_component id="oc-3df">
         <name>.debug_info</name>
         <load_address>0x1385f</load_address>
         <run_address>0x1385f</run_address>
         <size>0x375</size>
         <input_file_ref idref="fl-cb"/>
      </object_component>
      <object_component id="oc-3a0">
         <name>.debug_info</name>
         <load_address>0x13bd4</load_address>
         <run_address>0x13bd4</run_address>
         <size>0x20c</size>
         <input_file_ref idref="fl-cb"/>
      </object_component>
      <object_component id="oc-376">
         <name>.debug_info</name>
         <load_address>0x13de0</load_address>
         <run_address>0x13de0</run_address>
         <size>0x29b</size>
         <input_file_ref idref="fl-cc"/>
      </object_component>
      <object_component id="oc-2fd">
         <name>.debug_info</name>
         <load_address>0x1407b</load_address>
         <run_address>0x1407b</run_address>
         <size>0x196</size>
         <input_file_ref idref="fl-cc"/>
      </object_component>
      <object_component id="oc-3ba">
         <name>.debug_info</name>
         <load_address>0x14211</load_address>
         <run_address>0x14211</run_address>
         <size>0x39</size>
         <input_file_ref idref="fl-cc"/>
      </object_component>
      <object_component id="oc-377">
         <name>.debug_info</name>
         <load_address>0x1424a</load_address>
         <run_address>0x1424a</run_address>
         <size>0x2c</size>
         <input_file_ref idref="fl-cc"/>
      </object_component>
      <object_component id="oc-383">
         <name>.debug_info</name>
         <load_address>0x14276</load_address>
         <run_address>0x14276</run_address>
         <size>0x2fe</size>
         <input_file_ref idref="fl-cd"/>
      </object_component>
      <object_component id="oc-303">
         <name>.debug_info</name>
         <load_address>0x14574</load_address>
         <run_address>0x14574</run_address>
         <size>0x226</size>
         <input_file_ref idref="fl-cd"/>
      </object_component>
      <object_component id="oc-2b7">
         <name>.debug_info</name>
         <load_address>0x1479a</load_address>
         <run_address>0x1479a</run_address>
         <size>0x135</size>
         <input_file_ref idref="fl-ce"/>
      </object_component>
      <object_component id="oc-98">
         <name>.debug_info</name>
         <load_address>0x148cf</load_address>
         <run_address>0x148cf</run_address>
         <size>0x148</size>
         <input_file_ref idref="fl-cf"/>
      </object_component>
      <object_component id="oc-2dd">
         <name>.debug_info</name>
         <load_address>0x14a17</load_address>
         <run_address>0x14a17</run_address>
         <size>0x14d</size>
         <input_file_ref idref="fl-d0"/>
      </object_component>
      <object_component id="oc-22e">
         <name>.debug_info</name>
         <load_address>0x14b64</load_address>
         <run_address>0x14b64</run_address>
         <size>0x129</size>
         <input_file_ref idref="fl-d1"/>
      </object_component>
      <object_component id="oc-2c7">
         <name>.debug_info</name>
         <load_address>0x14c8d</load_address>
         <run_address>0x14c8d</run_address>
         <size>0x12b</size>
         <input_file_ref idref="fl-d1"/>
      </object_component>
      <object_component id="oc-2c3">
         <name>.debug_info</name>
         <load_address>0x14db8</load_address>
         <run_address>0x14db8</run_address>
         <size>0x13b</size>
         <input_file_ref idref="fl-d2"/>
      </object_component>
      <object_component id="oc-2bd">
         <name>.debug_info</name>
         <load_address>0x14ef3</load_address>
         <run_address>0x14ef3</run_address>
         <size>0x13b</size>
         <input_file_ref idref="fl-d3"/>
      </object_component>
      <object_component id="oc-2ce">
         <name>.debug_info</name>
         <load_address>0x1502e</load_address>
         <run_address>0x1502e</run_address>
         <size>0x12f</size>
         <input_file_ref idref="fl-d4"/>
      </object_component>
      <object_component id="oc-110">
         <name>.debug_info</name>
         <load_address>0x1515d</load_address>
         <run_address>0x1515d</run_address>
         <size>0x12d</size>
         <input_file_ref idref="fl-d5"/>
      </object_component>
      <object_component id="oc-2d9">
         <name>.debug_info</name>
         <load_address>0x1528a</load_address>
         <run_address>0x1528a</run_address>
         <size>0x12d</size>
         <input_file_ref idref="fl-d6"/>
      </object_component>
      <object_component id="oc-38">
         <name>.debug_info</name>
         <load_address>0x153b7</load_address>
         <run_address>0x153b7</run_address>
         <size>0x11a</size>
         <input_file_ref idref="fl-d7"/>
      </object_component>
      <object_component id="oc-96">
         <name>.debug_info</name>
         <load_address>0x154d1</load_address>
         <run_address>0x154d1</run_address>
         <size>0x2d5</size>
         <input_file_ref idref="fl-d8"/>
      </object_component>
      <object_component id="oc-44">
         <name>.debug_info</name>
         <load_address>0x157a6</load_address>
         <run_address>0x157a6</run_address>
         <size>0x1d3</size>
         <input_file_ref idref="fl-d8"/>
      </object_component>
      <object_component id="oc-91">
         <name>.debug_info</name>
         <load_address>0x15979</load_address>
         <run_address>0x15979</run_address>
         <size>0x46</size>
         <input_file_ref idref="fl-d8"/>
      </object_component>
      <object_component id="oc-42">
         <name>.debug_info</name>
         <load_address>0x159bf</load_address>
         <run_address>0x159bf</run_address>
         <size>0x2a9</size>
         <input_file_ref idref="fl-d9"/>
      </object_component>
      <object_component id="oc-1b">
         <name>.debug_info</name>
         <load_address>0x15c68</load_address>
         <run_address>0x15c68</run_address>
         <size>0x1eb</size>
         <input_file_ref idref="fl-d9"/>
      </object_component>
      <object_component id="oc-3d">
         <name>.debug_info</name>
         <load_address>0x15e53</load_address>
         <run_address>0x15e53</run_address>
         <size>0x46</size>
         <input_file_ref idref="fl-d9"/>
      </object_component>
      <object_component id="oc-89">
         <name>.debug_info</name>
         <load_address>0x15e99</load_address>
         <run_address>0x15e99</run_address>
         <size>0x2c</size>
         <input_file_ref idref="fl-d9"/>
      </object_component>
      <object_component id="oc-87">
         <name>.debug_info</name>
         <load_address>0x15ec5</load_address>
         <run_address>0x15ec5</run_address>
         <size>0x29f</size>
         <input_file_ref idref="fl-da"/>
      </object_component>
      <object_component id="oc-17">
         <name>.debug_info</name>
         <load_address>0x16164</load_address>
         <run_address>0x16164</run_address>
         <size>0x251</size>
         <input_file_ref idref="fl-da"/>
      </object_component>
      <object_component id="oc-2d">
         <name>.debug_info</name>
         <load_address>0x163b5</load_address>
         <run_address>0x163b5</run_address>
         <size>0x60</size>
         <input_file_ref idref="fl-da"/>
      </object_component>
      <object_component id="oc-e6">
         <name>.debug_info</name>
         <load_address>0x16415</load_address>
         <run_address>0x16415</run_address>
         <size>0x46</size>
         <input_file_ref idref="fl-da"/>
      </object_component>
      <object_component id="oc-82">
         <name>.debug_info</name>
         <load_address>0x1645b</load_address>
         <run_address>0x1645b</run_address>
         <size>0x39</size>
         <input_file_ref idref="fl-da"/>
      </object_component>
      <object_component id="oc-1fd">
         <name>.debug_info</name>
         <load_address>0x16494</load_address>
         <run_address>0x16494</run_address>
         <size>0x3ae</size>
         <input_file_ref idref="fl-db"/>
      </object_component>
      <object_component id="oc-1fa">
         <name>.debug_info</name>
         <load_address>0x16842</load_address>
         <run_address>0x16842</run_address>
         <size>0x191</size>
         <input_file_ref idref="fl-db"/>
      </object_component>
      <object_component id="oc-141">
         <name>.debug_info</name>
         <load_address>0x169d3</load_address>
         <run_address>0x169d3</run_address>
         <size>0x123</size>
         <input_file_ref idref="fl-db"/>
      </object_component>
      <object_component id="oc-144">
         <name>.debug_info</name>
         <load_address>0x16af6</load_address>
         <run_address>0x16af6</run_address>
         <size>0x185</size>
         <input_file_ref idref="fl-db"/>
      </object_component>
      <object_component id="oc-270">
         <name>.debug_info</name>
         <load_address>0x16c7b</load_address>
         <run_address>0x16c7b</run_address>
         <size>0x2ca</size>
[...]
      <symbol id="sm-503">
         <name>__aeabi_memset</name>
         <value>0x3b37</value>
         <object_component_ref idref="oc-97"/>
      </symbol>
      <symbol id="sm-504">
         <name>memset</name>
         <value>0x3b3d</value>
         <object_component_ref idref="oc-97"/>
      </symbol>
      <symbol id="sm-505">
         <name>__aeabi_memset8</name>
         <value>0x3b37</value>
         <object_component_ref idref="oc-97"/>
      </symbol>
      <symbol id="sm-506">
         <name>__aeabi_memset4</name>
         <value>0x3b37</value>
         <object_component_ref idref="oc-97"/>
      </symbol>
      <symbol id="sm-507">
         <name>__aeabi_memclr8</name>
         <value>0x3b35</value>
         <object_component_ref idref="oc-97"/>
      </symbol>
      <symbol id="sm-508">
         <name>__aeabi_memclr4</name>
         <value>0x3b35</value>
         <object_component_ref idref="oc-97"/>
      </symbol>
      <symbol id="sm-509">
         <name>__aeabi_memclr</name>
         <value>0x3b35</value>
         <object_component_ref idref="oc-97"/>
      </symbol>
      <symbol id="sm-520">
         <name>__aeabi_dsub</name>
         <value>0x2909</value>
         <object_component_ref idref="oc-2db"/>
      </symbol>
      <symbol id="sm-521">
         <name>__aeabi_dadd</name>
         <value>0x2913</value>
         <object_component_ref idref="oc-2db"/>
      </symbol>
      <symbol id="sm-543">
         <name>__aeabi_cdcmpeq</name>
         <value>0x39ad</value>
         <object_component_ref idref="oc-22d"/>
      </symbol>
      <symbol id="sm-544">
         <name>__aeabi_cdcmple</name>
         <value>0x39ad</value>
         <object_component_ref idref="oc-22d"/>
      </symbol>
      <symbol id="sm-545">
         <name>__aeabi_cdrcmple</name>
         <value>0x3a33</value>
         <object_component_ref idref="oc-2c6"/>
      </symbol>
      <symbol id="sm-559">
         <name>__aeabi_ddiv</name>
         <value>0x2f09</value>
         <object_component_ref idref="oc-2c1"/>
      </symbol>
      <symbol id="sm-564">
         <name>__aeabi_dmul</name>
         <value>0x3389</value>
         <object_component_ref idref="oc-2bc"/>
      </symbol>
      <symbol id="sm-56e">
         <name>__aeabi_d2iz</name>
         <value>0x4301</value>
         <object_component_ref idref="oc-2cb"/>
      </symbol>
      <symbol id="sm-579">
         <name>__aeabi_f2d</name>
         <value>0x4511</value>
         <object_component_ref idref="oc-10e"/>
      </symbol>
      <symbol id="sm-583">
         <name>__aeabi_i2d</name>
         <value>0x464d</value>
         <object_component_ref idref="oc-2d6"/>
      </symbol>
      <symbol id="sm-59e">
         <name>memcpy</name>
         <value>0x37ef</value>
         <object_component_ref idref="oc-37"/>
      </symbol>
      <symbol id="sm-59f">
         <name>__aeabi_memcpy</name>
         <value>0x37ef</value>
         <object_component_ref idref="oc-37"/>
      </symbol>
      <symbol id="sm-5a0">
         <name>__aeabi_memcpy8</name>
         <value>0x37ef</value>
         <object_component_ref idref="oc-37"/>
      </symbol>
      <symbol id="sm-5a1">
         <name>__aeabi_memcpy4</name>
         <value>0x37ef</value>
         <object_component_ref idref="oc-37"/>
      </symbol>
      <symbol id="sm-5b5">
         <name>__TI_zero_init_nomemset</name>
         <value>0x4741</value>
         <object_component_ref idref="oc-43"/>
      </symbol>
      <symbol id="sm-5cc">
         <name>__TI_decompress_none</name>
         <value>0x482f</value>
         <object_component_ref idref="oc-1a"/>
      </symbol>
      <symbol id="sm-5ef">
         <name>__TI_decompress_lzss</name>
         <value>0x3d65</value>
         <object_component_ref idref="oc-14"/>
      </symbol>
      <symbol id="sm-615">
         <name>C$$EXIT</name>
         <value>0x4871</value>
         <object_component_ref idref="oc-13d"/>
      </symbol>
      <symbol id="sm-616">
         <name>abort</name>
         <value>0x4871</value>
         <object_component_ref idref="oc-13d"/>
      </symbol>
      <symbol id="sm-617">
         <name>__TI_dtors_ptr</name>
         <value>0x20000898</value>
         <object_component_ref idref="oc-1f9"/>
      </symbol>
      <symbol id="sm-618">
         <name>__TI_cleanup_ptr</name>
         <value>0x20000894</value>
         <object_component_ref idref="oc-1f9"/>
      </symbol>
      <symbol id="sm-619">
         <name>__TI_enable_exit_profile_output</name>
         <value>0x2000089c</value>
         <object_component_ref idref="oc-1f9"/>
      </symbol>
      <symbol id="sm-61a">
         <name>exit</name>
         <value>0x42b9</value>
         <object_component_ref idref="oc-143"/>
      </symbol>
      <symbol id="sm-62f">
         <name>_nop</name>
         <value>0xb33</value>
         <object_component_ref idref="oc-268"/>
      </symbol>
      <symbol id="sm-630">
         <name>_lock</name>
         <value>0x200008a0</value>
         <object_component_ref idref="oc-1a0"/>
      </symbol>
      <symbol id="sm-631">
         <name>_unlock</name>
         <value>0x200008a4</value>
         <object_component_ref idref="oc-1a0"/>
      </symbol>
      <symbol id="sm-647">
         <name>atoi</name>
         <value>0x426d</value>
         <object_component_ref idref="oc-221"/>
      </symbol>
      <symbol id="sm-652">
         <name>_ctypes_</name>
         <value>0x4874</value>
         <object_component_ref idref="oc-2b0"/>
      </symbol>
      <symbol id="sm-667">
         <name>__TI_tmpnams</name>
         <value>0x20000620</value>
      </symbol>
      <symbol id="sm-668">
         <name>__aeabi_stdout</name>
         <value>0x2000088c</value>
         <object_component_ref idref="oc-41b"/>
      </symbol>
      <symbol id="sm-669">
         <name>__aeabi_stderr</name>
         <value>0x20000890</value>
         <object_component_ref idref="oc-41b"/>
      </symbol>
      <symbol id="sm-66a">
         <name>__aeabi_stdin</name>
         <value>0x20000888</value>
         <object_component_ref idref="oc-41b"/>
      </symbol>
      <symbol id="sm-66b">
         <name>_ftable</name>
         <value>0x200006cc</value>
         <object_component_ref idref="oc-1a3"/>
      </symbol>
      <symbol id="sm-66c">
         <name>__TI_ft_end</name>
         <value>0x20000884</value>
         <object_component_ref idref="oc-41b"/>
      </symbol>
      <symbol id="sm-67b">
         <name>ltoa</name>
         <value>0x417b</value>
         <object_component_ref idref="oc-2d0"/>
      </symbol>
      <symbol id="sm-68b">
         <name>memccpy</name>
         <value>0x4779</value>
         <object_component_ref idref="oc-24a"/>
      </symbol>
      <symbol id="sm-69b">
         <name>memchr</name>
         <value>0x4721</value>
         <object_component_ref idref="oc-338"/>
      </symbol>
      <symbol id="sm-722">
         <name>_sys_memory</name>
         <value>0x20000000</value>
         <object_component_ref idref="oc-26"/>
      </symbol>
      <symbol id="sm-723">
         <name>free</name>
         <value>0x3579</value>
         <object_component_ref idref="oc-3cc"/>
      </symbol>
      <symbol id="sm-724">
         <name>memalign</name>
         <value>0x3485</value>
         <object_component_ref idref="oc-40e"/>
      </symbol>
      <symbol id="sm-725">
         <name>malloc</name>
         <value>0x485d</value>
         <object_component_ref idref="oc-3d2"/>
      </symbol>
      <symbol id="sm-726">
         <name>aligned_alloc</name>
         <value>0x3485</value>
         <object_component_ref idref="oc-40e"/>
      </symbol>
      <symbol id="sm-736">
         <name>strchr</name>
         <value>0x47df</value>
         <object_component_ref idref="oc-307"/>
      </symbol>
      <symbol id="sm-744">
         <name>strlen</name>
         <value>0x4809</value>
         <object_component_ref idref="oc-21b"/>
      </symbol>
      <symbol id="sm-75e">
         <name>write</name>
         <value>0x46f9</value>
         <object_component_ref idref="oc-344"/>
      </symbol>
      <symbol id="sm-76f">
         <name>_stream</name>
         <value>0x20000834</value>
         <object_component_ref idref="oc-3aa"/>
      </symbol>
      <symbol id="sm-770">
         <name>_device</name>
         <value>0x200007bc</value>
         <object_component_ref idref="oc-3eb"/>
      </symbol>
      <symbol id="sm-783">
         <name>__stack</name>
         <value>0x2000fe00</value>
         <object_component_ref idref="oc-29"/>
      </symbol>
      <symbol id="sm-784">
         <name>_c_int00_noargs</name>
         <value>0x45e9</value>
         <object_component_ref idref="oc-55"/>
      </symbol>
      <symbol id="sm-79a">
         <name>__aeabi_errno_addr</name>
         <value>0x4855</value>
         <object_component_ref idref="oc-256"/>
      </symbol>
      <symbol id="sm-79b">
         <name>errno</name>
         <value>0x200008b0</value>
         <object_component_ref idref="oc-317"/>
      </symbol>
      <symbol id="sm-7b4">
         <name>wcslen</name>
         <value>0x481d</value>
         <object_component_ref idref="oc-250"/>
      </symbol>
      <symbol id="sm-7be">
         <name>copysign</name>
         <value>0x4795</value>
         <object_component_ref idref="oc-37c"/>
      </symbol>
      <symbol id="sm-7bf">
         <name>copysignl</name>
         <value>0x4795</value>
         <object_component_ref idref="oc-37c"/>
      </symbol>
      <symbol id="sm-7cf">
         <name>__TI_doflush</name>
         <value>0x4221</value>
         <object_component_ref idref="oc-33e"/>
      </symbol>
      <symbol id="sm-7df">
         <name>__TI_cleanup</name>
         <value>0x4581</value>
         <object_component_ref idref="oc-3d8"/>
      </symbol>
      <symbol id="sm-7f1">
         <name>fseek</name>
         <value>0x3e99</value>
         <object_component_ref idref="oc-398"/>
      </symbol>
      <symbol id="sm-7fb">
         <name>__aeabi_idiv0</name>
         <value>0x2abf</value>
         <object_component_ref idref="oc-363"/>
      </symbol>
      <symbol id="sm-7fc">
         <name>__aeabi_ldiv0</name>
         <value>0x2abf</value>
         <object_component_ref idref="oc-363"/>
      </symbol>
      <symbol id="sm-824">
         <name>__TI_auto_init_nobinit_nopinit</name>
         <value>0x43d1</value>
         <object_component_ref idref="oc-149"/>
      </symbol>
      <symbol id="sm-82e">
         <name>_system_pre_init</name>
         <value>0x486d</value>
         <object_component_ref idref="oc-9d"/>
      </symbol>
      <symbol id="sm-841">
         <name>HOSTclose</name>
         <value>0x4349</value>
         <object_component_ref idref="oc-427"/>
      </symbol>
      <symbol id="sm-852">
         <name>HOSTlseek</name>
         <value>0x3c95</value>
         <object_component_ref idref="oc-439"/>
      </symbol>
      <symbol id="sm-864">
         <name>parmbuf</name>
         <value>0x200006c0</value>
      </symbol>
      <symbol id="sm-865">
         <name>HOSTopen</name>
         <value>0x3f61</value>
         <object_component_ref idref="oc-421"/>
      </symbol>
      <symbol id="sm-876">
         <name>HOSTread</name>
         <value>0x401d</value>
         <object_component_ref idref="oc-42d"/>
      </symbol>
      <symbol id="sm-887">
         <name>HOSTrename</name>
         <value>0x3cfd</value>
         <object_component_ref idref="oc-445"/>
      </symbol>
      <symbol id="sm-898">
         <name>HOSTunlink</name>
         <value>0x438d</value>
         <object_component_ref idref="oc-43f"/>
      </symbol>
      <symbol id="sm-8a9">
         <name>HOSTwrite</name>
         <value>0x4075</value>
         <object_component_ref idref="oc-433"/>
      </symbol>
      <symbol id="sm-8cd">
         <name>__TI_readmsg</name>
         <value>0x45b5</value>
         <object_component_ref idref="oc-474"/>
      </symbol>
      <symbol id="sm-8ce">
         <name>C$$IO$$</name>
         <value>0x4507</value>
         <object_component_ref idref="oc-46e"/>
      </symbol>
      <symbol id="sm-8cf">
         <name>__CIOBUF_</name>
         <value>0x20000400</value>
         <object_component_ref idref="oc-49f"/>
      </symbol>
      <symbol id="sm-8d0">
         <name>__TI_writemsg</name>
         <value>0x44d9</value>
         <object_component_ref idref="oc-46e"/>
      </symbol>
      <symbol id="sm-8e1">
         <name>lseek</name>
         <value>0x46d1</value>
         <object_component_ref idref="oc-3c4"/>
      </symbol>
      <symbol id="sm-8f6">
         <name>__TI_closefile</name>
         <value>0x3bb1</value>
         <object_component_ref idref="oc-415"/>
      </symbol>
      <symbol id="sm-919">
         <name>finddevice</name>
         <value>0x461d</value>
         <object_component_ref idref="oc-4bd"/>
      </symbol>
      <symbol id="sm-91a">
         <name>getdevice</name>
         <value>0x4415</value>
         <object_component_ref idref="oc-495"/>
      </symbol>
      <symbol id="sm-929">
         <name>strcmp</name>
         <value>0x47c7</value>
         <object_component_ref idref="oc-4d4"/>
      </symbol>
      <symbol id="sm-937">
         <name>strcpy</name>
         <value>0x47f5</value>
         <object_component_ref idref="oc-488"/>
      </symbol>
      <symbol id="sm-947">
         <name>strncpy</name>
         <value>0x4549</value>
         <object_component_ref idref="oc-4b7"/>
      </symbol>
      <symbol id="sm-95c">
         <name>close</name>
         <value>0x3fc1</value>
         <object_component_ref idref="oc-45d"/>
      </symbol>
      <symbol id="sm-96c">
         <name>unlink</name>
         <value>0x467d</value>
         <object_component_ref idref="oc-463"/>
      </symbol>
      <symbol id="sm-96d">
         <name>__TI_static_base__</name>
         <value>0x0</value>
      </symbol>
      <symbol id="sm-970">
         <name>__mpu_init</name>
         <value>0x0</value>
      </symbol>
      <symbol id="sm-971">
         <name>_system_post_cinit</name>
         <value>0x0</value>
      </symbol>
      <symbol id="sm-972">
         <name>NMI_Handler</name>
         <value>0x4849</value>
      </symbol>
      <symbol id="sm-973">
         <name>HardFault_Handler</name>
         <value>0x4849</value>
      </symbol>
      <symbol id="sm-974">
         <name>MemManage_Handler</name>
         <value>0x4849</value>
      </symbol>
      <symbol id="sm-975">
         <name>BusFault_Handler</name>
         <value>0x4849</value>
      </symbol>
      <symbol id="sm-976">
         <name>UsageFault_Handler</name>
         <value>0x4849</value>
      </symbol>
      <symbol id="sm-977">
         <name>SVC_Handler</name>
         <value>0x4849</value>
      </symbol>
      <symbol id="sm-978">
         <name>DebugMon_Handler</name>
         <value>0x4849</value>
      </symbol>
      <symbol id="sm-979">
         <name>PendSV_Handler</name>
         <value>0x4849</value>
      </symbol>
      <symbol id="sm-97a">
         <name>SysTick_Handler</name>
         <value>0x4849</value>
      </symbol>
      <symbol id="sm-97b">
         <name>PSS_IRQHandler</name>
         <value>0x4849</value>
      </symbol>
      <symbol id="sm-97c">
         <name>CS_IRQHandler</name>
         <value>0x4849</value>
      </symbol>
      <symbol id="sm-97d">
         <name>PCM_IRQHandler</name>
         <value>0x4849</value>
      </symbol>
      <symbol id="sm-97e">
         <name>WDT_A_IRQHandler</name>
         <value>0x4849</value>
      </symbol>
      <symbol id="sm-97f">
         <name>FPU_IRQHandler</name>
         <value>0x4849</value>
      </symbol>
      <symbol id="sm-980">
         <name>FLCTL_IRQHandler</name>
         <value>0x4849</value>
      </symbol>
      <symbol id="sm-981">
         <name>COMP_E0_IRQHandler</name>
         <value>0x4849</value>
      </symbol>
      <symbol id="sm-982">
         <name>COMP_E1_IRQHandler</name>
         <value>0x4849</value>
      </symbol>
      <symbol id="sm-983">
         <name>TA0_0_IRQHandler</name>
         <value>0x2d41</value>
      </symbol>
      <symbol id="sm-984">
         <name>TA0_N_IRQHandler</name>
         <value>0x4849</value>
      </symbol>
      <symbol id="sm-985">
         <name>TA1_0_IRQHandler</name>
         <value>0x4849</value>
      </symbol>
      <symbol id="sm-986">
         <name>TA1_N_IRQHandler</name>
         <value>0x4849</value>
      </symbol>
      <symbol id="sm-987">
         <name>TA2_0_IRQHandler</name>
         <value>0x4849</value>
      </symbol>
      <symbol id="sm-988">
         <name>TA2_N_IRQHandler</name>
         <value>0x4849</value>
      </symbol>
      <symbol id="sm-989">
         <name>TA3_0_IRQHandler</name>
         <value>0x4849</value>
      </symbol>
      <symbol id="sm-98a">
         <name>TA3_N_IRQHandler</name>
         <value>0x4849</value>
      </symbol>
      <symbol id="sm-98b">
         <name>EUSCIA0_IRQHandler</name>
         <value>0x4849</value>
      </symbol>
      <symbol id="sm-98c">
         <name>EUSCIA1_IRQHandler</name>
         <value>0x4849</value>
      </symbol>
      <symbol id="sm-98d">
         <name>EUSCIA2_IRQHandler</name>
         <value>0x2aed</value>
      </symbol>
      <symbol id="sm-98e">
         <name>EUSCIA3_IRQHandler</name>
         <value>0x4849</value>
      </symbol>
      <symbol id="sm-98f">
         <name>EUSCIB0_IRQHandler</name>
         <value>0x4849</value>
      </symbol>
      <symbol id="sm-990">
         <name>EUSCIB1_IRQHandler</name>
         <value>0x4849</value>
      </symbol>
      <symbol id="sm-991">
         <name>EUSCIB2_IRQHandler</name>
         <value>0x4849</value>
      </symbol>
      <symbol id="sm-992">
         <name>EUSCIB3_IRQHandler</name>
         <value>0x4849</value>
      </symbol>
      <symbol id="sm-993">
         <name>ADC14_IRQHandler</name>
         <value>0x4849</value>
      </symbol>
      <symbol id="sm-994">
         <name>T32_INT1_IRQHandler</name>
         <value>0x4849</value>
      </symbol>
      <symbol id="sm-995">
         <name>T32_INT2_IRQHandler</name>
         <value>0x4849</value>
      </symbol>
      <symbol id="sm-996">
         <name>T32_INTC_IRQHandler</name>
         <value>0x4849</value>
      </symbol>
      <symbol id="sm-997">
         <name>AES256_IRQHandler</name>
         <value>0x4849</value>
      </symbol>
      <symbol id="sm-998">
         <name>RTC_C_IRQHandler</name>
         <value>0x4849</value>
      </symbol>
      <symbol id="sm-999">
         <name>DMA_ERR_IRQHandler</name>
         <value>0x4849</value>
      </symbol>
      <symbol id="sm-99a">
         <name>DMA_INT3_IRQHandler</name>
         <value>0x4849</value>
      </symbol>
      <symbol id="sm-99b">
         <name>DMA_INT2_IRQHandler</name>
         <value>0x4849</value>
      </symbol>
      <symbol id="sm-99c">
         <name>DMA_INT1_IRQHandler</name>
         <value>0x4849</value>
      </symbol>
      <symbol id="sm-99d">
         <name>DMA_INT0_IRQHandler</name>
         <value>0x4849</value>
      </symbol>
      <symbol id="sm-99e">
         <name>PORT1_IRQHandler</name>
         <value>0x4849</value>
      </symbol>
      <symbol id="sm-99f">
         <name>PORT2_IRQHandler</name>
         <value>0x4849</value>
      </symbol>
      <symbol id="sm-9a0">
         <name>PORT3_IRQHandler</name>
         <value>0x4849</value>
      </symbol>
      <symbol id="sm-9a1">
         <name>PORT4_IRQHandler</name>
         <value>0x4849</value>
      </symbol>
      <symbol id="sm-9a2">
         <name>PORT5_IRQHandler</name>
         <value>0x4849</value>
      </symbol>
      <symbol id="sm-9a3">
         <name>PORT6_IRQHandler</name>
         <value>0x4849</value>
      </symbol>
      <symbol id="sm-9a4">
         <name>remove</name>
         <value>0x467d</value>
      </symbol>
   </symbol_table>
   <title>Link successful</title>
</link_info>
