<?xml version="1.0" encoding="ISO-8859-1" ?>
<link_info>
   <banner>TI ARM Linker PC v18.12.2.LTS</banner>
   <copyright>Copyright (c) 1996-2018 Texas Instruments Incorporated</copyright>
   <link_time>0x5dee87c0</link_time>
   <link_errors>0x0</link_errors>
   <output_file>FinalProjectECEN2440.out</output_file>
   <entry_point>
      <name>_c_int00_noargs</name>
      <address>0x45f9</address>
   </entry_point>
   <input_file_list>
      <input_file id="fl-2">
         <path>.\</path>
         <kind>object</kind>
         <file>LCD.obj</file>
         <name>LCD.obj</name>
      </input_file>
      <input_file id="fl-3">
         <path>.\</path>
         <kind>object</kind>
         <file>Timer.obj</file>
         <name>Timer.obj</name>
      </input_file>
      <input_file id="fl-4">
         <path>.\</path>
         <kind>object</kind>
         <file>gpio.obj</file>
         <name>gpio.obj</name>
      </input_file>
      <input_file id="fl-5">
         <path>.\</path>
         <kind>object</kind>
         <file>main.obj</file>
         <name>main.obj</name>
      </input_file>
      <input_file id="fl-6">
         <path>.\</path>
         <kind>object</kind>
         <file>sensirion_shdlc.obj</file>
         <name>sensirion_shdlc.obj</name>
      </input_file>
      <input_file id="fl-7">
         <path>.\</path>
         <kind>object</kind>
         <file>sps30.obj</file>
         <name>sps30.obj</name>
      </input_file>
      <input_file id="fl-8">
         <path>.\</path>
         <kind>object</kind>
         <file>sps30UART.obj</file>
         <name>sps30UART.obj</name>
      </input_file>
      <input_file id="fl-9">
         <path>.\</path>
         <kind>object</kind>
         <file>startup_msp432p401r_ccs.obj</file>
         <name>startup_msp432p401r_ccs.obj</name>
      </input_file>
      <input_file id="fl-a">
         <path>.\</path>
         <kind>object</kind>
         <file>system_msp432p401r.obj</file>
         <name>system_msp432p401r.obj</name>
      </input_file>
      <input_file id="fl-b">
         <path>.\</path>
         <kind>object</kind>
         <file>time.obj</file>
         <name>time.obj</name>
      </input_file>
      <input_file id="fl-f">
         <kind>object</kind>
         <file>&lt;internal&gt;</file>
         <name>&lt;internal&gt;</name>
      </input_file>
      <input_file id="fl-c5">
         <path>C:\ti\ccs910\ccs\tools\compiler\ti-cgt-arm_18.12.2.LTS\lib\</path>
         <kind>archive</kind>
         <file>rtsv7M4_T_le_v4SPD16_eabi.lib</file>
         <name>printf.c.obj</name>
      </input_file>
      <input_file id="fl-c6">
         <path>C:\ti\ccs910\ccs\tools\compiler\ti-cgt-arm_18.12.2.LTS\lib\</path>
         <kind>archive</kind>
         <file>rtsv7M4_T_le_v4SPD16_eabi.lib</file>
         <name>_printfi.c.obj</name>
      </input_file>
      <input_file id="fl-c7">
         <path>C:\ti\ccs910\ccs\tools\compiler\ti-cgt-arm_18.12.2.LTS\lib\</path>
         <kind>archive</kind>
         <file>rtsv7M4_T_le_v4SPD16_eabi.lib</file>
         <name>sprintf.c.obj</name>
      </input_file>
      <input_file id="fl-c8">
         <path>C:\ti\ccs910\ccs\tools\compiler\ti-cgt-arm_18.12.2.LTS\lib\</path>
         <kind>archive</kind>
         <file>rtsv7M4_T_le_v4SPD16_eabi.lib</file>
         <name>fputc.c.obj</name>
      </input_file>
      <input_file id="fl-c9">
         <path>C:\ti\ccs910\ccs\tools\compiler\ti-cgt-arm_18.12.2.LTS\lib\</path>
         <kind>archive</kind>
         <file>rtsv7M4_T_le_v4SPD16_eabi.lib</file>
         <name>fputs.c.obj</name>
      </input_file>
      <input_file id="fl-ca">
         <path>C:\ti\ccs910\ccs\tools\compiler\ti-cgt-arm_18.12.2.LTS\lib\</path>
         <kind>archive</kind>
         <file>rtsv7M4_T_le_v4SPD16_eabi.lib</file>
         <name>_io_perm.c.obj</name>
      </input_file>
      <input_file id="fl-cb">
         <path>C:\ti\ccs910\ccs\tools\compiler\ti-cgt-arm_18.12.2.LTS\lib\</path>
         <kind>archive</kind>
         <file>rtsv7M4_T_le_v4SPD16_eabi.lib</file>
         <name>setvbuf.c.obj</name>
      </input_file>
      <input_file id="fl-cc">
         <path>C:\ti\ccs910\ccs\tools\compiler\ti-cgt-arm_18.12.2.LTS\lib\</path>
         <kind>archive</kind>
         <file>rtsv7M4_T_le_v4SPD16_eabi.lib</file>
         <name>s_frexp.c.obj</name>
      </input_file>
      <input_file id="fl-cd">
         <path>C:\ti\ccs910\ccs\tools\compiler\ti-cgt-arm_18.12.2.LTS\lib\</path>
         <kind>archive</kind>
         <file>rtsv7M4_T_le_v4SPD16_eabi.lib</file>
         <name>s_scalbn.c.obj</name>
      </input_file>
      <input_file id="fl-ce">
         <path>C:\ti\ccs910\ccs\tools\compiler\ti-cgt-arm_18.12.2.LTS\lib\</path>
         <kind>archive</kind>
         <file>rtsv7M4_T_le_v4SPD16_eabi.lib</file>
         <name>ull_div_t2.asm.obj</name>
      </input_file>
      <input_file id="fl-cf">
         <path>C:\ti\ccs910\ccs\tools\compiler\ti-cgt-arm_18.12.2.LTS\lib\</path>
         <kind>archive</kind>
         <file>rtsv7M4_T_le_v4SPD16_eabi.lib</file>
         <name>memset_t2.asm.obj</name>
      </input_file>
      <input_file id="fl-d0">
         <path>C:\ti\ccs910\ccs\tools\compiler\ti-cgt-arm_18.12.2.LTS\lib\</path>
         <kind>archive</kind>
         <file>rtsv7M4_T_le_v4SPD16_eabi.lib</file>
         <name>fd_add_t2.asm.obj</name>
      </input_file>
      <input_file id="fl-d1">
         <path>C:\ti\ccs910\ccs\tools\compiler\ti-cgt-arm_18.12.2.LTS\lib\</path>
         <kind>archive</kind>
         <file>rtsv7M4_T_le_v4SPD16_eabi.lib</file>
         <name>fd_cmp_t2.asm.obj</name>
      </input_file>
      <input_file id="fl-d2">
         <path>C:\ti\ccs910\ccs\tools\compiler\ti-cgt-arm_18.12.2.LTS\lib\</path>
         <kind>archive</kind>
         <file>rtsv7M4_T_le_v4SPD16_eabi.lib</file>
         <name>fd_div_t2.asm.obj</name>
      </input_file>
      <input_file id="fl-d3">
         <path>C:\ti\ccs910\ccs\tools\compiler\ti-cgt-arm_18.12.2.LTS\lib\</path>
         <kind>archive</kind>
         <file>rtsv7M4_T_le_v4SPD16_eabi.lib</file>
         <name>fd_mul_t2.asm.obj</name>
      </input_file>
      <input_file id="fl-d4">
         <path>C:\ti\ccs910\ccs\tools\compiler\ti-cgt-arm_18.12.2.LTS\lib\</path>
         <kind>archive</kind>
         <file>rtsv7M4_T_le_v4SPD16_eabi.lib</file>
         <name>fd_toi_t2.asm.obj</name>
      </input_file>
      <input_file id="fl-d5">
         <path>C:\ti\ccs910\ccs\tools\compiler\ti-cgt-arm_18.12.2.LTS\lib\</path>
         <kind>archive</kind>
         <file>rtsv7M4_T_le_v4SPD16_eabi.lib</file>
         <name>fs_tod_t2.asm.obj</name>
      </input_file>
      <input_file id="fl-d6">
         <path>C:\ti\ccs910\ccs\tools\compiler\ti-cgt-arm_18.12.2.LTS\lib\</path>
         <kind>archive</kind>
         <file>rtsv7M4_T_le_v4SPD16_eabi.lib</file>
         <name>i_tofd_t2.asm.obj</name>
      </input_file>
      <input_file id="fl-d7">
         <path>C:\ti\ccs910\ccs\tools\compiler\ti-cgt-arm_18.12.2.LTS\lib\</path>
         <kind>archive</kind>
         <file>rtsv7M4_T_le_v4SPD16_eabi.lib</file>
         <name>memcpy_t2.asm.obj</name>
      </input_file>
      <input_file id="fl-d8">
         <path>C:\ti\ccs910\ccs\tools\compiler\ti-cgt-arm_18.12.2.LTS\lib\</path>
         <kind>archive</kind>
         <file>rtsv7M4_T_le_v4SPD16_eabi.lib</file>
         <name>copy_zero_init.c.obj</name>
      </input_file>
      <input_file id="fl-d9">
         <path>C:\ti\ccs910\ccs\tools\compiler\ti-cgt-arm_18.12.2.LTS\lib\</path>
         <kind>archive</kind>
         <file>rtsv7M4_T_le_v4SPD16_eabi.lib</file>
         <name>copy_decompress_none.c.obj</name>
      </input_file>
      <input_file id="fl-da">
         <path>C:\ti\ccs910\ccs\tools\compiler\ti-cgt-arm_18.12.2.LTS\lib\</path>
         <kind>archive</kind>
         <file>rtsv7M4_T_le_v4SPD16_eabi.lib</file>
         <name>copy_decompress_lzss.c.obj</name>
      </input_file>
      <input_file id="fl-db">
         <path>C:\ti\ccs910\ccs\tools\compiler\ti-cgt-arm_18.12.2.LTS\lib\</path>
         <kind>archive</kind>
         <file>rtsv7M4_T_le_v4SPD16_eabi.lib</file>
         <name>exit.c.obj</name>
      </input_file>
      <input_file id="fl-dc">
         <path>C:\ti\ccs910\ccs\tools\compiler\ti-cgt-arm_18.12.2.LTS\lib\</path>
         <kind>archive</kind>
         <file>rtsv7M4_T_le_v4SPD16_eabi.lib</file>
         <name>_lock.c.obj</name>
      </input_file>
      <input_file id="fl-dd">
         <path>C:\ti\ccs910\ccs\tools\compiler\ti-cgt-arm_18.12.2.LTS\lib\</path>
         <kind>archive</kind>
         <file>rtsv7M4_T_le_v4SPD16_eabi.lib</file>
         <name>atoi.c.obj</name>
      </input_file>
      <input_file id="fl-de">
         <path>C:\ti\ccs910\ccs\tools\compiler\ti-cgt-arm_18.12.2.LTS\lib\</path>
         <kind>archive</kind>
         <file>rtsv7M4_T_le_v4SPD16_eabi.lib</file>
         <name>ctype.c.obj</name>
      </input_file>
      <input_file id="fl-df">
         <path>C:\ti\ccs910\ccs\tools\compiler\ti-cgt-arm_18.12.2.LTS\lib\</path>
         <kind>archive</kind>
         <file>rtsv7M4_T_le_v4SPD16_eabi.lib</file>
         <name>defs.c.obj</name>
      </input_file>
      <input_file id="fl-e0">
         <path>C:\ti\ccs910\ccs\tools\compiler\ti-cgt-arm_18.12.2.LTS\lib\</path>
         <kind>archive</kind>
         <file>rtsv7M4_T_le_v4SPD16_eabi.lib</file>
         <name>ltoa.c.obj</name>
      </input_file>
      <input_file id="fl-e1">
         <path>C:\ti\ccs910\ccs\tools\compiler\ti-cgt-arm_18.12.2.LTS\lib\</path>
         <kind>archive</kind>
         <file>rtsv7M4_T_le_v4SPD16_eabi.lib</file>
         <name>memccpy.c.obj</name>
      </input_file>
      <input_file id="fl-e2">
         <path>C:\ti\ccs910\ccs\tools\compiler\ti-cgt-arm_18.12.2.LTS\lib\</path>
         <kind>archive</kind>
         <file>rtsv7M4_T_le_v4SPD16_eabi.lib</file>
         <name>memchr.c.obj</name>
      </input_file>
      <input_file id="fl-e3">
         <path>C:\ti\ccs910\ccs\tools\compiler\ti-cgt-arm_18.12.2.LTS\lib\</path>
         <kind>archive</kind>
         <file>rtsv7M4_T_le_v4SPD16_eabi.lib</file>
         <name>memory.c.obj</name>
      </input_file>
      <input_file id="fl-e4">
         <path>C:\ti\ccs910\ccs\tools\compiler\ti-cgt-arm_18.12.2.LTS\lib\</path>
         <kind>archive</kind>
         <file>rtsv7M4_T_le_v4SPD16_eabi.lib</file>
         <name>strchr.c.obj</name>
      </input_file>
      <input_file id="fl-e5">
         <path>C:\ti\ccs910\ccs\tools\compiler\ti-cgt-arm_18.12.2.LTS\lib\</path>
         <kind>archive</kind>
         <file>rtsv7M4_T_le_v4SPD16_eabi.lib</file>
         <name>strlen.c.obj</name>
      </input_file>
      <input_file id="fl-e6">
         <path>C:\ti\ccs910\ccs\tools\compiler\ti-cgt-arm_18.12.2.LTS\lib\</path>
         <kind>archive</kind>
         <file>rtsv7M4_T_le_v4SPD16_eabi.lib</file>
         <name>write.c.obj</name>
      </input_file>
      <input_file id="fl-e7">
         <path>C:\ti\ccs910\ccs\tools\compiler\ti-cgt-arm_18.12.2.LTS\lib\</path>
         <kind>archive</kind>
         <file>rtsv7M4_T_le_v4SPD16_eabi.lib</file>
         <name>host_device.c.obj</name>
      </input_file>
      <input_file id="fl-e8">
         <path>C:\ti\ccs910\ccs\tools\compiler\ti-cgt-arm_18.12.2.LTS\lib\</path>
         <kind>archive</kind>
         <file>rtsv7M4_T_le_v4SPD16_eabi.lib</file>
         <name>boot_cortex_m.c.obj</name>
      </input_file>
      <input_file id="fl-e9">
         <path>C:\ti\ccs910\ccs\tools\compiler\ti-cgt-arm_18.12.2.LTS\lib\</path>
         <kind>archive</kind>
         <file>rtsv7M4_T_le_v4SPD16_eabi.lib</file>
         <name>errno.c.obj</name>
      </input_file>
      <input_file id="fl-ea">
         <path>C:\ti\ccs910\ccs\tools\compiler\ti-cgt-arm_18.12.2.LTS\lib\</path>
         <kind>archive</kind>
         <file>rtsv7M4_T_le_v4SPD16_eabi.lib</file>
         <name>wcslen.c.obj</name>
      </input_file>
      <input_file id="fl-eb">
         <path>C:\ti\ccs910\ccs\tools\compiler\ti-cgt-arm_18.12.2.LTS\lib\</path>
         <kind>archive</kind>
         <file>rtsv7M4_T_le_v4SPD16_eabi.lib</file>
         <name>s_copysign.c.obj</name>
      </input_file>
      <input_file id="fl-ec">
         <path>C:\ti\ccs910\ccs\tools\compiler\ti-cgt-arm_18.12.2.LTS\lib\</path>
         <kind>archive</kind>
         <file>rtsv7M4_T_le_v4SPD16_eabi.lib</file>
         <name>fflush.c.obj</name>
      </input_file>
      <input_file id="fl-ed">
         <path>C:\ti\ccs910\ccs\tools\compiler\ti-cgt-arm_18.12.2.LTS\lib\</path>
         <kind>archive</kind>
         <file>rtsv7M4_T_le_v4SPD16_eabi.lib</file>
         <name>fopen.c.obj</name>
      </input_file>
      <input_file id="fl-ee">
         <path>C:\ti\ccs910\ccs\tools\compiler\ti-cgt-arm_18.12.2.LTS\lib\</path>
         <kind>archive</kind>
         <file>rtsv7M4_T_le_v4SPD16_eabi.lib</file>
         <name>fseek.c.obj</name>
      </input_file>
      <input_file id="fl-ef">
         <path>C:\ti\ccs910\ccs\tools\compiler\ti-cgt-arm_18.12.2.LTS\lib\</path>
         <kind>archive</kind>
         <file>rtsv7M4_T_le_v4SPD16_eabi.lib</file>
         <name>div0.asm.obj</name>
      </input_file>
      <input_file id="fl-f0">
         <path>C:\ti\ccs910\ccs\tools\compiler\ti-cgt-arm_18.12.2.LTS\lib\</path>
         <kind>archive</kind>
         <file>rtsv7M4_T_le_v4SPD16_eabi.lib</file>
         <name>autoinit.c.obj</name>
      </input_file>
      <input_file id="fl-f1">
         <path>C:\ti\ccs910\ccs\tools\compiler\ti-cgt-arm_18.12.2.LTS\lib\</path>
         <kind>archive</kind>
         <file>rtsv7M4_T_le_v4SPD16_eabi.lib</file>
         <name>pre_init.c.obj</name>
      </input_file>
      <input_file id="fl-f2">
         <path>C:\ti\ccs910\ccs\tools\compiler\ti-cgt-arm_18.12.2.LTS\lib\</path>
         <kind>archive</kind>
         <file>rtsv7M4_T_le_v4SPD16_eabi.lib</file>
         <name>cpy_tbl.c.obj</name>
      </input_file>
      <input_file id="fl-f3">
         <path>C:\ti\ccs910\ccs\tools\compiler\ti-cgt-arm_18.12.2.LTS\lib\</path>
         <kind>archive</kind>
         <file>rtsv7M4_T_le_v4SPD16_eabi.lib</file>
         <name>args_main.c.obj</name>
      </input_file>
      <input_file id="fl-f4">
         <path>C:\ti\ccs910\ccs\tools\compiler\ti-cgt-arm_18.12.2.LTS\lib\</path>
         <kind>archive</kind>
         <file>rtsv7M4_T_le_v4SPD16_eabi.lib</file>
         <name>hostclose.c.obj</name>
      </input_file>
      <input_file id="fl-f5">
         <path>C:\ti\ccs910\ccs\tools\compiler\ti-cgt-arm_18.12.2.LTS\lib\</path>
         <kind>archive</kind>
         <file>rtsv7M4_T_le_v4SPD16_eabi.lib</file>
         <name>hostlseek.c.obj</name>
      </input_file>
      <input_file id="fl-f6">
         <path>C:\ti\ccs910\ccs\tools\compiler\ti-cgt-arm_18.12.2.LTS\lib\</path>
         <kind>archive</kind>
         <file>rtsv7M4_T_le_v4SPD16_eabi.lib</file>
         <name>hostopen.c.obj</name>
      </input_file>
      <input_file id="fl-f7">
         <path>C:\ti\ccs910\ccs\tools\compiler\ti-cgt-arm_18.12.2.LTS\lib\</path>
         <kind>archive</kind>
         <file>rtsv7M4_T_le_v4SPD16_eabi.lib</file>
         <name>hostread.c.obj</name>
      </input_file>
      <input_file id="fl-f8">
         <path>C:\ti\ccs910\ccs\tools\compiler\ti-cgt-arm_18.12.2.LTS\lib\</path>
         <kind>archive</kind>
         <file>rtsv7M4_T_le_v4SPD16_eabi.lib</file>
         <name>hostrename.c.obj</name>
      </input_file>
      <input_file id="fl-f9">
         <path>C:\ti\ccs910\ccs\tools\compiler\ti-cgt-arm_18.12.2.LTS\lib\</path>
         <kind>archive</kind>
         <file>rtsv7M4_T_le_v4SPD16_eabi.lib</file>
         <name>hostunlink.c.obj</name>
      </input_file>
      <input_file id="fl-fa">
         <path>C:\ti\ccs910\ccs\tools\compiler\ti-cgt-arm_18.12.2.LTS\lib\</path>
         <kind>archive</kind>
         <file>rtsv7M4_T_le_v4SPD16_eabi.lib</file>
         <name>hostwrite.c.obj</name>
      </input_file>
      <input_file id="fl-fb">
         <path>C:\ti\ccs910\ccs\tools\compiler\ti-cgt-arm_18.12.2.LTS\lib\</path>
         <kind>archive</kind>
         <file>rtsv7M4_T_le_v4SPD16_eabi.lib</file>
         <name>trgmsg.c.obj</name>
      </input_file>
      <input_file id="fl-fc">
         <path>C:\ti\ccs910\ccs\tools\compiler\ti-cgt-arm_18.12.2.LTS\lib\</path>
         <kind>archive</kind>
         <file>rtsv7M4_T_le_v4SPD16_eabi.lib</file>
         <name>open.c.obj</name>
      </input_file>
      <input_file id="fl-fd">
         <path>C:\ti\ccs910\ccs\tools\compiler\ti-cgt-arm_18.12.2.LTS\lib\</path>
         <kind>archive</kind>
         <file>rtsv7M4_T_le_v4SPD16_eabi.lib</file>
         <name>lseek.c.obj</name>
      </input_file>
      <input_file id="fl-fe">
         <path>C:\ti\ccs910\ccs\tools\compiler\ti-cgt-arm_18.12.2.LTS\lib\</path>
         <kind>archive</kind>
         <file>rtsv7M4_T_le_v4SPD16_eabi.lib</file>
         <name>fclose.c.obj</name>
      </input_file>
      <input_file id="fl-ff">
         <path>C:\ti\ccs910\ccs\tools\compiler\ti-cgt-arm_18.12.2.LTS\lib\</path>
         <kind>archive</kind>
         <file>rtsv7M4_T_le_v4SPD16_eabi.lib</file>
         <name>getdevice.c.obj</name>
      </input_file>
      <input_file id="fl-100">
         <path>C:\ti\ccs910\ccs\tools\compiler\ti-cgt-arm_18.12.2.LTS\lib\</path>
         <kind>archive</kind>
         <file>rtsv7M4_T_le_v4SPD16_eabi.lib</file>
         <name>strcmp.c.obj</name>
      </input_file>
      <input_file id="fl-101">
         <path>C:\ti\ccs910\ccs\tools\compiler\ti-cgt-arm_18.12.2.LTS\lib\</path>
         <kind>archive</kind>
         <file>rtsv7M4_T_le_v4SPD16_eabi.lib</file>
         <name>strcpy.c.obj</name>
      </input_file>
      <input_file id="fl-102">
         <path>C:\ti\ccs910\ccs\tools\compiler\ti-cgt-arm_18.12.2.LTS\lib\</path>
         <kind>archive</kind>
         <file>rtsv7M4_T_le_v4SPD16_eabi.lib</file>
         <name>strncpy.c.obj</name>
      </input_file>
      <input_file id="fl-103">
         <path>C:\ti\ccs910\ccs\tools\compiler\ti-cgt-arm_18.12.2.LTS\lib\</path>
         <kind>archive</kind>
         <file>rtsv7M4_T_le_v4SPD16_eabi.lib</file>
         <name>remove.c.obj</name>
      </input_file>
      <input_file id="fl-104">
         <path>C:\ti\ccs910\ccs\tools\compiler\ti-cgt-arm_18.12.2.LTS\lib\</path>
         <kind>archive</kind>
         <file>rtsv7M4_T_le_v4SPD16_eabi.lib</file>
         <name>close.c.obj</name>
      </input_file>
      <input_file id="fl-105">
         <path>C:\ti\ccs910\ccs\tools\compiler\ti-cgt-arm_18.12.2.LTS\lib\</path>
         <kind>archive</kind>
         <file>rtsv7M4_T_le_v4SPD16_eabi.lib</file>
         <name>unlink.c.obj</name>
      </input_file>
   </input_file_list>
   <object_component_list>
      <object_component id="oc-23">
         <name>.intvecs:retain</name>
         <load_address>0x0</load_address>
         <run_address>0x0</run_address>
         <size>0xe4</size>
         <input_file_ref idref="fl-9"/>
      </object_component>
      <object_component id="oc-19a">
         <name>.text:__TI_printfi</name>
         <load_address>0xe4</load_address>
         <run_address>0xe4</run_address>
         <size>0xa4e</size>
         <input_file_ref idref="fl-c6"/>
      </object_component>
      <object_component id="oc-268">
         <name>.text:_nop</name>
         <load_address>0xb32</load_address>
         <run_address>0xb32</run_address>
         <size>0x2</size>
         <input_file_ref idref="fl-dc"/>
      </object_component>
      <object_component id="oc-a3">
         <name>.text</name>
         <load_address>0xb34</load_address>
         <run_address>0xb34</run_address>
         <size>0x864</size>
         <input_file_ref idref="fl-5"/>
      </object_component>
      <object_component id="oc-108">
         <name>.text</name>
         <load_address>0x1398</load_address>
         <run_address>0x1398</run_address>
         <size>0x558</size>
         <input_file_ref idref="fl-7"/>
      </object_component>
      <object_component id="oc-1b9">
         <name>.text</name>
         <load_address>0x18f0</load_address>
         <run_address>0x18f0</run_address>
         <size>0x494</size>
         <input_file_ref idref="fl-6"/>
      </object_component>
      <object_component id="oc-fc">
         <name>.text</name>
         <load_address>0x1d84</load_address>
         <run_address>0x1d84</run_address>
         <size>0x420</size>
         <input_file_ref idref="fl-2"/>
      </object_component>
      <object_component id="oc-b5">
         <name>.text</name>
         <load_address>0x21a4</load_address>
         <run_address>0x21a4</run_address>
         <size>0x334</size>
         <input_file_ref idref="fl-a"/>
      </object_component>
      <object_component id="oc-244">
         <name>.text:_pconv_a</name>
         <load_address>0x24d8</load_address>
         <run_address>0x24d8</run_address>
         <size>0x270</size>
         <input_file_ref idref="fl-c6"/>
      </object_component>
      <object_component id="oc-232">
         <name>.text:_pconv_g</name>
         <load_address>0x2748</load_address>
         <run_address>0x2748</run_address>
         <size>0x1d0</size>
         <input_file_ref idref="fl-c6"/>
      </object_component>
      <object_component id="oc-2db">
         <name>.text</name>
         <load_address>0x2918</load_address>
         <run_address>0x2918</run_address>
         <size>0x1b6</size>
         <input_file_ref idref="fl-d0"/>
      </object_component>
      <object_component id="oc-363">
         <name>.text</name>
         <load_address>0x2ace</load_address>
         <run_address>0x2ace</run_address>
         <size>0x2</size>
         <input_file_ref idref="fl-ef"/>
      </object_component>
      <object_component id="oc-73">
         <name>.text</name>
         <load_address>0x2ad0</load_address>
         <run_address>0x2ad0</run_address>
         <size>0x190</size>
         <input_file_ref idref="fl-8"/>
      </object_component>
      <object_component id="oc-6d">
         <name>.text</name>
         <load_address>0x2c60</load_address>
         <run_address>0x2c60</run_address>
         <size>0x17c</size>
         <input_file_ref idref="fl-3"/>
      </object_component>
      <object_component id="oc-23e">
         <name>.text:_pconv_e</name>
         <load_address>0x2ddc</load_address>
         <run_address>0x2ddc</run_address>
         <size>0x13c</size>
         <input_file_ref idref="fl-c6"/>
      </object_component>
      <object_component id="oc-2c1">
         <name>.text</name>
         <load_address>0x2f18</load_address>
         <run_address>0x2f18</run_address>
         <size>0x136</size>
         <input_file_ref idref="fl-d2"/>
      </object_component>
      <object_component id="oc-2ed">
         <name>.text:fcvt</name>
         <load_address>0x3050</load_address>
         <run_address>0x3050</run_address>
         <size>0x124</size>
         <input_file_ref idref="fl-c6"/>
      </object_component>
      <object_component id="oc-276">
         <name>.text:fputs</name>
         <load_address>0x3174</load_address>
         <run_address>0x3174</run_address>
         <size>0x114</size>
         <input_file_ref idref="fl-c9"/>
      </object_component>
      <object_component id="oc-301">
         <name>.text:scalbn</name>
         <load_address>0x3288</load_address>
         <run_address>0x3288</run_address>
         <size>0x110</size>
         <input_file_ref idref="fl-cd"/>
      </object_component>
      <object_component id="oc-2bc">
         <name>.text</name>
         <load_address>0x3398</load_address>
         <run_address>0x3398</run_address>
         <size>0xfc</size>
         <input_file_ref idref="fl-d3"/>
      </object_component>
      <object_component id="oc-40e">
         <name>.text:aligned_alloc</name>
         <load_address>0x3494</load_address>
         <run_address>0x3494</run_address>
         <size>0xf4</size>
         <input_file_ref idref="fl-e3"/>
      </object_component>
      <object_component id="oc-3cc">
         <name>.text:free</name>
         <load_address>0x3588</load_address>
         <run_address>0x3588</run_address>
         <size>0xe8</size>
         <input_file_ref idref="fl-e3"/>
      </object_component>
      <object_component id="oc-39e">
         <name>.text:setvbuf</name>
         <load_address>0x3670</load_address>
         <run_address>0x3670</run_address>
         <size>0xdc</size>
         <input_file_ref idref="fl-cb"/>
      </object_component>
      <object_component id="oc-227">
         <name>.text:_ltostr</name>
         <load_address>0x374c</load_address>
         <run_address>0x374c</run_address>
         <size>0xb1</size>
         <input_file_ref idref="fl-c6"/>
      </object_component>
      <object_component id="oc-37">
         <name>.text</name>
         <load_address>0x37fe</load_address>
         <run_address>0x37fe</run_address>
         <size>0x9c</size>
         <input_file_ref idref="fl-d7"/>
      </object_component>
      <object_component id="oc-2b5">
         <name>.text</name>
         <load_address>0x389a</load_address>
         <run_address>0x389a</run_address>
         <size>0x96</size>
         <input_file_ref idref="fl-ce"/>
      </object_component>
      <object_component id="oc-27d">
         <name>.text:fputc</name>
         <load_address>0x3930</load_address>
         <run_address>0x3930</run_address>
         <size>0x8c</size>
         <input_file_ref idref="fl-c8"/>
      </object_component>
      <object_component id="oc-22d">
         <name>.text:__aeabi_cdcmple</name>
         <load_address>0x39bc</load_address>
         <run_address>0x39bc</run_address>
         <size>0x86</size>
         <input_file_ref idref="fl-d1"/>
      </object_component>
      <object_component id="oc-2c6">
         <name>.text:__aeabi_cdrcmple</name>
         <load_address>0x3a42</load_address>
         <run_address>0x3a42</run_address>
         <size>0x86</size>
         <input_file_ref idref="fl-d1"/>
      </object_component>
      <object_component id="oc-456">
         <name>.text:split</name>
         <load_address>0x3ac8</load_address>
         <run_address>0x3ac8</run_address>
         <size>0x7c</size>
         <input_file_ref idref="fl-e3"/>
      </object_component>
      <object_component id="oc-97">
         <name>.text</name>
         <load_address>0x3b44</load_address>
         <run_address>0x3b44</run_address>
         <size>0x7a</size>
         <input_file_ref idref="fl-cf"/>
      </object_component>
      <object_component id="oc-415">
         <name>.text:__TI_closefile</name>
         <load_address>0x3bc0</load_address>
         <run_address>0x3bc0</run_address>
         <size>0x74</size>
         <input_file_ref idref="fl-fe"/>
      </object_component>
      <object_component id="oc-2e6">
         <name>.text:_mcpy</name>
         <load_address>0x3c34</load_address>
         <run_address>0x3c34</run_address>
         <size>0x6e</size>
         <input_file_ref idref="fl-c6"/>
      </object_component>
      <object_component id="oc-439">
         <name>.text:HOSTlseek</name>
         <load_address>0x3ca4</load_address>
         <run_address>0x3ca4</run_address>
         <size>0x68</size>
         <input_file_ref idref="fl-f5"/>
      </object_component>
      <object_component id="oc-445">
         <name>.text:HOSTrename</name>
         <load_address>0x3d0c</load_address>
         <run_address>0x3d0c</run_address>
         <size>0x68</size>
         <input_file_ref idref="fl-f8"/>
      </object_component>
      <object_component id="oc-14">
         <name>.text:decompress:lzss:__TI_decompress_lzss</name>
         <load_address>0x3d74</load_address>
         <run_address>0x3d74</run_address>
         <size>0x68</size>
         <input_file_ref idref="fl-da"/>
      </object_component>
      <object_component id="oc-102">
         <name>.text:printf</name>
         <load_address>0x3ddc</load_address>
         <run_address>0x3ddc</run_address>
         <size>0x68</size>
         <input_file_ref idref="fl-c5"/>
      </object_component>
      <object_component id="oc-2fb">
         <name>.text:frexp</name>
         <load_address>0x3e44</load_address>
         <run_address>0x3e44</run_address>
         <size>0x64</size>
         <input_file_ref idref="fl-cc"/>
      </object_component>
      <object_component id="oc-398">
         <name>.text:fseek</name>
         <load_address>0x3ea8</load_address>
         <run_address>0x3ea8</run_address>
         <size>0x64</size>
         <input_file_ref idref="fl-ee"/>
      </object_component>
      <object_component id="oc-332">
         <name>.text:__TI_wrt_ok</name>
         <load_address>0x3f0c</load_address>
         <run_address>0x3f0c</run_address>
         <size>0x62</size>
         <input_file_ref idref="fl-ca"/>
      </object_component>
      <object_component id="oc-421">
         <name>.text:HOSTopen</name>
         <load_address>0x3f70</load_address>
         <run_address>0x3f70</run_address>
         <size>0x60</size>
         <input_file_ref idref="fl-f6"/>
      </object_component>
      <object_component id="oc-45d">
         <name>.text:close</name>
         <load_address>0x3fd0</load_address>
         <run_address>0x3fd0</run_address>
         <size>0x5c</size>
         <input_file_ref idref="fl-104"/>
      </object_component>
      <object_component id="oc-42d">
         <name>.text:HOSTread</name>
         <load_address>0x402c</load_address>
         <run_address>0x402c</run_address>
         <size>0x58</size>
         <input_file_ref idref="fl-f7"/>
      </object_component>
      <object_component id="oc-433">
         <name>.text:HOSTwrite</name>
         <load_address>0x4084</load_address>
         <run_address>0x4084</run_address>
         <size>0x58</size>
         <input_file_ref idref="fl-fa"/>
      </object_component>
      <object_component id="oc-f6">
         <name>.text</name>
         <load_address>0x40dc</load_address>
         <run_address>0x40dc</run_address>
         <size>0x58</size>
         <input_file_ref idref="fl-4"/>
      </object_component>
      <object_component id="oc-238">
         <name>.text:_pconv_f</name>
         <load_address>0x4134</load_address>
         <run_address>0x4134</run_address>
         <size>0x56</size>
         <input_file_ref idref="fl-c6"/>
      </object_component>
      <object_component id="oc-2d0">
         <name>.text:ltoa</name>
         <load_address>0x418a</load_address>
         <run_address>0x418a</run_address>
         <size>0x54</size>
         <input_file_ref idref="fl-e0"/>
      </object_component>
      <object_component id="oc-2e0">
         <name>.text:_ecpy</name>
         <load_address>0x41de</load_address>
         <run_address>0x41de</run_address>
         <size>0x52</size>
         <input_file_ref idref="fl-c6"/>
      </object_component>
      <object_component id="oc-33e">
         <name>.text:__TI_doflush</name>
         <load_address>0x4230</load_address>
         <run_address>0x4230</run_address>
         <size>0x4c</size>
         <input_file_ref idref="fl-ec"/>
      </object_component>
      <object_component id="oc-221">
         <name>.text:atoi</name>
         <load_address>0x427c</load_address>
         <run_address>0x427c</run_address>
         <size>0x4c</size>
         <input_file_ref idref="fl-dd"/>
      </object_component>
      <object_component id="oc-143">
         <name>.text:exit</name>
         <load_address>0x42c8</load_address>
         <run_address>0x42c8</run_address>
         <size>0x48</size>
         <input_file_ref idref="fl-db"/>
      </object_component>
      <object_component id="oc-2cb">
         <name>.text</name>
         <load_address>0x4310</load_address>
         <run_address>0x4310</run_address>
         <size>0x48</size>
         <input_file_ref idref="fl-d4"/>
      </object_component>
      <object_component id="oc-427">
         <name>.text:HOSTclose</name>
         <load_address>0x4358</load_address>
         <run_address>0x4358</run_address>
         <size>0x44</size>
         <input_file_ref idref="fl-f4"/>
      </object_component>
      <object_component id="oc-43f">
         <name>.text:HOSTunlink</name>
         <load_address>0x439c</load_address>
         <run_address>0x439c</run_address>
         <size>0x44</size>
         <input_file_ref idref="fl-f9"/>
      </object_component>
      <object_component id="oc-149">
         <name>.text:__TI_auto_init_nobinit_nopinit:__TI_auto_init_nobinit_nopinit</name>
         <load_address>0x43e0</load_address>
         <run_address>0x43e0</run_address>
         <size>0x44</size>
         <input_file_ref idref="fl-f0"/>
      </object_component>
      <object_component id="oc-495">
         <name>.text:getdevice</name>
         <load_address>0x4424</load_address>
         <run_address>0x4424</run_address>
         <size>0x44</size>
         <input_file_ref idref="fl-ff"/>
      </object_component>
      <object_component id="oc-113">
         <name>.text:sprintf</name>
         <load_address>0x4468</load_address>
         <run_address>0x4468</run_address>
         <size>0x40</size>
         <input_file_ref idref="fl-c7"/>
      </object_component>
      <object_component id="oc-2f3">
         <name>.text:_fcpy</name>
         <load_address>0x44a8</load_address>
         <run_address>0x44a8</run_address>
         <size>0x3e</size>
         <input_file_ref idref="fl-c6"/>
      </object_component>
      <object_component id="oc-46e">
         <name>.text:__TI_writemsg</name>
         <load_address>0x44e8</load_address>
         <run_address>0x44e8</run_address>
         <size>0x38</size>
         <input_file_ref idref="fl-fb"/>
      </object_component>
      <object_component id="oc-10e">
         <name>.text</name>
         <load_address>0x4520</load_address>
         <run_address>0x4520</run_address>
         <size>0x38</size>
         <input_file_ref idref="fl-d5"/>
      </object_component>
      <object_component id="oc-4b7">
         <name>.text:strncpy</name>
         <load_address>0x4558</load_address>
         <run_address>0x4558</run_address>
         <size>0x36</size>
         <input_file_ref idref="fl-102"/>
      </object_component>
      <object_component id="oc-3d8">
         <name>.text:__TI_cleanup</name>
         <load_address>0x4590</load_address>
         <run_address>0x4590</run_address>
         <size>0x34</size>
         <input_file_ref idref="fl-ed"/>
      </object_component>
      <object_component id="oc-474">
         <name>.text:__TI_readmsg</name>
         <load_address>0x45c4</load_address>
         <run_address>0x45c4</run_address>
         <size>0x34</size>
         <input_file_ref idref="fl-fb"/>
      </object_component>
      <object_component id="oc-55">
         <name>.text:_c_int00_noargs:_c_int00_noargs</name>
         <load_address>0x45f8</load_address>
         <run_address>0x45f8</run_address>
         <size>0x34</size>
         <input_file_ref idref="fl-e8"/>
      </object_component>
      <object_component id="oc-4bd">
         <name>.text:finddevice</name>
         <load_address>0x462c</load_address>
         <run_address>0x462c</run_address>
         <size>0x30</size>
         <input_file_ref idref="fl-ff"/>
      </object_component>
      <object_component id="oc-2d6">
         <name>.text</name>
         <load_address>0x465c</load_address>
         <run_address>0x465c</run_address>
         <size>0x2e</size>
         <input_file_ref idref="fl-d6"/>
      </object_component>
      <object_component id="oc-463">
         <name>.text:unlink</name>
         <load_address>0x468c</load_address>
         <run_address>0x468c</run_address>
         <size>0x2c</size>
         <input_file_ref idref="fl-105"/>
      </object_component>
      <object_component id="oc-407">
         <name>.text:free_list_insert</name>
         <load_address>0x46b8</load_address>
         <run_address>0x46b8</run_address>
         <size>0x28</size>
         <input_file_ref idref="fl-e3"/>
      </object_component>
      <object_component id="oc-3c4">
         <name>.text:lseek</name>
         <load_address>0x46e0</load_address>
         <run_address>0x46e0</run_address>
         <size>0x28</size>
         <input_file_ref idref="fl-fd"/>
      </object_component>
      <object_component id="oc-344">
         <name>.text:write</name>
         <load_address>0x4708</load_address>
         <run_address>0x4708</run_address>
         <size>0x28</size>
         <input_file_ref idref="fl-e6"/>
      </object_component>
      <object_component id="oc-338">
         <name>.text:memchr</name>
         <load_address>0x4730</load_address>
         <run_address>0x4730</run_address>
         <size>0x20</size>
         <input_file_ref idref="fl-e2"/>
      </object_component>
      <object_component id="oc-43">
         <name>.text:decompress:ZI:__TI_zero_init_nomemset:__TI_zero_init_nomemset</name>
         <load_address>0x4750</load_address>
         <run_address>0x4750</run_address>
         <size>0x1c</size>
         <input_file_ref idref="fl-d8"/>
      </object_component>
      <object_component id="oc-401">
         <name>.text:free_list_remove</name>
         <load_address>0x476c</load_address>
         <run_address>0x476c</run_address>
         <size>0x1c</size>
         <input_file_ref idref="fl-e3"/>
      </object_component>
      <object_component id="oc-24a">
         <name>.text:memccpy</name>
         <load_address>0x4788</load_address>
         <run_address>0x4788</run_address>
         <size>0x1c</size>
         <input_file_ref idref="fl-e1"/>
      </object_component>
      <object_component id="oc-37c">
         <name>.text:copysign</name>
         <load_address>0x47a4</load_address>
         <run_address>0x47a4</run_address>
         <size>0x1a</size>
         <input_file_ref idref="fl-eb"/>
      </object_component>
      <object_component id="oc-1d1">
         <name>.text:_outs</name>
         <load_address>0x47be</load_address>
         <run_address>0x47be</run_address>
         <size>0x18</size>
         <input_file_ref idref="fl-c7"/>
      </object_component>
      <object_component id="oc-4d4">
         <name>.text:strcmp</name>
         <load_address>0x47d6</load_address>
         <run_address>0x47d6</run_address>
         <size>0x18</size>
         <input_file_ref idref="fl-100"/>
      </object_component>
      <object_component id="oc-307">
         <name>.text:strchr</name>
         <load_address>0x47ee</load_address>
         <run_address>0x47ee</run_address>
         <size>0x16</size>
         <input_file_ref idref="fl-e4"/>
      </object_component>
      <object_component id="oc-488">
         <name>.text:strcpy</name>
         <load_address>0x4804</load_address>
         <run_address>0x4804</run_address>
         <size>0x14</size>
         <input_file_ref idref="fl-101"/>
      </object_component>
      <object_component id="oc-21b">
         <name>.text:strlen</name>
         <load_address>0x4818</load_address>
         <run_address>0x4818</run_address>
         <size>0x14</size>
         <input_file_ref idref="fl-e5"/>
      </object_component>
      <object_component id="oc-250">
         <name>.text:wcslen</name>
         <load_address>0x482c</load_address>
         <run_address>0x482c</run_address>
         <size>0x12</size>
         <input_file_ref idref="fl-ea"/>
      </object_component>
      <object_component id="oc-1a">
         <name>.text:decompress:none:__TI_decompress_none</name>
         <load_address>0x483e</load_address>
         <run_address>0x483e</run_address>
         <size>0xe</size>
         <input_file_ref idref="fl-d9"/>
      </object_component>
      <object_component id="oc-67">
         <name>.text</name>
         <load_address>0x484c</load_address>
         <run_address>0x484c</run_address>
         <size>0xe</size>
         <input_file_ref idref="fl-9"/>
      </object_component>
      <object_component id="oc-1d7">
         <name>.text:_outc</name>
         <load_address>0x485a</load_address>
         <run_address>0x485a</run_address>
         <size>0xa</size>
         <input_file_ref idref="fl-c7"/>
      </object_component>
      <object_component id="oc-256">
         <name>.text:__aeabi_errno_addr</name>
         <load_address>0x4864</load_address>
         <run_address>0x4864</run_address>
         <size>0x8</size>
         <input_file_ref idref="fl-e9"/>
      </object_component>
      <object_component id="oc-3d2">
         <name>.text:malloc</name>
         <load_address>0x486c</load_address>
         <run_address>0x486c</run_address>
         <size>0x8</size>
         <input_file_ref idref="fl-e3"/>
      </object_component>
      <object_component id="oc-1ac">
         <name>.text:_outc</name>
         <load_address>0x4874</load_address>
         <run_address>0x4874</run_address>
         <size>0x4</size>
         <input_file_ref idref="fl-c5"/>
      </object_component>
      <object_component id="oc-1a6">
         <name>.text:_outs</name>
         <load_address>0x4878</load_address>
         <run_address>0x4878</run_address>
         <size>0x4</size>
         <input_file_ref idref="fl-c5"/>
      </object_component>
      <object_component id="oc-9d">
         <name>.text:_system_pre_init</name>
         <load_address>0x487c</load_address>
         <run_address>0x487c</run_address>
         <size>0x4</size>
         <input_file_ref idref="fl-f1"/>
      </object_component>
      <object_component id="oc-13d">
         <name>.text:abort:abort</name>
         <load_address>0x4880</load_address>
         <run_address>0x4880</run_address>
         <size>0x4</size>
         <input_file_ref idref="fl-db"/>
      </object_component>
      <object_component id="oc-2b0">
         <name>.const:.string:_ctypes_</name>
         <load_address>0x4884</load_address>
         <run_address>0x4884</run_address>
         <size>0x101</size>
         <input_file_ref idref="fl-de"/>
      </object_component>
      <object_component id="oc-131">
         <name>.const:.string:$P$T8$9</name>
         <load_address>0x4985</load_address>
         <run_address>0x4985</run_address>
         <size>0xd</size>
         <input_file_ref idref="fl-5"/>
      </object_component>
      <object_component id="oc-11f">
         <name>.const:.string:$P$T2$3</name>
         <load_address>0x4992</load_address>
         <run_address>0x4992</run_address>
         <size>0x9</size>
         <input_file_ref idref="fl-5"/>
      </object_component>
      <object_component id="oc-12b">
         <name>.const:.string:$P$T6$7</name>
         <load_address>0x499b</load_address>
         <run_address>0x499b</run_address>
         <size>0x8</size>
         <input_file_ref idref="fl-5"/>
      </object_component>
      <object_component id="oc-119">
         <name>.const:.string:$P$T0$1</name>
         <load_address>0x49a3</load_address>
         <run_address>0x49a3</run_address>
         <size>0x7</size>
         <input_file_ref idref="fl-5"/>
      </object_component>
      <object_component id="oc-125">
         <name>.const:.string:$P$T4$5</name>
         <load_address>0x49aa</load_address>
         <run_address>0x49aa</run_address>
         <size>0x7</size>
         <input_file_ref idref="fl-5"/>
      </object_component>
      <object_component id="oc-122">
         <name>.const:.string:$P$T3$4</name>
         <load_address>0x49b1</load_address>
         <run_address>0x49b1</run_address>
         <size>0x6</size>
         <input_file_ref idref="fl-5"/>
      </object_component>
      <object_component id="oc-134">
         <name>.const:.string:$P$T9$10</name>
         <load_address>0x49b7</load_address>
         <run_address>0x49b7</run_address>
         <size>0x6</size>
         <input_file_ref idref="fl-5"/>
      </object_component>
      <object_component id="oc-12e">
         <name>.const:.string:$P$T7$8</name>
         <load_address>0x49bd</load_address>
         <run_address>0x49bd</run_address>
         <size>0x5</size>
         <input_file_ref idref="fl-5"/>
      </object_component>
      <object_component id="oc-11c">
         <name>.const:.string:$P$T1$2</name>
         <load_address>0x49c2</load_address>
         <run_address>0x49c2</run_address>
         <size>0x4</size>
         <input_file_ref idref="fl-5"/>
      </object_component>
      <object_component id="oc-128">
         <name>.const:.string:$P$T5$6</name>
         <load_address>0x49c6</load_address>
         <run_address>0x49c6</run_address>
         <size>0x4</size>
         <input_file_ref idref="fl-5"/>
      </object_component>
      <object_component id="oc-1c2">
         <name>.const:.string:$P$T1$2</name>
         <load_address>0x49ca</load_address>
         <run_address>0x49ca</run_address>
         <size>0x2</size>
         <input_file_ref idref="fl-7"/>
      </object_component>
      <object_component id="oc-1bf">
         <name>.const:.string:$P$T0$1</name>
         <load_address>0x49cc</load_address>
         <run_address>0x49cc</run_address>
         <size>0x1</size>
         <input_file_ref idref="fl-7"/>
      </object_component>
      <object_component id="oc-512">
         <name>.cinit..data.load</name>
         <load_address>0x49d0</load_address>
         <run_address>0x49d0</run_address>
         <size>0x6f</size>
      </object_component>
      <object_component id="oc-510">
         <name>__TI_handler_table</name>
         <load_address>0x4a40</load_address>
         <run_address>0x4a40</run_address>
         <size>0xc</size>
      </object_component>
      <object_component id="oc-513">
         <name>.cinit..bss.load</name>
         <load_address>0x4a50</load_address>
         <run_address>0x4a50</run_address>
         <size>0x8</size>
      </object_component>
      <object_component id="oc-511">
         <name>__TI_cinit_table</name>
         <load_address>0x4a58</load_address>
         <run_address>0x4a58</run_address>
         <size>0x10</size>
      </object_component>
      <object_component id="oc-4e5">
         <name>.binit</name>
         <load_address>0x0</load_address>
         <run_address>0x0</run_address>
         <size>0x0</size>
      </object_component>
      <object_component id="oc-bc">
         <name>.data</name>
         <load_address>0x200008b8</load_address>
         <run_address>0x200008b8</run_address>
         <size>0x2</size>
         <input_file_ref idref="fl-3"/>
      </object_component>
      <object_component id="oc-ce">
         <name>.data</name>
         <load_address>0x200008ba</load_address>
         <run_address>0x200008ba</run_address>
         <size>0x2</size>
         <input_file_ref idref="fl-5"/>
      </object_component>
      <object_component id="oc-17b">
         <name>.data</name>
         <load_address>0x200008b4</load_address>
         <run_address>0x200008b4</run_address>
         <size>0x4</size>
         <input_file_ref idref="fl-a"/>
      </object_component>
      <object_component id="oc-1f9">
         <name>.data:$O1$$</name>
         <load_address>0x20000894</load_address>
         <run_address>0x20000894</run_address>
         <size>0xc</size>
         <input_file_ref idref="fl-db"/>
      </object_component>
      <object_component id="oc-1a0">
         <name>.data:$O1$$</name>
         <load_address>0x200008a0</load_address>
         <run_address>0x200008a0</run_address>
         <size>0x8</size>
         <input_file_ref idref="fl-dc"/>
      </object_component>
      <object_component id="oc-1a3">
         <name>.data:_ftable</name>
         <load_address>0x200006cc</load_address>
         <run_address>0x200006cc</run_address>
         <size>0xf0</size>
         <input_file_ref idref="fl-df"/>
      </object_component>
      <object_component id="oc-41b">
         <name>.data</name>
         <load_address>0x20000884</load_address>
         <run_address>0x20000884</run_address>
         <size>0x10</size>
         <input_file_ref idref="fl-df"/>
      </object_component>
      <object_component id="oc-451">
         <name>.data:$O1$$</name>
         <load_address>0x200008a8</load_address>
         <run_address>0x200008a8</run_address>
         <size>0x8</size>
         <input_file_ref idref="fl-e3"/>
      </object_component>
      <object_component id="oc-3eb">
         <name>.data:_device</name>
         <load_address>0x200007bc</load_address>
         <run_address>0x200007bc</run_address>
         <size>0x78</size>
         <input_file_ref idref="fl-e7"/>
      </object_component>
      <object_component id="oc-3aa">
         <name>.data:_stream</name>
         <load_address>0x20000834</load_address>
         <run_address>0x20000834</run_address>
         <size>0x50</size>
         <input_file_ref idref="fl-e7"/>
      </object_component>
      <object_component id="oc-317">
         <name>.data</name>
         <load_address>0x200008b0</load_address>
         <run_address>0x200008b0</run_address>
         <size>0x4</size>
         <input_file_ref idref="fl-e9"/>
      </object_component>
      <object_component id="oc-49f">
         <name>.bss:_CIOBUF_</name>
         <uninitialized>true</uninitialized>
         <run_address>0x20000400</run_address>
         <size>0x120</size>
         <input_file_ref idref="fl-fb"/>
      </object_component>
      <object_component id="oc-cd">
         <name>.common:dataEx</name>
         <uninitialized>true</uninitialized>
         <run_address>0x20000520</run_address>
         <size>0x100</size>
      </object_component>
      <object_component id="oc-ca">
         <name>.common:lastVar</name>
         <uninitialized>true</uninitialized>
         <run_address>0x200006c8</run_address>
         <size>0x1</size>
      </object_component>
      <object_component id="oc-469">
         <name>.common:__TI_tmpnams</name>
         <uninitialized>true</uninitialized>
         <run_address>0x20000620</run_address>
         <size>0xa0</size>
      </object_component>
      <object_component id="oc-47a">
         <name>.common:parmbuf</name>
         <uninitialized>true</uninitialized>
         <run_address>0x200006c0</run_address>
         <size>0x8</size>
      </object_component>
      <object_component id="oc-26">
         <name>.sysmem</name>
         <uninitialized>true</uninitialized>
         <run_address>0x20000000</run_address>
         <size>0x10</size>
         <input_file_ref idref="fl-e3"/>
      </object_component>
      <object_component id="oc-515">
         <name>.sysmem</name>
         <uninitialized>true</uninitialized>
         <run_address>0x20000000</run_address>
         <size>0x0</size>
      </object_component>
      <object_component id="oc-29">
         <name>.stack</name>
         <uninitialized>true</uninitialized>
         <run_address>0x2000fe00</run_address>
         <size>0x4</size>
         <input_file_ref idref="fl-e8"/>
      </object_component>
      <object_component id="oc-514">
         <name>.stack</name>
         <uninitialized>true</uninitialized>
         <run_address>0x2000fe00</run_address>
         <size>0x0</size>
      </object_component>
      <object_component id="oc-187">
         <name>.debug_info</name>
         <load_address>0x0</load_address>
         <run_address>0x0</run_address>
         <size>0x569</size>
         <input_file_ref idref="fl-2"/>
      </object_component>
      <object_component id="oc-fe">
         <name>.debug_info</name>
         <load_address>0x569</load_address>
         <run_address>0x569</run_address>
         <size>0x6ff</size>
         <input_file_ref idref="fl-2"/>
      </object_component>
      <object_component id="oc-c5">
         <name>.debug_info</name>
         <load_address>0xc68</load_address>
         <run_address>0xc68</run_address>
         <size>0x37e2</size>
         <input_file_ref idref="fl-2"/>
      </object_component>
      <object_component id="oc-d5">
         <name>.debug_info</name>
         <load_address>0x444a</load_address>
         <run_address>0x444a</run_address>
         <size>0x26b</size>
         <input_file_ref idref="fl-2"/>
      </object_component>
      <object_component id="oc-18f">
         <name>.debug_info</name>
         <load_address>0x46b5</load_address>
         <run_address>0x46b5</run_address>
         <size>0x1055</size>
         <input_file_ref idref="fl-2"/>
      </object_component>
      <object_component id="oc-32">
         <name>.debug_info</name>
         <load_address>0x570a</load_address>
         <run_address>0x570a</run_address>
         <size>0x84</size>
         <input_file_ref idref="fl-2"/>
      </object_component>
      <object_component id="oc-182">
         <name>.debug_info</name>
         <load_address>0x578e</load_address>
         <run_address>0x578e</run_address>
         <size>0x297</size>
         <input_file_ref idref="fl-2"/>
      </object_component>
      <object_component id="oc-c0">
         <name>.debug_info</name>
         <load_address>0x5a25</load_address>
         <run_address>0x5a25</run_address>
         <size>0xbb</size>
         <input_file_ref idref="fl-2"/>
      </object_component>
      <object_component id="oc-ed">
         <name>.debug_info</name>
         <load_address>0x5ae0</load_address>
         <run_address>0x5ae0</run_address>
         <size>0x2c</size>
         <input_file_ref idref="fl-2"/>
      </object_component>
      <object_component id="oc-1f3">
         <name>.debug_info</name>
         <load_address>0x5b0c</load_address>
         <run_address>0x5b0c</run_address>
         <size>0x2c</size>
         <input_file_ref idref="fl-2"/>
      </object_component>
      <object_component id="oc-1b4">
         <name>.debug_info</name>
         <load_address>0x5b38</load_address>
         <run_address>0x5b38</run_address>
         <size>0x2c</size>
         <input_file_ref idref="fl-2"/>
      </object_component>
      <object_component id="oc-1c7">
         <name>.debug_info</name>
         <load_address>0x5b64</load_address>
         <run_address>0x5b64</run_address>
         <size>0x7d</size>
         <input_file_ref idref="fl-2"/>
      </object_component>
      <object_component id="oc-181">
         <name>.debug_info</name>
         <load_address>0x5be1</load_address>
         <run_address>0x5be1</run_address>
         <size>0x543</size>
         <input_file_ref idref="fl-3"/>
      </object_component>
      <object_component id="oc-bd">
         <name>.debug_info</name>
         <load_address>0x6124</load_address>
         <run_address>0x6124</run_address>
         <size>0xfb</size>
         <input_file_ref idref="fl-3"/>
      </object_component>
      <object_component id="oc-6f">
         <name>.debug_info</name>
         <load_address>0x621f</load_address>
         <run_address>0x621f</run_address>
         <size>0x52e</size>
         <input_file_ref idref="fl-3"/>
      </object_component>
      <object_component id="oc-f9">
         <name>.debug_info</name>
         <load_address>0x674d</load_address>
         <run_address>0x674d</run_address>
         <size>0x16c</size>
         <input_file_ref idref="fl-4"/>
      </object_component>
      <object_component id="oc-cb">
         <name>.debug_info</name>
         <load_address>0x68b9</load_address>
         <run_address>0x68b9</run_address>
         <size>0x920</size>
         <input_file_ref idref="fl-5"/>
      </object_component>
      <object_component id="oc-cf">
         <name>.debug_info</name>
         <load_address>0x71d9</load_address>
         <run_address>0x71d9</run_address>
         <size>0xe3</size>
         <input_file_ref idref="fl-5"/>
      </object_component>
      <object_component id="oc-11a">
         <name>.debug_info</name>
         <load_address>0x72bc</load_address>
         <run_address>0x72bc</run_address>
         <size>0xe2</size>
         <input_file_ref idref="fl-5"/>
      </object_component>
      <object_component id="oc-11d">
         <name>.debug_info</name>
         <load_address>0x739e</load_address>
         <run_address>0x739e</run_address>
         <size>0xe2</size>
         <input_file_ref idref="fl-5"/>
      </object_component>
      <object_component id="oc-120">
         <name>.debug_info</name>
         <load_address>0x7480</load_address>
         <run_address>0x7480</run_address>
         <size>0xe2</size>
         <input_file_ref idref="fl-5"/>
      </object_component>
      <object_component id="oc-123">
         <name>.debug_info</name>
         <load_address>0x7562</load_address>
         <run_address>0x7562</run_address>
         <size>0xe2</size>
         <input_file_ref idref="fl-5"/>
      </object_component>
      <object_component id="oc-126">
         <name>.debug_info</name>
         <load_address>0x7644</load_address>
         <run_address>0x7644</run_address>
         <size>0xe2</size>
         <input_file_ref idref="fl-5"/>
      </object_component>
      <object_component id="oc-129">
         <name>.debug_info</name>
         <load_address>0x7726</load_address>
         <run_address>0x7726</run_address>
         <size>0xe2</size>
         <input_file_ref idref="fl-5"/>
      </object_component>
      <object_component id="oc-12c">
         <name>.debug_info</name>
         <load_address>0x7808</load_address>
         <run_address>0x7808</run_address>
         <size>0xe2</size>
         <input_file_ref idref="fl-5"/>
      </object_component>
      <object_component id="oc-12f">
         <name>.debug_info</name>
         <load_address>0x78ea</load_address>
         <run_address>0x78ea</run_address>
         <size>0xe2</size>
         <input_file_ref idref="fl-5"/>
      </object_component>
      <object_component id="oc-132">
         <name>.debug_info</name>
         <load_address>0x79cc</load_address>
         <run_address>0x79cc</run_address>
         <size>0xe2</size>
         <input_file_ref idref="fl-5"/>
      </object_component>
      <object_component id="oc-135">
         <name>.debug_info</name>
         <load_address>0x7aae</load_address>
         <run_address>0x7aae</run_address>
         <size>0xe4</size>
         <input_file_ref idref="fl-5"/>
      </object_component>
      <object_component id="oc-a4">
         <name>.debug_info</name>
         <load_address>0x7b92</load_address>
         <run_address>0x7b92</run_address>
         <size>0x96a</size>
         <input_file_ref idref="fl-5"/>
      </object_component>
      <object_component id="oc-18a">
         <name>.debug_info</name>
         <load_address>0x84fc</load_address>
         <run_address>0x84fc</run_address>
         <size>0x37e2</size>
         <input_file_ref idref="fl-5"/>
      </object_component>
      <object_component id="oc-138">
         <name>.debug_info</name>
         <load_address>0xbcde</load_address>
         <run_address>0xbcde</run_address>
         <size>0xf5</size>
         <input_file_ref idref="fl-5"/>
      </object_component>
      <object_component id="oc-28c">
         <name>.debug_info</name>
         <load_address>0xbdd3</load_address>
         <run_address>0xbdd3</run_address>
         <size>0x62e</size>
         <input_file_ref idref="fl-6"/>
      </object_component>
      <object_component id="oc-1ba">
         <name>.debug_info</name>
         <load_address>0xc401</load_address>
         <run_address>0xc401</run_address>
         <size>0xaf8</size>
         <input_file_ref idref="fl-6"/>
      </object_component>
      <object_component id="oc-1c6">
         <name>.debug_info</name>
         <load_address>0xcef9</load_address>
         <run_address>0xcef9</run_address>
         <size>0x3b4</size>
         <input_file_ref idref="fl-7"/>
      </object_component>
      <object_component id="oc-1c0">
         <name>.debug_info</name>
         <load_address>0xd2ad</load_address>
         <run_address>0xd2ad</run_address>
         <size>0xe3</size>
         <input_file_ref idref="fl-7"/>
      </object_component>
      <object_component id="oc-1c3">
         <name>.debug_info</name>
         <load_address>0xd390</load_address>
         <run_address>0xd390</run_address>
         <size>0xe3</size>
         <input_file_ref idref="fl-7"/>
      </object_component>
      <object_component id="oc-109">
         <name>.debug_info</name>
         <load_address>0xd473</load_address>
         <run_address>0xd473</run_address>
         <size>0xa7a</size>
         <input_file_ref idref="fl-7"/>
      </object_component>
      <object_component id="oc-1cc">
         <name>.debug_info</name>
         <load_address>0xdeed</load_address>
         <run_address>0xdeed</run_address>
         <size>0x65</size>
         <input_file_ref idref="fl-7"/>
      </object_component>
      <object_component id="oc-d2">
         <name>.debug_info</name>
         <load_address>0xdf52</load_address>
         <run_address>0xdf52</run_address>
         <size>0x5a2</size>
         <input_file_ref idref="fl-8"/>
      </object_component>
      <object_component id="oc-74">
         <name>.debug_info</name>
         <load_address>0xe4f4</load_address>
         <run_address>0xe4f4</run_address>
         <size>0x4e1</size>
         <input_file_ref idref="fl-8"/>
      </object_component>
      <object_component id="oc-7b">
         <name>.debug_info</name>
         <load_address>0xe9d5</load_address>
         <run_address>0xe9d5</run_address>
         <size>0x2dc</size>
         <input_file_ref idref="fl-9"/>
      </object_component>
      <object_component id="oc-24">
         <name>.debug_info</name>
         <load_address>0xecb1</load_address>
         <run_address>0xecb1</run_address>
         <size>0x108</size>
         <input_file_ref idref="fl-9"/>
      </object_component>
      <object_component id="oc-6b">
         <name>.debug_info</name>
         <load_address>0xedb9</load_address>
         <run_address>0xedb9</run_address>
         <size>0x1cf</size>
         <input_file_ref idref="fl-9"/>
      </object_component>
      <object_component id="oc-17c">
         <name>.debug_info</name>
         <load_address>0xef88</load_address>
         <run_address>0xef88</run_address>
         <size>0x101</size>
         <input_file_ref idref="fl-a"/>
      </object_component>
      <object_component id="oc-b8">
         <name>.debug_info</name>
         <load_address>0xf089</load_address>
         <run_address>0xf089</run_address>
         <size>0x273</size>
         <input_file_ref idref="fl-a"/>
      </object_component>
      <object_component id="oc-1b3">
         <name>.debug_info</name>
         <load_address>0xf2fc</load_address>
         <run_address>0xf2fc</run_address>
         <size>0x3e6</size>
         <input_file_ref idref="fl-c5"/>
      </object_component>
      <object_component id="oc-1ae">
         <name>.debug_info</name>
         <load_address>0xf6e2</load_address>
         <run_address>0xf6e2</run_address>
         <size>0x158</size>
         <input_file_ref idref="fl-c5"/>
      </object_component>
      <object_component id="oc-1aa">
         <name>.debug_info</name>
         <load_address>0xf83a</load_address>
         <run_address>0xf83a</run_address>
         <size>0x167</size>
         <input_file_ref idref="fl-c5"/>
      </object_component>
      <object_component id="oc-104">
         <name>.debug_info</name>
         <load_address>0xf9a1</load_address>
         <run_address>0xf9a1</run_address>
         <size>0x1ad</size>
         <input_file_ref idref="fl-c5"/>
      </object_component>
      <object_component id="oc-286">
         <name>.debug_info</name>
         <load_address>0xfb4e</load_address>
         <run_address>0xfb4e</run_address>
         <size>0xb2</size>
         <input_file_ref idref="fl-c5"/>
      </object_component>
      <object_component id="oc-25d">
         <name>.debug_info</name>
         <load_address>0xfc00</load_address>
         <run_address>0xfc00</run_address>
         <size>0x57c</size>
         <input_file_ref idref="fl-c6"/>
      </object_component>
      <object_component id="oc-22b">
         <name>.debug_info</name>
         <load_address>0x1017c</load_address>
         <run_address>0x1017c</run_address>
         <size>0x21f</size>
         <input_file_ref idref="fl-c6"/>
      </object_component>
      <object_component id="oc-2e4">
         <name>.debug_info</name>
         <load_address>0x1039b</load_address>
         <run_address>0x1039b</run_address>
         <size>0x1b4</size>
         <input_file_ref idref="fl-c6"/>
      </object_component>
      <object_component id="oc-2ea">
         <name>.debug_info</name>
         <load_address>0x1054f</load_address>
         <run_address>0x1054f</run_address>
         <size>0x21c</size>
         <input_file_ref idref="fl-c6"/>
      </object_component>
      <object_component id="oc-236">
         <name>.debug_info</name>
         <load_address>0x1076b</load_address>
         <run_address>0x1076b</run_address>
         <size>0x3bc</size>
         <input_file_ref idref="fl-c6"/>
      </object_component>
      <object_component id="oc-2f1">
         <name>.debug_info</name>
         <load_address>0x10b27</load_address>
         <run_address>0x10b27</run_address>
         <size>0x306</size>
         <input_file_ref idref="fl-c6"/>
      </object_component>
      <object_component id="oc-2f7">
         <name>.debug_info</name>
         <load_address>0x10e2d</load_address>
         <run_address>0x10e2d</run_address>
         <size>0x216</size>
         <input_file_ref idref="fl-c6"/>
      </object_component>
      <object_component id="oc-23c">
         <name>.debug_info</name>
         <load_address>0x11043</load_address>
         <run_address>0x11043</run_address>
         <size>0x216</size>
         <input_file_ref idref="fl-c6"/>
      </object_component>
      <object_component id="oc-242">
         <name>.debug_info</name>
         <load_address>0x11259</load_address>
         <run_address>0x11259</run_address>
         <size>0x305</size>
         <input_file_ref idref="fl-c6"/>
      </object_component>
      <object_component id="oc-248">
         <name>.debug_info</name>
         <load_address>0x1155e</load_address>
         <run_address>0x1155e</run_address>
         <size>0x4b1</size>
         <input_file_ref idref="fl-c6"/>
      </object_component>
      <object_component id="oc-19e">
         <name>.debug_info</name>
         <load_address>0x11a0f</load_address>
         <run_address>0x11a0f</run_address>
         <size>0x5f5</size>
         <input_file_ref idref="fl-c6"/>
      </object_component>
      <object_component id="oc-25e">
         <name>.debug_info</name>
         <load_address>0x12004</load_address>
         <run_address>0x12004</run_address>
         <size>0x86</size>
         <input_file_ref idref="fl-c6"/>
      </object_component>
      <object_component id="oc-323">
         <name>.debug_info</name>
         <load_address>0x1208a</load_address>
         <run_address>0x1208a</run_address>
         <size>0x39</size>
         <input_file_ref idref="fl-c6"/>
      </object_component>
      <object_component id="oc-393">
         <name>.debug_info</name>
         <load_address>0x120c3</load_address>
         <run_address>0x120c3</run_address>
         <size>0xb6</size>
         <input_file_ref idref="fl-c6"/>
      </object_component>
      <object_component id="oc-328">
         <name>.debug_info</name>
         <load_address>0x12179</load_address>
         <run_address>0x12179</run_address>
         <size>0x46</size>
         <input_file_ref idref="fl-c6"/>
      </object_component>
      <object_component id="oc-263">
         <name>.debug_info</name>
         <load_address>0x121bf</load_address>
         <run_address>0x121bf</run_address>
         <size>0x46</size>
         <input_file_ref idref="fl-c6"/>
      </object_component>
      <object_component id="oc-31e">
         <name>.debug_info</name>
         <load_address>0x12205</load_address>
         <run_address>0x12205</run_address>
         <size>0x2c</size>
         <input_file_ref idref="fl-c6"/>
      </object_component>
      <object_component id="oc-1de">
         <name>.debug_info</name>
         <load_address>0x12231</load_address>
         <run_address>0x12231</run_address>
         <size>0x334</size>
         <input_file_ref idref="fl-c7"/>
      </object_component>
      <object_component id="oc-116">
         <name>.debug_info</name>
         <load_address>0x12565</load_address>
         <run_address>0x12565</run_address>
         <size>0x1d2</size>
         <input_file_ref idref="fl-c7"/>
      </object_component>
      <object_component id="oc-1d2">
         <name>.debug_info</name>
         <load_address>0x12737</load_address>
         <run_address>0x12737</run_address>
         <size>0x18e</size>
         <input_file_ref idref="fl-c7"/>
      </object_component>
      <object_component id="oc-1d8">
         <name>.debug_info</name>
         <load_address>0x128c5</load_address>
         <run_address>0x128c5</run_address>
         <size>0x16e</size>
         <input_file_ref idref="fl-c7"/>
      </object_component>
      <object_component id="oc-34d">
         <name>.debug_info</name>
         <load_address>0x12a33</load_address>
         <run_address>0x12a33</run_address>
         <size>0x384</size>
         <input_file_ref idref="fl-c8"/>
      </object_component>
      <object_component id="oc-27f">
         <name>.debug_info</name>
         <load_address>0x12db7</load_address>
         <run_address>0x12db7</run_address>
         <size>0x1eb</size>
         <input_file_ref idref="fl-c8"/>
      </object_component>
      <object_component id="oc-34b">
         <name>.debug_info</name>
         <load_address>0x12fa2</load_address>
         <run_address>0x12fa2</run_address>
         <size>0x3fd</size>
         <input_file_ref idref="fl-c9"/>
      </object_component>
      <object_component id="oc-277">
         <name>.debug_info</name>
         <load_address>0x1339f</load_address>
         <run_address>0x1339f</run_address>
         <size>0x2e3</size>
         <input_file_ref idref="fl-c9"/>
      </object_component>
      <object_component id="oc-3a5">
         <name>.debug_info</name>
         <load_address>0x13682</load_address>
         <run_address>0x13682</run_address>
         <size>0x301</size>
         <input_file_ref idref="fl-ca"/>
      </object_component>
      <object_component id="oc-334">
         <name>.debug_info</name>
         <load_address>0x13983</load_address>
         <run_address>0x13983</run_address>
         <size>0x19d</size>
         <input_file_ref idref="fl-ca"/>
      </object_component>
      <object_component id="oc-3e0">
         <name>.debug_info</name>
         <load_address>0x13b20</load_address>
         <run_address>0x13b20</run_address>
         <size>0xbf</size>
         <input_file_ref idref="fl-ca"/>
      </object_component>
      <object_component id="oc-3df">
         <name>.debug_info</name>
         <load_address>0x13bdf</load_address>
         <run_address>0x13bdf</run_address>
         <size>0x375</size>
         <input_file_ref idref="fl-cb"/>
      </object_component>
      <object_component id="oc-3a0">
         <name>.debug_info</name>
         <load_address>0x13f54</load_address>
         <run_address>0x13f54</run_address>
         <size>0x20c</size>
         <input_file_ref idref="fl-cb"/>
      </object_component>
      <object_component id="oc-376">
         <name>.debug_info</name>
         <load_address>0x14160</load_address>
         <run_address>0x14160</run_address>
         <size>0x29b</size>
         <input_file_ref idref="fl-cc"/>
      </object_component>
      <object_component id="oc-2fc">
         <name>.debug_info</name>
         <load_address>0x143fb</load_address>
         <run_address>0x143fb</run_address>
         <size>0x196</size>
         <input_file_ref idref="fl-cc"/>
      </object_component>
      <object_component id="oc-3ba">
         <name>.debug_info</name>
         <load_address>0x14591</load_address>
         <run_address>0x14591</run_address>
         <size>0x39</size>
         <input_file_ref idref="fl-cc"/>
      </object_component>
      <object_component id="oc-377">
         <name>.debug_info</name>
         <load_address>0x145ca</load_address>
         <run_address>0x145ca</run_address>
         <size>0x2c</size>
         <input_file_ref idref="fl-cc"/>
      </object_component>
      <object_component id="oc-383">
         <name>.debug_info</name>
         <load_address>0x145f6</load_address>
         <run_address>0x145f6</run_address>
         <size>0x2fe</size>
         <input_file_ref idref="fl-cd"/>
      </object_component>
      <object_component id="oc-302">
         <name>.debug_info</name>
         <load_address>0x148f4</load_address>
         <run_address>0x148f4</run_address>
         <size>0x226</size>
         <input_file_ref idref="fl-cd"/>
      </object_component>
      <object_component id="oc-2b6">
         <name>.debug_info</name>
         <load_address>0x14b1a</load_address>
         <run_address>0x14b1a</run_address>
         <size>0x135</size>
         <input_file_ref idref="fl-ce"/>
      </object_component>
      <object_component id="oc-9a">
         <name>.debug_info</name>
         <load_address>0x14c4f</load_address>
         <run_address>0x14c4f</run_address>
         <size>0x148</size>
         <input_file_ref idref="fl-cf"/>
      </object_component>
      <object_component id="oc-2dd">
         <name>.debug_info</name>
         <load_address>0x14d97</load_address>
         <run_address>0x14d97</run_address>
         <size>0x14d</size>
         <input_file_ref idref="fl-d0"/>
      </object_component>
      <object_component id="oc-22f">
         <name>.debug_info</name>
         <load_address>0x14ee4</load_address>
         <run_address>0x14ee4</run_address>
         <size>0x129</size>
         <input_file_ref idref="fl-d1"/>
      </object_component>
      <object_component id="oc-2c8">
         <name>.debug_info</name>
         <load_address>0x1500d</load_address>
         <run_address>0x1500d</run_address>
         <size>0x12b</size>
         <input_file_ref idref="fl-d1"/>
      </object_component>
      <object_component id="oc-2c4">
         <name>.debug_info</name>
         <load_address>0x15138</load_address>
         <run_address>0x15138</run_address>
         <size>0x13b</size>
         <input_file_ref idref="fl-d2"/>
      </object_component>
      <object_component id="oc-2bd">
         <name>.debug_info</name>
         <load_address>0x15273</load_address>
         <run_address>0x15273</run_address>
         <size>0x13b</size>
         <input_file_ref idref="fl-d3"/>
      </object_component>
      <object_component id="oc-2cc">
         <name>.debug_info</name>
         <load_address>0x153ae</load_address>
         <run_address>0x153ae</run_address>
         <size>0x12f</size>
         <input_file_ref idref="fl-d4"/>
      </object_component>
      <object_component id="oc-10f">
         <name>.debug_info</name>
         <load_address>0x154dd</load_address>
         <run_address>0x154dd</run_address>
         <size>0x12d</size>
         <input_file_ref idref="fl-d5"/>
      </object_component>
      <object_component id="oc-2d7">
         <name>.debug_info</name>
         <load_address>0x1560a</load_address>
         <run_address>0x1560a</run_address>
         <size>0x12d</size>
         <input_file_ref idref="fl-d6"/>
      </object_component>
      <object_component id="oc-3a">
         <name>.debug_info</name>
         <load_address>0x15737</load_address>
         <run_address>0x15737</run_address>
         <size>0x11a</size>
         <input_file_ref idref="fl-d7"/>
      </object_component>
      <object_component id="oc-96">
         <name>.debug_info</name>
         <load_address>0x15851</load_address>
         <run_address>0x15851</run_address>
         <size>0x2d5</size>
         <input_file_ref idref="fl-d8"/>
      </object_component>
      <object_component id="oc-46">
         <name>.debug_info</name>
         <load_address>0x15b26</load_address>
         <run_address>0x15b26</run_address>
         <size>0x1d3</size>
         <input_file_ref idref="fl-d8"/>
      </object_component>
      <object_component id="oc-91">
         <name>.debug_info</name>
         <load_address>0x15cf9</load_address>
         <run_address>0x15cf9</run_address>
         <size>0x46</size>
         <input_file_ref idref="fl-d8"/>
      </object_component>
      <object_component id="oc-42">
         <name>.debug_info</name>
         <load_address>0x15d3f</load_address>
         <run_address>0x15d3f</run_address>
         <size>0x2a9</size>
         <input_file_ref idref="fl-d9"/>
      </object_component>
      <object_component id="oc-1d">
         <name>.debug_info</name>
         <load_address>0x15fe8</load_address>
         <run_address>0x15fe8</run_address>
         <size>0x1eb</size>
         <input_file_ref idref="fl-d9"/>
      </object_component>
      <object_component id="oc-3d">
         <name>.debug_info</name>
         <load_address>0x161d3</load_address>
         <run_address>0x161d3</run_address>
         <size>0x46</size>
         <input_file_ref idref="fl-d9"/>
      </object_component>
      <object_component id="oc-89">
         <name>.debug_info</name>
         <load_address>0x16219</load_address>
         <run_address>0x16219</run_address>
         <size>0x2c</size>
         <input_file_ref idref="fl-d9"/>
      </object_component>
      <object_component id="oc-87">
         <name>.debug_info</name>
         <load_address>0x16245</load_address>
         <run_address>0x16245</run_address>
         <size>0x29f</size>
         <input_file_ref idref="fl-da"/>
      </object_component>
      <object_component id="oc-18">
         <name>.debug_info</name>
         <load_address>0x164e4</load_address>
         <run_address>0x164e4</run_address>
         <size>0x251</size>
         <input_file_ref idref="fl-da"/>
      </object_component>
      <object_component id="oc-2d">
         <name>.debug_info</name>
         <load_address>0x16735</load_address>
         <run_address>0x16735</run_address>
         <size>0x60</size>
         <input_file_ref idref="fl-da"/>
      </object_component>
      <object_component id="oc-e6">
         <name>.debug_info</name>
         <load_address>0x16795</load_address>
         <run_address>0x16795</run_address>
         <size>0x46</size>
         <input_file_ref idref="fl-da"/>
      </object_component>
      <object_component id="oc-82">
         <name>.debug_info</name>
         <load_address>0x167db</load_address>
         <run_address>0x167db</run_address>
         <size>0x39</size>
         <input_file_ref idref="fl-da"/>
      </object_component>
      <object_component id="oc-1fd">
         <name>.debug_info</name>
         <load_address>0x16814</load_address>
         <run_address>0x16814</run_address>
         <size>0x3ae</size>
         <input_file_ref idref="fl-db"/>
      </object_component>
      <object_component id="oc-1fa">
         <name>.debug_info</name>
         <load_address>0x16bc2</load_address>
         <run_address>0x16bc2</run_address>
         <size>0x191</size>
         <input_file_ref idref="fl-db"/>
      </object_component>
      <object_component id="oc-13e">
         <name>.debug_info</name>
         <load_address>0x16d53</load_address>
         <run_address>0x16d53</run_address>
         <size>0x123</size>
         <input_file_ref idref="fl-db"/>
      </object_component>
      <object_component id="oc-144">
         <name>.debug_info</name>
         <load_address>0x16e76</load_address>
         <run_address>0x16e76</run_address>
         <size>0x185</size>
         <input_file_ref idref="fl-db"/>
      </object_component>
      <object_component id="oc-270">
         <name>.debug_info</name>
         <load_address>0x16ffb</load_address>
         <run_address>0x16ffb</run_address>
[...]
      <symbol id="sm-505">
         <name>__aeabi_memset</name>
         <value>0x3b47</value>
         <object_component_ref idref="oc-97"/>
      </symbol>
      <symbol id="sm-506">
         <name>memset</name>
         <value>0x3b4d</value>
         <object_component_ref idref="oc-97"/>
      </symbol>
      <symbol id="sm-507">
         <name>__aeabi_memset8</name>
         <value>0x3b47</value>
         <object_component_ref idref="oc-97"/>
      </symbol>
      <symbol id="sm-508">
         <name>__aeabi_memset4</name>
         <value>0x3b47</value>
         <object_component_ref idref="oc-97"/>
      </symbol>
      <symbol id="sm-509">
         <name>__aeabi_memclr8</name>
         <value>0x3b45</value>
         <object_component_ref idref="oc-97"/>
      </symbol>
      <symbol id="sm-50a">
         <name>__aeabi_memclr4</name>
         <value>0x3b45</value>
         <object_component_ref idref="oc-97"/>
      </symbol>
      <symbol id="sm-50b">
         <name>__aeabi_memclr</name>
         <value>0x3b45</value>
         <object_component_ref idref="oc-97"/>
      </symbol>
      <symbol id="sm-522">
         <name>__aeabi_dsub</name>
         <value>0x2919</value>
         <object_component_ref idref="oc-2db"/>
      </symbol>
      <symbol id="sm-523">
         <name>__aeabi_dadd</name>
         <value>0x2923</value>
         <object_component_ref idref="oc-2db"/>
      </symbol>
      <symbol id="sm-545">
         <name>__aeabi_cdcmpeq</name>
         <value>0x39bd</value>
         <object_component_ref idref="oc-22d"/>
      </symbol>
      <symbol id="sm-546">
         <name>__aeabi_cdcmple</name>
         <value>0x39bd</value>
         <object_component_ref idref="oc-22d"/>
      </symbol>
      <symbol id="sm-547">
         <name>__aeabi_cdrcmple</name>
         <value>0x3a43</value>
         <object_component_ref idref="oc-2c6"/>
      </symbol>
      <symbol id="sm-55b">
         <name>__aeabi_ddiv</name>
         <value>0x2f19</value>
         <object_component_ref idref="oc-2c1"/>
      </symbol>
      <symbol id="sm-566">
         <name>__aeabi_dmul</name>
         <value>0x3399</value>
         <object_component_ref idref="oc-2bc"/>
      </symbol>
      <symbol id="sm-570">
         <name>__aeabi_d2iz</name>
         <value>0x4311</value>
         <object_component_ref idref="oc-2cb"/>
      </symbol>
      <symbol id="sm-57b">
         <name>__aeabi_f2d</name>
         <value>0x4521</value>
         <object_component_ref idref="oc-10e"/>
      </symbol>
      <symbol id="sm-585">
         <name>__aeabi_i2d</name>
         <value>0x465d</value>
         <object_component_ref idref="oc-2d6"/>
      </symbol>
      <symbol id="sm-5a0">
         <name>memcpy</name>
         <value>0x37ff</value>
         <object_component_ref idref="oc-37"/>
      </symbol>
      <symbol id="sm-5a1">
         <name>__aeabi_memcpy</name>
         <value>0x37ff</value>
         <object_component_ref idref="oc-37"/>
      </symbol>
      <symbol id="sm-5a2">
         <name>__aeabi_memcpy8</name>
         <value>0x37ff</value>
         <object_component_ref idref="oc-37"/>
      </symbol>
      <symbol id="sm-5a3">
         <name>__aeabi_memcpy4</name>
         <value>0x37ff</value>
         <object_component_ref idref="oc-37"/>
      </symbol>
      <symbol id="sm-5b7">
         <name>__TI_zero_init_nomemset</name>
         <value>0x4751</value>
         <object_component_ref idref="oc-43"/>
      </symbol>
      <symbol id="sm-5ce">
         <name>__TI_decompress_none</name>
         <value>0x483f</value>
         <object_component_ref idref="oc-1a"/>
      </symbol>
      <symbol id="sm-5f1">
         <name>__TI_decompress_lzss</name>
         <value>0x3d75</value>
         <object_component_ref idref="oc-14"/>
      </symbol>
      <symbol id="sm-617">
         <name>C$$EXIT</name>
         <value>0x4881</value>
         <object_component_ref idref="oc-13d"/>
      </symbol>
      <symbol id="sm-618">
         <name>abort</name>
         <value>0x4881</value>
         <object_component_ref idref="oc-13d"/>
      </symbol>
      <symbol id="sm-619">
         <name>__TI_dtors_ptr</name>
         <value>0x20000898</value>
         <object_component_ref idref="oc-1f9"/>
      </symbol>
      <symbol id="sm-61a">
         <name>__TI_cleanup_ptr</name>
         <value>0x20000894</value>
         <object_component_ref idref="oc-1f9"/>
      </symbol>
      <symbol id="sm-61b">
         <name>__TI_enable_exit_profile_output</name>
         <value>0x2000089c</value>
         <object_component_ref idref="oc-1f9"/>
      </symbol>
      <symbol id="sm-61c">
         <name>exit</name>
         <value>0x42c9</value>
         <object_component_ref idref="oc-143"/>
      </symbol>
      <symbol id="sm-631">
         <name>_nop</name>
         <value>0xb33</value>
         <object_component_ref idref="oc-268"/>
      </symbol>
      <symbol id="sm-632">
         <name>_lock</name>
         <value>0x200008a0</value>
         <object_component_ref idref="oc-1a0"/>
      </symbol>
      <symbol id="sm-633">
         <name>_unlock</name>
         <value>0x200008a4</value>
         <object_component_ref idref="oc-1a0"/>
      </symbol>
      <symbol id="sm-649">
         <name>atoi</name>
         <value>0x427d</value>
         <object_component_ref idref="oc-221"/>
      </symbol>
      <symbol id="sm-654">
         <name>_ctypes_</name>
         <value>0x4884</value>
         <object_component_ref idref="oc-2b0"/>
      </symbol>
      <symbol id="sm-669">
         <name>__TI_tmpnams</name>
         <value>0x20000620</value>
      </symbol>
      <symbol id="sm-66a">
         <name>__aeabi_stdout</name>
         <value>0x2000088c</value>
         <object_component_ref idref="oc-41b"/>
      </symbol>
      <symbol id="sm-66b">
         <name>__aeabi_stderr</name>
         <value>0x20000890</value>
         <object_component_ref idref="oc-41b"/>
      </symbol>
      <symbol id="sm-66c">
         <name>__aeabi_stdin</name>
         <value>0x20000888</value>
         <object_component_ref idref="oc-41b"/>
      </symbol>
      <symbol id="sm-66d">
         <name>_ftable</name>
         <value>0x200006cc</value>
         <object_component_ref idref="oc-1a3"/>
      </symbol>
      <symbol id="sm-66e">
         <name>__TI_ft_end</name>
         <value>0x20000884</value>
         <object_component_ref idref="oc-41b"/>
      </symbol>
      <symbol id="sm-67d">
         <name>ltoa</name>
         <value>0x418b</value>
         <object_component_ref idref="oc-2d0"/>
      </symbol>
      <symbol id="sm-68d">
         <name>memccpy</name>
         <value>0x4789</value>
         <object_component_ref idref="oc-24a"/>
      </symbol>
      <symbol id="sm-69d">
         <name>memchr</name>
         <value>0x4731</value>
         <object_component_ref idref="oc-338"/>
      </symbol>
      <symbol id="sm-724">
         <name>_sys_memory</name>
         <value>0x20000000</value>
         <object_component_ref idref="oc-26"/>
      </symbol>
      <symbol id="sm-725">
         <name>free</name>
         <value>0x3589</value>
         <object_component_ref idref="oc-3cc"/>
      </symbol>
      <symbol id="sm-726">
         <name>memalign</name>
         <value>0x3495</value>
         <object_component_ref idref="oc-40e"/>
      </symbol>
      <symbol id="sm-727">
         <name>malloc</name>
         <value>0x486d</value>
         <object_component_ref idref="oc-3d2"/>
      </symbol>
      <symbol id="sm-728">
         <name>aligned_alloc</name>
         <value>0x3495</value>
         <object_component_ref idref="oc-40e"/>
      </symbol>
      <symbol id="sm-738">
         <name>strchr</name>
         <value>0x47ef</value>
         <object_component_ref idref="oc-307"/>
      </symbol>
      <symbol id="sm-746">
         <name>strlen</name>
         <value>0x4819</value>
         <object_component_ref idref="oc-21b"/>
      </symbol>
      <symbol id="sm-760">
         <name>write</name>
         <value>0x4709</value>
         <object_component_ref idref="oc-344"/>
      </symbol>
      <symbol id="sm-771">
         <name>_stream</name>
         <value>0x20000834</value>
         <object_component_ref idref="oc-3aa"/>
      </symbol>
      <symbol id="sm-772">
         <name>_device</name>
         <value>0x200007bc</value>
         <object_component_ref idref="oc-3eb"/>
      </symbol>
      <symbol id="sm-785">
         <name>__stack</name>
         <value>0x2000fe00</value>
         <object_component_ref idref="oc-29"/>
      </symbol>
      <symbol id="sm-786">
         <name>_c_int00_noargs</name>
         <value>0x45f9</value>
         <object_component_ref idref="oc-55"/>
      </symbol>
      <symbol id="sm-79c">
         <name>__aeabi_errno_addr</name>
         <value>0x4865</value>
         <object_component_ref idref="oc-256"/>
      </symbol>
      <symbol id="sm-79d">
         <name>errno</name>
         <value>0x200008b0</value>
         <object_component_ref idref="oc-317"/>
      </symbol>
      <symbol id="sm-7b6">
         <name>wcslen</name>
         <value>0x482d</value>
         <object_component_ref idref="oc-250"/>
      </symbol>
      <symbol id="sm-7c0">
         <name>copysign</name>
         <value>0x47a5</value>
         <object_component_ref idref="oc-37c"/>
      </symbol>
      <symbol id="sm-7c1">
         <name>copysignl</name>
         <value>0x47a5</value>
         <object_component_ref idref="oc-37c"/>
      </symbol>
      <symbol id="sm-7d1">
         <name>__TI_doflush</name>
         <value>0x4231</value>
         <object_component_ref idref="oc-33e"/>
      </symbol>
      <symbol id="sm-7e1">
         <name>__TI_cleanup</name>
         <value>0x4591</value>
         <object_component_ref idref="oc-3d8"/>
      </symbol>
      <symbol id="sm-7f3">
         <name>fseek</name>
         <value>0x3ea9</value>
         <object_component_ref idref="oc-398"/>
      </symbol>
      <symbol id="sm-7fd">
         <name>__aeabi_idiv0</name>
         <value>0x2acf</value>
         <object_component_ref idref="oc-363"/>
      </symbol>
      <symbol id="sm-7fe">
         <name>__aeabi_ldiv0</name>
         <value>0x2acf</value>
         <object_component_ref idref="oc-363"/>
      </symbol>
      <symbol id="sm-826">
         <name>__TI_auto_init_nobinit_nopinit</name>
         <value>0x43e1</value>
         <object_component_ref idref="oc-149"/>
      </symbol>
      <symbol id="sm-830">
         <name>_system_pre_init</name>
         <value>0x487d</value>
         <object_component_ref idref="oc-9d"/>
      </symbol>
      <symbol id="sm-843">
         <name>HOSTclose</name>
         <value>0x4359</value>
         <object_component_ref idref="oc-427"/>
      </symbol>
      <symbol id="sm-854">
         <name>HOSTlseek</name>
         <value>0x3ca5</value>
         <object_component_ref idref="oc-439"/>
      </symbol>
      <symbol id="sm-866">
         <name>parmbuf</name>
         <value>0x200006c0</value>
      </symbol>
      <symbol id="sm-867">
         <name>HOSTopen</name>
         <value>0x3f71</value>
         <object_component_ref idref="oc-421"/>
      </symbol>
      <symbol id="sm-878">
         <name>HOSTread</name>
         <value>0x402d</value>
         <object_component_ref idref="oc-42d"/>
      </symbol>
      <symbol id="sm-889">
         <name>HOSTrename</name>
         <value>0x3d0d</value>
         <object_component_ref idref="oc-445"/>
      </symbol>
      <symbol id="sm-89a">
         <name>HOSTunlink</name>
         <value>0x439d</value>
         <object_component_ref idref="oc-43f"/>
      </symbol>
      <symbol id="sm-8ab">
         <name>HOSTwrite</name>
         <value>0x4085</value>
         <object_component_ref idref="oc-433"/>
      </symbol>
      <symbol id="sm-8cf">
         <name>__TI_readmsg</name>
         <value>0x45c5</value>
         <object_component_ref idref="oc-474"/>
      </symbol>
      <symbol id="sm-8d0">
         <name>C$$IO$$</name>
         <value>0x4517</value>
         <object_component_ref idref="oc-46e"/>
      </symbol>
      <symbol id="sm-8d1">
         <name>__CIOBUF_</name>
         <value>0x20000400</value>
         <object_component_ref idref="oc-49f"/>
      </symbol>
      <symbol id="sm-8d2">
         <name>__TI_writemsg</name>
         <value>0x44e9</value>
         <object_component_ref idref="oc-46e"/>
      </symbol>
      <symbol id="sm-8e3">
         <name>lseek</name>
         <value>0x46e1</value>
         <object_component_ref idref="oc-3c4"/>
      </symbol>
      <symbol id="sm-8f8">
         <name>__TI_closefile</name>
         <value>0x3bc1</value>
         <object_component_ref idref="oc-415"/>
      </symbol>
      <symbol id="sm-91b">
         <name>finddevice</name>
         <value>0x462d</value>
         <object_component_ref idref="oc-4bd"/>
      </symbol>
      <symbol id="sm-91c">
         <name>getdevice</name>
         <value>0x4425</value>
         <object_component_ref idref="oc-495"/>
      </symbol>
      <symbol id="sm-92b">
         <name>strcmp</name>
         <value>0x47d7</value>
         <object_component_ref idref="oc-4d4"/>
      </symbol>
      <symbol id="sm-939">
         <name>strcpy</name>
         <value>0x4805</value>
         <object_component_ref idref="oc-488"/>
      </symbol>
      <symbol id="sm-949">
         <name>strncpy</name>
         <value>0x4559</value>
         <object_component_ref idref="oc-4b7"/>
      </symbol>
      <symbol id="sm-95e">
         <name>close</name>
         <value>0x3fd1</value>
         <object_component_ref idref="oc-45d"/>
      </symbol>
      <symbol id="sm-96e">
         <name>unlink</name>
         <value>0x468d</value>
         <object_component_ref idref="oc-463"/>
      </symbol>
      <symbol id="sm-96f">
         <name>__TI_static_base__</name>
         <value>0x0</value>
      </symbol>
      <symbol id="sm-972">
         <name>__mpu_init</name>
         <value>0x0</value>
      </symbol>
      <symbol id="sm-973">
         <name>_system_post_cinit</name>
         <value>0x0</value>
      </symbol>
      <symbol id="sm-974">
         <name>NMI_Handler</name>
         <value>0x4859</value>
      </symbol>
      <symbol id="sm-975">
         <name>HardFault_Handler</name>
         <value>0x4859</value>
      </symbol>
      <symbol id="sm-976">
         <name>MemManage_Handler</name>
         <value>0x4859</value>
      </symbol>
      <symbol id="sm-977">
         <name>BusFault_Handler</name>
         <value>0x4859</value>
      </symbol>
      <symbol id="sm-978">
         <name>UsageFault_Handler</name>
         <value>0x4859</value>
      </symbol>
      <symbol id="sm-979">
         <name>SVC_Handler</name>
         <value>0x4859</value>
      </symbol>
      <symbol id="sm-97a">
         <name>DebugMon_Handler</name>
         <value>0x4859</value>
      </symbol>
      <symbol id="sm-97b">
         <name>PendSV_Handler</name>
         <value>0x4859</value>
      </symbol>
      <symbol id="sm-97c">
         <name>SysTick_Handler</name>
         <value>0x4859</value>
      </symbol>
      <symbol id="sm-97d">
         <name>PSS_IRQHandler</name>
         <value>0x4859</value>
      </symbol>
      <symbol id="sm-97e">
         <name>CS_IRQHandler</name>
         <value>0x4859</value>
      </symbol>
      <symbol id="sm-97f">
         <name>PCM_IRQHandler</name>
         <value>0x4859</value>
      </symbol>
      <symbol id="sm-980">
         <name>WDT_A_IRQHandler</name>
         <value>0x4859</value>
      </symbol>
      <symbol id="sm-981">
         <name>FPU_IRQHandler</name>
         <value>0x4859</value>
      </symbol>
      <symbol id="sm-982">
         <name>FLCTL_IRQHandler</name>
         <value>0x4859</value>
      </symbol>
      <symbol id="sm-983">
         <name>COMP_E0_IRQHandler</name>
         <value>0x4859</value>
      </symbol>
      <symbol id="sm-984">
         <name>COMP_E1_IRQHandler</name>
         <value>0x4859</value>
      </symbol>
      <symbol id="sm-985">
         <name>TA0_0_IRQHandler</name>
         <value>0x2d51</value>
      </symbol>
      <symbol id="sm-986">
         <name>TA0_N_IRQHandler</name>
         <value>0x4859</value>
      </symbol>
      <symbol id="sm-987">
         <name>TA1_0_IRQHandler</name>
         <value>0x4859</value>
      </symbol>
      <symbol id="sm-988">
         <name>TA1_N_IRQHandler</name>
         <value>0x4859</value>
      </symbol>
      <symbol id="sm-989">
         <name>TA2_0_IRQHandler</name>
         <value>0x4859</value>
      </symbol>
      <symbol id="sm-98a">
         <name>TA2_N_IRQHandler</name>
         <value>0x4859</value>
      </symbol>
      <symbol id="sm-98b">
         <name>TA3_0_IRQHandler</name>
         <value>0x4859</value>
      </symbol>
      <symbol id="sm-98c">
         <name>TA3_N_IRQHandler</name>
         <value>0x4859</value>
      </symbol>
      <symbol id="sm-98d">
         <name>EUSCIA0_IRQHandler</name>
         <value>0x4859</value>
      </symbol>
      <symbol id="sm-98e">
         <name>EUSCIA1_IRQHandler</name>
         <value>0x4859</value>
      </symbol>
      <symbol id="sm-98f">
         <name>EUSCIA2_IRQHandler</name>
         <value>0x2afd</value>
      </symbol>
      <symbol id="sm-990">
         <name>EUSCIA3_IRQHandler</name>
         <value>0x4859</value>
      </symbol>
      <symbol id="sm-991">
         <name>EUSCIB0_IRQHandler</name>
         <value>0x4859</value>
      </symbol>
      <symbol id="sm-992">
         <name>EUSCIB1_IRQHandler</name>
         <value>0x4859</value>
      </symbol>
      <symbol id="sm-993">
         <name>EUSCIB2_IRQHandler</name>
         <value>0x4859</value>
      </symbol>
      <symbol id="sm-994">
         <name>EUSCIB3_IRQHandler</name>
         <value>0x4859</value>
      </symbol>
      <symbol id="sm-995">
         <name>ADC14_IRQHandler</name>
         <value>0x4859</value>
      </symbol>
      <symbol id="sm-996">
         <name>T32_INT1_IRQHandler</name>
         <value>0x4859</value>
      </symbol>
      <symbol id="sm-997">
         <name>T32_INT2_IRQHandler</name>
         <value>0x4859</value>
      </symbol>
      <symbol id="sm-998">
         <name>T32_INTC_IRQHandler</name>
         <value>0x4859</value>
      </symbol>
      <symbol id="sm-999">
         <name>AES256_IRQHandler</name>
         <value>0x4859</value>
      </symbol>
      <symbol id="sm-99a">
         <name>RTC_C_IRQHandler</name>
         <value>0x4859</value>
      </symbol>
      <symbol id="sm-99b">
         <name>DMA_ERR_IRQHandler</name>
         <value>0x4859</value>
      </symbol>
      <symbol id="sm-99c">
         <name>DMA_INT3_IRQHandler</name>
         <value>0x4859</value>
      </symbol>
      <symbol id="sm-99d">
         <name>DMA_INT2_IRQHandler</name>
         <value>0x4859</value>
      </symbol>
      <symbol id="sm-99e">
         <name>DMA_INT1_IRQHandler</name>
         <value>0x4859</value>
      </symbol>
      <symbol id="sm-99f">
         <name>DMA_INT0_IRQHandler</name>
         <value>0x4859</value>
      </symbol>
      <symbol id="sm-9a0">
         <name>PORT1_IRQHandler</name>
         <value>0x4859</value>
      </symbol>
      <symbol id="sm-9a1">
         <name>PORT2_IRQHandler</name>
         <value>0x4859</value>
      </symbol>
      <symbol id="sm-9a2">
         <name>PORT3_IRQHandler</name>
         <value>0x4859</value>
      </symbol>
      <symbol id="sm-9a3">
         <name>PORT4_IRQHandler</name>
         <value>0x4859</value>
      </symbol>
      <symbol id="sm-9a4">
         <name>PORT5_IRQHandler</name>
         <value>0x4859</value>
      </symbol>
      <symbol id="sm-9a5">
         <name>PORT6_IRQHandler</name>
         <value>0x4859</value>
      </symbol>
      <symbol id="sm-9a6">
         <name>remove</name>
         <value>0x468d</value>
      </symbol>
   </symbol_table>
   <title>Link successful</title>
</link_info>
