******************************************************************************
                  TI ARM Linker PC v18.12.2                    
******************************************************************************
>> Linked Mon Dec  9 11:29:03 2019

OUTPUT FILE NAME:   <FinalProjectECEN2440.out>
ENTRY POINT SYMBOL: "_c_int00_noargs"  address: 0000461d


MEMORY CONFIGURATION

         name            origin    length      used     unused   attr    fill
----------------------  --------  ---------  --------  --------  ----  --------
  MAIN                  00000000   00040000  00004a89  0003b577  R  X
  INFO                  00200000   00004000  00000000  00004000  R  X
  SRAM_CODE             01000000   00010000  00000ab9  0000f547  RW X
  SRAM_DATA             20000000   00010000  00000ab9  0000f547  RW  


SEGMENT ALLOCATION MAP

run origin  load origin   length   init length attrs members
----------  ----------- ---------- ----------- ----- -------
00000000    00000000    00004a90   00004a90    r-x
  00000000    00000000    000000e4   000000e4    r-- .intvecs
  000000e4    000000e4    000047c4   000047c4    r-x .text
  000048a8    000048a8    00000149   00000149    r-- .const
  000049f8    000049f8    00000098   00000098    r-- .cinit
20000000    20000000    000008bc   00000000    rw-
  20000000    20000000    00000400   00000000    rw- .sysmem
  20000400    20000400    000002c9   00000000    rw- .bss
  200006cc    200006cc    000001f0   00000000    rw- .data
2000fe00    2000fe00    00000200   00000000    rw-
  2000fe00    2000fe00    00000200   00000000    rw- .stack


SECTION ALLOCATION MAP

 output                                  attributes/
section   page    origin      length       input sections
--------  ----  ----------  ----------   ----------------
.intvecs   0    00000000    000000e4     
                  00000000    000000e4     startup_msp432p401r_ccs.obj (.intvecs:retain)

.text      0    000000e4    000047c4     
                  000000e4    00000a4e     rtsv7M4_T_le_v4SPD16_eabi.lib : _printfi.c.obj (.text:__TI_printfi)
                  00000b32    00000002                                   : _lock.c.obj (.text:_nop)
                  00000b34    00000888     main.obj (.text)
                  000013bc    00000558     sps30.obj (.text)
                  00001914    00000494     sensirion_shdlc.obj (.text)
                  00001da8    00000420     LCD.obj (.text)
                  000021c8    00000334     system_msp432p401r.obj (.text)
                  000024fc    00000270     rtsv7M4_T_le_v4SPD16_eabi.lib : _printfi.c.obj (.text:_pconv_a)
                  0000276c    000001d0                                   : _printfi.c.obj (.text:_pconv_g)
                  0000293c    000001b6                                   : fd_add_t2.asm.obj (.text)
                  00002af2    00000002                                   : div0.asm.obj (.text)
                  00002af4    00000190     sps30UART.obj (.text)
                  00002c84    0000017c     Timer.obj (.text)
                  00002e00    0000013c     rtsv7M4_T_le_v4SPD16_eabi.lib : _printfi.c.obj (.text:_pconv_e)
                  00002f3c    00000136                                   : fd_div_t2.asm.obj (.text)
                  00003072    00000002     --HOLE-- [fill = 0]
                  00003074    00000124                                   : _printfi.c.obj (.text:fcvt)
                  00003198    00000114                                   : fputs.c.obj (.text:fputs)
                  000032ac    00000110                                   : s_scalbn.c.obj (.text:scalbn)
                  000033bc    000000fc                                   : fd_mul_t2.asm.obj (.text)
                  000034b8    000000f4                                   : memory.c.obj (.text:aligned_alloc)
                  000035ac    000000e8                                   : memory.c.obj (.text:free)
                  00003694    000000dc                                   : setvbuf.c.obj (.text:setvbuf)
                  00003770    000000b1                                   : _printfi.c.obj (.text:_ltostr)
                  00003821    00000001     --HOLE-- [fill = 0]
                  00003822    0000009c                                   : memcpy_t2.asm.obj (.text)
                  000038be    00000096                                   : ull_div_t2.asm.obj (.text)
                  00003954    0000008c                                   : fputc.c.obj (.text:fputc)
                  000039e0    00000086                                   : fd_cmp_t2.asm.obj (.text:__aeabi_cdcmple)
                  00003a66    00000086                                   : fd_cmp_t2.asm.obj (.text:__aeabi_cdrcmple)
                  00003aec    0000007c                                   : memory.c.obj (.text:split)
                  00003b68    0000007a                                   : memset_t2.asm.obj (.text)
                  00003be2    00000002     --HOLE-- [fill = 0]
                  00003be4    00000074                                   : fclose.c.obj (.text:__TI_closefile)
                  00003c58    0000006e                                   : _printfi.c.obj (.text:_mcpy)
                  00003cc6    00000002     --HOLE-- [fill = 0]
                  00003cc8    00000068                                   : hostlseek.c.obj (.text:HOSTlseek)
                  00003d30    00000068                                   : hostrename.c.obj (.text:HOSTrename)
                  00003d98    00000068                                   : copy_decompress_lzss.c.obj (.text:decompress:lzss:__TI_decompress_lzss)
                  00003e00    00000068                                   : printf.c.obj (.text:printf)
                  00003e68    00000064                                   : s_frexp.c.obj (.text:frexp)
                  00003ecc    00000064                                   : fseek.c.obj (.text:fseek)
                  00003f30    00000062                                   : _io_perm.c.obj (.text:__TI_wrt_ok)
                  00003f92    00000002     --HOLE-- [fill = 0]
                  00003f94    00000060                                   : hostopen.c.obj (.text:HOSTopen)
                  00003ff4    0000005c                                   : close.c.obj (.text:close)
                  00004050    00000058                                   : hostread.c.obj (.text:HOSTread)
                  000040a8    00000058                                   : hostwrite.c.obj (.text:HOSTwrite)
                  00004100    00000058     gpio.obj (.text)
                  00004158    00000056     rtsv7M4_T_le_v4SPD16_eabi.lib : _printfi.c.obj (.text:_pconv_f)
                  000041ae    00000054                                   : ltoa.c.obj (.text:ltoa)
                  00004202    00000052                                   : _printfi.c.obj (.text:_ecpy)
                  00004254    0000004c                                   : fflush.c.obj (.text:__TI_doflush)
                  000042a0    0000004c                                   : atoi.c.obj (.text:atoi)
                  000042ec    00000048                                   : exit.c.obj (.text:exit)
                  00004334    00000048                                   : fd_toi_t2.asm.obj (.text)
                  0000437c    00000044                                   : hostclose.c.obj (.text:HOSTclose)
                  000043c0    00000044                                   : hostunlink.c.obj (.text:HOSTunlink)
                  00004404    00000044                                   : autoinit.c.obj (.text:__TI_auto_init_nobinit_nopinit:__TI_auto_init_nobinit_nopinit)
                  00004448    00000044                                   : getdevice.c.obj (.text:getdevice)
                  0000448c    00000040                                   : sprintf.c.obj (.text:sprintf)
                  000044cc    0000003e                                   : _printfi.c.obj (.text:_fcpy)
                  0000450a    00000002     --HOLE-- [fill = 0]
                  0000450c    00000038                                   : trgmsg.c.obj (.text:__TI_writemsg)
                  00004544    00000038                                   : fs_tod_t2.asm.obj (.text)
                  0000457c    00000036                                   : strncpy.c.obj (.text:strncpy)
                  000045b2    00000002     --HOLE-- [fill = 0]
                  000045b4    00000034                                   : fopen.c.obj (.text:__TI_cleanup)
                  000045e8    00000034                                   : trgmsg.c.obj (.text:__TI_readmsg)
                  0000461c    00000034                                   : boot_cortex_m.c.obj (.text:_c_int00_noargs:_c_int00_noargs)
                  00004650    00000030                                   : getdevice.c.obj (.text:finddevice)
                  00004680    0000002e                                   : i_tofd_t2.asm.obj (.text)
                  000046ae    00000002     --HOLE-- [fill = 0]
                  000046b0    0000002c                                   : unlink.c.obj (.text:unlink)
                  000046dc    00000028                                   : memory.c.obj (.text:free_list_insert)
                  00004704    00000028                                   : lseek.c.obj (.text:lseek)
                  0000472c    00000028                                   : write.c.obj (.text:write)
                  00004754    00000020                                   : memchr.c.obj (.text:memchr)
                  00004774    0000001c                                   : copy_zero_init.c.obj (.text:decompress:ZI:__TI_zero_init_nomemset:__TI_zero_init_nomemset)
                  00004790    0000001c                                   : memory.c.obj (.text:free_list_remove)
                  000047ac    0000001c                                   : memccpy.c.obj (.text:memccpy)
                  000047c8    0000001a                                   : s_copysign.c.obj (.text:copysign)
                  000047e2    00000018                                   : sprintf.c.obj (.text:_outs)
                  000047fa    00000018                                   : strcmp.c.obj (.text:strcmp)
                  00004812    00000016                                   : strchr.c.obj (.text:strchr)
                  00004828    00000014                                   : strcpy.c.obj (.text:strcpy)
                  0000483c    00000014                                   : strlen.c.obj (.text:strlen)
                  00004850    00000012                                   : wcslen.c.obj (.text:wcslen)
                  00004862    0000000e                                   : copy_decompress_none.c.obj (.text:decompress:none:__TI_decompress_none)
                  00004870    0000000e     startup_msp432p401r_ccs.obj (.text)
                  0000487e    0000000a     rtsv7M4_T_le_v4SPD16_eabi.lib : sprintf.c.obj (.text:_outc)
                  00004888    00000008                                   : errno.c.obj (.text:__aeabi_errno_addr)
                  00004890    00000008                                   : memory.c.obj (.text:malloc)
                  00004898    00000004                                   : printf.c.obj (.text:_outc)
                  0000489c    00000004                                   : printf.c.obj (.text:_outs)
                  000048a0    00000004                                   : pre_init.c.obj (.text:_system_pre_init)
                  000048a4    00000004                                   : exit.c.obj (.text:abort:abort)

.const     0    000048a8    00000149     
                  000048a8    00000101     rtsv7M4_T_le_v4SPD16_eabi.lib : ctype.c.obj (.const:.string:_ctypes_)
                  000049a9    0000000d     main.obj (.const:.string:$P$T8$9)
                  000049b6    00000009     main.obj (.const:.string:$P$T2$3)
                  000049bf    00000008     main.obj (.const:.string:$P$T6$7)
                  000049c7    00000007     main.obj (.const:.string:$P$T0$1)
                  000049ce    00000007     main.obj (.const:.string:$P$T4$5)
                  000049d5    00000006     main.obj (.const:.string:$P$T3$4)
                  000049db    00000006     main.obj (.const:.string:$P$T9$10)
                  000049e1    00000005     main.obj (.const:.string:$P$T7$8)
                  000049e6    00000004     main.obj (.const:.string:$P$T1$2)
                  000049ea    00000004     main.obj (.const:.string:$P$T5$6)
                  000049ee    00000002     sps30.obj (.const:.string:$P$T1$2)
                  000049f0    00000001     sps30.obj (.const:.string:$P$T0$1)

.cinit     0    000049f8    00000098     
                  000049f8    0000006f     (.cinit..data.load) [load image, compression = lzss]
                  00004a67    00000001     --HOLE-- [fill = 0]
                  00004a68    0000000c     (__TI_handler_table)
                  00004a74    00000004     --HOLE-- [fill = 0]
                  00004a78    00000008     (.cinit..bss.load) [load image, compression = zero_init]
                  00004a80    00000010     (__TI_cinit_table)

.init_array 
*          0    00000000    00000000     UNINITIALIZED

.binit     0    00000000    00000000     

.sysmem    0    20000000    00000400     UNINITIALIZED
                  20000000    00000010     rtsv7M4_T_le_v4SPD16_eabi.lib : memory.c.obj (.sysmem)
                  20000010    000003f0     --HOLE--

.bss       0    20000400    000002c9     UNINITIALIZED
                  20000400    00000120     rtsv7M4_T_le_v4SPD16_eabi.lib : trgmsg.c.obj (.bss:_CIOBUF_)
                  20000520    00000100     (.common:dataEx)
                  20000620    000000a0     (.common:__TI_tmpnams)
                  200006c0    00000008     (.common:parmbuf)
                  200006c8    00000001     (.common:lastVar)

.data      0    200006cc    000001f0     UNINITIALIZED
                  200006cc    000000f0     rtsv7M4_T_le_v4SPD16_eabi.lib : defs.c.obj (.data:_ftable)
                  200007bc    00000078                                   : host_device.c.obj (.data:_device)
                  20000834    00000050                                   : host_device.c.obj (.data:_stream)
                  20000884    00000010                                   : defs.c.obj (.data)
                  20000894    0000000c                                   : exit.c.obj (.data:$O1$$)
                  200008a0    00000008                                   : _lock.c.obj (.data:$O1$$)
                  200008a8    00000008                                   : memory.c.obj (.data:$O1$$)
                  200008b0    00000004                                   : errno.c.obj (.data)
                  200008b4    00000004     system_msp432p401r.obj (.data)
                  200008b8    00000002     Timer.obj (.data)
                  200008ba    00000002     main.obj (.data)

.stack     0    2000fe00    00000200     UNINITIALIZED
                  2000fe00    00000004     rtsv7M4_T_le_v4SPD16_eabi.lib : boot_cortex_m.c.obj (.stack)
                  2000fe04    000001fc     --HOLE--

MODULE SUMMARY

       Module                        code    ro data   rw data
       ------                        ----    -------   -------
    .\
       main.obj                      2184    69        518    
       sps30.obj                     1368    3         0      
       sensirion_shdlc.obj           1172    0         0      
       LCD.obj                       1056    0         0      
       system_msp432p401r.obj        820     0         8      
       sps30UART.obj                 400     0         0      
       Timer.obj                     380     0         4      
       startup_msp432p401r_ccs.obj   14      228       0      
       gpio.obj                      88      0         0      
    +--+-----------------------------+-------+---------+---------+
       Total:                        7482    300       530    
                                                              
    D:\ti\ccs\tools\compiler\ti-cgt-arm_18.12.2.LTS\lib\rtsv7M4_T_le_v4SPD16_eabi.lib
       _printfi.c.obj                4851    0         0      
       defs.c.obj                    0       0         832    
       memory.c.obj                  676     0         16     
       trgmsg.c.obj                  108     0         576    
       fd_add_t2.asm.obj             438     0         0      
       host_device.c.obj             0       0         400    
       fd_div_t2.asm.obj             310     0         0      
       fputs.c.obj                   276     0         0      
       s_scalbn.c.obj                272     0         0      
       fd_cmp_t2.asm.obj             268     0         0      
       ctype.c.obj                   0       257       0      
       fd_mul_t2.asm.obj             252     0         0      
       setvbuf.c.obj                 220     0         0      
       memcpy_t2.asm.obj             156     0         0      
       ull_div_t2.asm.obj            150     0         0      
       fputc.c.obj                   140     0         0      
       memset_t2.asm.obj             122     0         0      
       fclose.c.obj                  116     0         0      
       getdevice.c.obj               116     0         0      
       hostopen.c.obj                96      0         16     
       printf.c.obj                  112     0         0      
       copy_decompress_lzss.c.obj    104     0         0      
       hostlseek.c.obj               104     0         0      
       hostrename.c.obj              104     0         0      
       exit.c.obj                    76      0         24     
       fseek.c.obj                   100     0         0      
       s_frexp.c.obj                 100     0         0      
       _io_perm.c.obj                98      0         0      
       sprintf.c.obj                 98      0         0      
       close.c.obj                   92      0         0      
       hostread.c.obj                88      0         0      
       hostwrite.c.obj               88      0         0      
       ltoa.c.obj                    84      0         0      
       atoi.c.obj                    76      0         0      
       fflush.c.obj                  76      0         0      
       fd_toi_t2.asm.obj             72      0         0      
       autoinit.c.obj                68      0         0      
       hostclose.c.obj               68      0         0      
       hostunlink.c.obj              68      0         0      
       fs_tod_t2.asm.obj             56      0         0      
       strncpy.c.obj                 54      0         0      
       boot_cortex_m.c.obj           52      0         0      
       fopen.c.obj                   52      0         0      
       i_tofd_t2.asm.obj             46      0         0      
       unlink.c.obj                  44      0         0      
       lseek.c.obj                   40      0         0      
       write.c.obj                   40      0         0      
       memchr.c.obj                  32      0         0      
       copy_zero_init.c.obj          28      0         0      
       memccpy.c.obj                 28      0         0      
       s_copysign.c.obj              26      0         0      
       strcmp.c.obj                  24      0         0      
       strchr.c.obj                  22      0         0      
       strcpy.c.obj                  20      0         0      
       strlen.c.obj                  20      0         0      
       _lock.c.obj                   2       0         16     
       wcslen.c.obj                  18      0         0      
       errno.c.obj                   8       0         8      
       copy_decompress_none.c.obj    14      0         0      
       pre_init.c.obj                4       0         0      
       div0.asm.obj                  2       0         0      
    +--+-----------------------------+-------+---------+---------+
       Total:                        10875   257       1888   
                                                              
       Heap:                         0       0         2048   
       Stack:                        0       0         1024   
       Linker Generated:             0       147       0      
    +--+-----------------------------+-------+---------+---------+
       Grand Total:                  18357   704       5490   


LINKER GENERATED COPY TABLES

__TI_cinit_table @ 00004a80 records: 2, size/record: 8, table size: 16
	.data: load addr=000049f8, load size=0000006f bytes, run addr=200006cc, run size=000001f0 bytes, compression=lzss
	.bss: load addr=00004a78, load size=00000008 bytes, run addr=20000400, run size=000002c9 bytes, compression=zero_init


LINKER GENERATED HANDLER TABLE

__TI_handler_table @ 00004a68 records: 3, size/record: 4, table size: 12
	index: 0, handler: __TI_decompress_lzss
	index: 1, handler: __TI_decompress_none
	index: 2, handler: __TI_zero_init


GLOBAL SYMBOLS: SORTED ALPHABETICALLY BY Name 

address   name                                     
-------   ----                                     
0000487d  ADC14_IRQHandler                         
0000487d  AES256_IRQHandler                        
0000487d  BusFault_Handler                         
000048a5  C$$EXIT                                  
0000453b  C$$IO$$                                  
0000487d  COMP_E0_IRQHandler                       
0000487d  COMP_E1_IRQHandler                       
0000487d  CS_IRQHandler                            
0000487d  DMA_ERR_IRQHandler                       
0000487d  DMA_INT0_IRQHandler                      
0000487d  DMA_INT1_IRQHandler                      
0000487d  DMA_INT2_IRQHandler                      
0000487d  DMA_INT3_IRQHandler                      
0000487d  DebugMon_Handler                         
0000487d  Default_Handler                          
0000487d  EUSCIA0_IRQHandler                       
0000487d  EUSCIA1_IRQHandler                       
00002b21  EUSCIA2_IRQHandler                       
00002b21  EUSCIA2_IRQHandler                       
0000487d  EUSCIA3_IRQHandler                       
0000487d  EUSCIB0_IRQHandler                       
0000487d  EUSCIB1_IRQHandler                       
0000487d  EUSCIB2_IRQHandler                       
0000487d  EUSCIB3_IRQHandler                       
0000487d  FLCTL_IRQHandler                         
0000487d  FPU_IRQHandler                           
0000437d  HOSTclose                                
00003cc9  HOSTlseek                                
00003f95  HOSTopen                                 
00004051  HOSTread                                 
00003d31  HOSTrename                               
000043c1  HOSTunlink                               
000040a9  HOSTwrite                                
0000487d  HardFault_Handler                        
00004121  LCD_PinConfig                            
00001f21  LCD_off                                  
00001ebb  LCD_on                                   
0000487d  MemManage_Handler                        
0000487d  NMI_Handler                              
0000487d  PCM_IRQHandler                           
0000487d  PORT1_IRQHandler                         
0000487d  PORT2_IRQHandler                         
0000487d  PORT3_IRQHandler                         
0000487d  PORT4_IRQHandler                         
0000487d  PORT5_IRQHandler                         
0000487d  PORT6_IRQHandler                         
0000487d  PSS_IRQHandler                           
0000487d  PendSV_Handler                           
0000487d  RTC_C_IRQHandler                         
00004871  Reset_Handler                            
0000487d  SVC_Handler                              
0000487d  SysTick_Handler                          
200008b4  SystemCoreClock                          
000021c9  SystemCoreClockUpdate                    
00002441  SystemInit                               
0000487d  T32_INT1_IRQHandler                      
0000487d  T32_INT2_IRQHandler                      
0000487d  T32_INTC_IRQHandler                      
00002d75  TA0_0_IRQHandler                         
00002d75  TA0_0_IRQHandler                         
0000487d  TA0_N_IRQHandler                         
0000487d  TA1_0_IRQHandler                         
0000487d  TA1_N_IRQHandler                         
0000487d  TA2_0_IRQHandler                         
0000487d  TA2_N_IRQHandler                         
0000487d  TA3_0_IRQHandler                         
0000487d  TA3_N_IRQHandler                         
200008b9  Tcount                                   
0000487d  UsageFault_Handler                       
4000480c  WDTCTL_SYM                               
0000487d  WDT_A_IRQHandler                         
20000400  __CIOBUF_                                
20010000  __STACK_END                              
00000200  __STACK_SIZE                             
00000400  __SYSMEM_SIZE                            
00004a80  __TI_CINIT_Base                          
00004a90  __TI_CINIT_Limit                         
00004a68  __TI_Handler_Table_Base                  
00004a74  __TI_Handler_Table_Limit                 
00004405  __TI_auto_init_nobinit_nopinit           
000045b5  __TI_cleanup                             
20000894  __TI_cleanup_ptr                         
00003be5  __TI_closefile                           
00003d99  __TI_decompress_lzss                     
00004863  __TI_decompress_none                     
00004255  __TI_doflush                             
20000898  __TI_dtors_ptr                           
2000089c  __TI_enable_exit_profile_output          
20000884  __TI_ft_end                              
ffffffff  __TI_pprof_out_hndl                      
000000e5  __TI_printfi                             
ffffffff  __TI_prof_data_size                      
ffffffff  __TI_prof_data_start                     
000045e9  __TI_readmsg                             
00000000  __TI_static_base__                       
20000620  __TI_tmpnams                             
0000450d  __TI_writemsg                            
00003f31  __TI_wrt_ok                              
00004775  __TI_zero_init_nomemset                  
000039e1  __aeabi_cdcmpeq                          
000039e1  __aeabi_cdcmple                          
00003a67  __aeabi_cdrcmple                         
00004335  __aeabi_d2iz                             
00002947  __aeabi_dadd                             
00002f3d  __aeabi_ddiv                             
000033bd  __aeabi_dmul                             
0000293d  __aeabi_dsub                             
00004889  __aeabi_errno_addr                       
00004545  __aeabi_f2d                              
00004681  __aeabi_i2d                              
00002af3  __aeabi_idiv0                            
00002af3  __aeabi_ldiv0                            
00003b69  __aeabi_memclr                           
00003b69  __aeabi_memclr4                          
00003b69  __aeabi_memclr8                          
00003823  __aeabi_memcpy                           
00003823  __aeabi_memcpy4                          
00003823  __aeabi_memcpy8                          
00003b6b  __aeabi_memset                           
00003b6b  __aeabi_memset4                          
00003b6b  __aeabi_memset8                          
20000890  __aeabi_stderr                           
20000888  __aeabi_stdin                            
2000088c  __aeabi_stdout                           
000038bf  __aeabi_uldivmod                         
ffffffff  __binit__                                
ffffffff  __c_args__                               
UNDEFED   __mpu_init                               
2000fe00  __stack                                  
0000461d  _c_int00_noargs                          
000048a8  _ctypes_                                 
200007bc  _device                                  
200006cc  _ftable                                  
200008a0  _lock                                    
00000b33  _nop                                     
20000834  _stream                                  
20000000  _sys_memory                              
UNDEFED   _system_post_cinit                       
000048a1  _system_pre_init                         
200008a4  _unlock                                  
000048a5  abort                                    
000034b9  aligned_alloc                            
000042a1  atoi                                     
ffffffff  binit                                    
00001e1b  bitset                                   
00001f87  clear                                    
00003ff5  close                                    
00002b35  config_sps_uart                          
00004101  config_uart_gpio                         
00002135  convert                                  
000047c9  copysign                                 
000047c9  copysignl                                
200008ba  countEx                                  
20000520  dataEx                                   
00002be1  data_recieved                            
00002cef  delay_ms                                 
00002d0d  delay_s                                  
00001fed  entrymode                                
200008b0  errno                                    
000042ed  exit                                     
00004651  finddevice                               
00003955  fputc                                    
00003199  fputs                                    
000035ad  free                                     
00003e69  frexp                                    
00003e69  frexpl                                   
00003ecd  fseek                                    
00004449  getdevice                                
00001da9  initialize_LCD                           
00000000  interruptVectors                         
200006c8  lastVar                                  
000032ad  ldexp                                    
000032ad  ldexpl                                   
00004705  lseek                                    
000041af  ltoa                                     
00000b35  main                                     
00004891  malloc                                   
000034b9  memalign                                 
000047ad  memccpy                                  
00004755  memchr                                   
00003823  memcpy                                   
00003b71  memset                                   
200006c0  parmbuf                                  
00003e01  printf                                   
00003955  putc                                     
000046b1  remove                                   
000032ad  scalbn                                   
000032ad  scalbnl                                  
200008b8  secs                                     
00001b89  sensirion_shdlc_rx                       
00001a87  sensirion_shdlc_tx                       
00001a3d  sensirion_shdlc_xcv                      
00003695  setvbuf                                  
0000448d  sprintf                                  
000017a1  sps30_get_fan_auto_cleaning_interval     
0000189b  sps30_get_fan_auto_cleaning_interval_days
000013d1  sps30_get_serial                         
000013bd  sps30_probe                              
00001475  sps30_read_measurement                   
000018ff  sps30_reset                              
0000181b  sps30_set_fan_auto_cleaning_interval     
000018c9  sps30_set_fan_auto_cleaning_interval_days
000018dd  sps30_start_manual_fan_cleaning          
00001423  sps30_start_measurement                  
0000144d  sps30_stop_measurement                   
00002c2b  sps_sleep                                
00002bb5  sps_uart_recieve                         
00002b75  sps_uart_send                            
00002dd3  stop_pwm                                 
00004813  strchr                                   
000047fb  strcmp                                   
00004829  strcpy                                   
0000483d  strlen                                   
0000457d  strncpy                                  
00002d33  timerA0_config                           
00002053  toggleE                                  
00001e55  twoline                                  
000046b1  unlink                                   
00004851  wcslen                                   
0000472d  write                                    
000020a7  write_cmd                                
00002073  write_data                               
000020db  writeto                                  


GLOBAL SYMBOLS: SORTED BY Symbol Address 

address   name                                     
-------   ----                                     
00000000  __TI_static_base__                       
00000000  interruptVectors                         
000000e5  __TI_printfi                             
00000200  __STACK_SIZE                             
00000400  __SYSMEM_SIZE                            
00000b33  _nop                                     
00000b35  main                                     
000013bd  sps30_probe                              
000013d1  sps30_get_serial                         
00001423  sps30_start_measurement                  
0000144d  sps30_stop_measurement                   
00001475  sps30_read_measurement                   
000017a1  sps30_get_fan_auto_cleaning_interval     
0000181b  sps30_set_fan_auto_cleaning_interval     
0000189b  sps30_get_fan_auto_cleaning_interval_days
000018c9  sps30_set_fan_auto_cleaning_interval_days
000018dd  sps30_start_manual_fan_cleaning          
000018ff  sps30_reset                              
00001a3d  sensirion_shdlc_xcv                      
00001a87  sensirion_shdlc_tx                       
00001b89  sensirion_shdlc_rx                       
00001da9  initialize_LCD                           
00001e1b  bitset                                   
00001e55  twoline                                  
00001ebb  LCD_on                                   
00001f21  LCD_off                                  
00001f87  clear                                    
00001fed  entrymode                                
00002053  toggleE                                  
00002073  write_data                               
000020a7  write_cmd                                
000020db  writeto                                  
00002135  convert                                  
000021c9  SystemCoreClockUpdate                    
00002441  SystemInit                               
0000293d  __aeabi_dsub                             
00002947  __aeabi_dadd                             
00002af3  __aeabi_idiv0                            
00002af3  __aeabi_ldiv0                            
00002b21  EUSCIA2_IRQHandler                       
00002b21  EUSCIA2_IRQHandler                       
00002b35  config_sps_uart                          
00002b75  sps_uart_send                            
00002bb5  sps_uart_recieve                         
00002be1  data_recieved                            
00002c2b  sps_sleep                                
00002cef  delay_ms                                 
00002d0d  delay_s                                  
00002d33  timerA0_config                           
00002d75  TA0_0_IRQHandler                         
00002d75  TA0_0_IRQHandler                         
00002dd3  stop_pwm                                 
00002f3d  __aeabi_ddiv                             
00003199  fputs                                    
000032ad  ldexp                                    
000032ad  ldexpl                                   
000032ad  scalbn                                   
000032ad  scalbnl                                  
000033bd  __aeabi_dmul                             
000034b9  aligned_alloc                            
000034b9  memalign                                 
000035ad  free                                     
00003695  setvbuf                                  
00003823  __aeabi_memcpy                           
00003823  __aeabi_memcpy4                          
00003823  __aeabi_memcpy8                          
00003823  memcpy                                   
000038bf  __aeabi_uldivmod                         
00003955  fputc                                    
00003955  putc                                     
000039e1  __aeabi_cdcmpeq                          
000039e1  __aeabi_cdcmple                          
00003a67  __aeabi_cdrcmple                         
00003b69  __aeabi_memclr                           
00003b69  __aeabi_memclr4                          
00003b69  __aeabi_memclr8                          
00003b6b  __aeabi_memset                           
00003b6b  __aeabi_memset4                          
00003b6b  __aeabi_memset8                          
00003b71  memset                                   
00003be5  __TI_closefile                           
00003cc9  HOSTlseek                                
00003d31  HOSTrename                               
00003d99  __TI_decompress_lzss                     
00003e01  printf                                   
00003e69  frexp                                    
00003e69  frexpl                                   
00003ecd  fseek                                    
00003f31  __TI_wrt_ok                              
00003f95  HOSTopen                                 
00003ff5  close                                    
00004051  HOSTread                                 
000040a9  HOSTwrite                                
00004101  config_uart_gpio                         
00004121  LCD_PinConfig                            
000041af  ltoa                                     
00004255  __TI_doflush                             
000042a1  atoi                                     
000042ed  exit                                     
00004335  __aeabi_d2iz                             
0000437d  HOSTclose                                
000043c1  HOSTunlink                               
00004405  __TI_auto_init_nobinit_nopinit           
00004449  getdevice                                
0000448d  sprintf                                  
0000450d  __TI_writemsg                            
0000453b  C$$IO$$                                  
00004545  __aeabi_f2d                              
0000457d  strncpy                                  
000045b5  __TI_cleanup                             
000045e9  __TI_readmsg                             
0000461d  _c_int00_noargs                          
00004651  finddevice                               
00004681  __aeabi_i2d                              
000046b1  remove                                   
000046b1  unlink                                   
00004705  lseek                                    
0000472d  write                                    
00004755  memchr                                   
00004775  __TI_zero_init_nomemset                  
000047ad  memccpy                                  
000047c9  copysign                                 
000047c9  copysignl                                
000047fb  strcmp                                   
00004813  strchr                                   
00004829  strcpy                                   
0000483d  strlen                                   
00004851  wcslen                                   
00004863  __TI_decompress_none                     
00004871  Reset_Handler                            
0000487d  ADC14_IRQHandler                         
0000487d  AES256_IRQHandler                        
0000487d  BusFault_Handler                         
0000487d  COMP_E0_IRQHandler                       
0000487d  COMP_E1_IRQHandler                       
0000487d  CS_IRQHandler                            
0000487d  DMA_ERR_IRQHandler                       
0000487d  DMA_INT0_IRQHandler                      
0000487d  DMA_INT1_IRQHandler                      
0000487d  DMA_INT2_IRQHandler                      
0000487d  DMA_INT3_IRQHandler                      
0000487d  DebugMon_Handler                         
0000487d  Default_Handler                          
0000487d  EUSCIA0_IRQHandler                       
0000487d  EUSCIA1_IRQHandler                       
0000487d  EUSCIA3_IRQHandler                       
0000487d  EUSCIB0_IRQHandler                       
0000487d  EUSCIB1_IRQHandler                       
0000487d  EUSCIB2_IRQHandler                       
0000487d  EUSCIB3_IRQHandler                       
0000487d  FLCTL_IRQHandler                         
0000487d  FPU_IRQHandler                           
0000487d  HardFault_Handler                        
0000487d  MemManage_Handler                        
0000487d  NMI_Handler                              
0000487d  PCM_IRQHandler                           
0000487d  PORT1_IRQHandler                         
0000487d  PORT2_IRQHandler                         
0000487d  PORT3_IRQHandler                         
0000487d  PORT4_IRQHandler                         
0000487d  PORT5_IRQHandler                         
0000487d  PORT6_IRQHandler                         
0000487d  PSS_IRQHandler                           
0000487d  PendSV_Handler                           
0000487d  RTC_C_IRQHandler                         
0000487d  SVC_Handler                              
0000487d  SysTick_Handler                          
0000487d  T32_INT1_IRQHandler                      
0000487d  T32_INT2_IRQHandler                      
0000487d  T32_INTC_IRQHandler                      
0000487d  TA0_N_IRQHandler                         
0000487d  TA1_0_IRQHandler                         
0000487d  TA1_N_IRQHandler                         
0000487d  TA2_0_IRQHandler                         
0000487d  TA2_N_IRQHandler                         
0000487d  TA3_0_IRQHandler                         
0000487d  TA3_N_IRQHandler                         
0000487d  UsageFault_Handler                       
0000487d  WDT_A_IRQHandler                         
00004889  __aeabi_errno_addr                       
00004891  malloc                                   
000048a1  _system_pre_init                         
000048a5  C$$EXIT                                  
000048a5  abort                                    
000048a8  _ctypes_                                 
00004a68  __TI_Handler_Table_Base                  
00004a74  __TI_Handler_Table_Limit                 
00004a80  __TI_CINIT_Base                          
00004a90  __TI_CINIT_Limit                         
20000000  _sys_memory                              
20000400  __CIOBUF_                                
20000520  dataEx                                   
20000620  __TI_tmpnams                             
200006c0  parmbuf                                  
200006c8  lastVar                                  
200006cc  _ftable                                  
200007bc  _device                                  
20000834  _stream                                  
20000884  __TI_ft_end                              
20000888  __aeabi_stdin                            
2000088c  __aeabi_stdout                           
20000890  __aeabi_stderr                           
20000894  __TI_cleanup_ptr                         
20000898  __TI_dtors_ptr                           
2000089c  __TI_enable_exit_profile_output          
200008a0  _lock                                    
200008a4  _unlock                                  
200008b0  errno                                    
200008b4  SystemCoreClock                          
200008b8  secs                                     
200008b9  Tcount                                   
200008ba  countEx                                  
2000fe00  __stack                                  
20010000  __STACK_END                              
4000480c  WDTCTL_SYM                               
ffffffff  __TI_pprof_out_hndl                      
ffffffff  __TI_prof_data_size                      
ffffffff  __TI_prof_data_start                     
ffffffff  __binit__                                
ffffffff  __c_args__                               
ffffffff  binit                                    
UNDEFED   __mpu_init                               
UNDEFED   _system_post_cinit                       

[223 symbols]
