******************************************************************************
                  TI ARM Linker PC v18.12.2                    
******************************************************************************
>> Linked Wed Dec  4 15:37:45 2019

OUTPUT FILE NAME:   <FinalProjectECEN2440.out>
ENTRY POINT SYMBOL: "_c_int00_noargs"  address: 00003c11


MEMORY CONFIGURATION

         name            origin    length      used     unused   attr    fill
----------------------  --------  ---------  --------  --------  ----  --------
  MAIN                  00000000   00040000  00004044  0003bfbc  R  X
  INFO                  00200000   00004000  00000000  00004000  R  X
  SRAM_CODE             01000000   00010000  00000ab7  0000f549  RW X
  SRAM_DATA             20000000   00010000  00000ab7  0000f549  RW  


SEGMENT ALLOCATION MAP

run origin  load origin   length   init length attrs members
----------  ----------- ---------- ----------- ----- -------
00000000    00000000    00004048   00004048    r-x
  00000000    00000000    000000e4   000000e4    r-- .intvecs
  000000e4    000000e4    00003dc4   00003dc4    r-x .text
  00003ea8    00003ea8    00000104   00000104    r-- .const
  00003fb0    00003fb0    00000098   00000098    r-- .cinit
20000000    20000000    000008ba   00000000    rw-
  20000000    20000000    00000400   00000000    rw- .sysmem
  20000400    20000400    000002c9   00000000    rw- .bss
  200006cc    200006cc    000001ee   00000000    rw- .data
2000fe00    2000fe00    00000200   00000000    rw-
  2000fe00    2000fe00    00000200   00000000    rw- .stack


SECTION ALLOCATION MAP

 output                                  attributes/
section   page    origin      length       input sections
--------  ----  ----------  ----------   ----------------
.intvecs   0    00000000    000000e4     
                  00000000    000000e4     startup_msp432p401r_ccs.obj (.intvecs:retain)

.text      0    000000e4    00003dc4     
                  000000e4    00000a4e     rtsv7M4_T_le_v4SPD16_eabi.lib : _printfi.c.obj (.text:__TI_printfi)
                  00000b32    00000002                                   : _lock.c.obj (.text:_nop)
                  00000b34    00000558     sps30.obj (.text)
                  0000108c    00000494     sensirion_shdlc.obj (.text)
                  00001520    00000388     main.obj (.text)
                  000018a8    00000334     system_msp432p401r.obj (.text)
                  00001bdc    00000270     rtsv7M4_T_le_v4SPD16_eabi.lib : _printfi.c.obj (.text:_pconv_a)
                  00001e4c    000001d0                                   : _printfi.c.obj (.text:_pconv_g)
                  0000201c    000001b6                                   : fd_add_t2.asm.obj (.text)
                  000021d2    00000002                                   : div0.asm.obj (.text)
                  000021d4    00000190     sps30UART.obj (.text)
                  00002364    0000013c     rtsv7M4_T_le_v4SPD16_eabi.lib : _printfi.c.obj (.text:_pconv_e)
                  000024a0    00000136                                   : fd_div_t2.asm.obj (.text)
                  000025d6    00000002     --HOLE-- [fill = 0]
                  000025d8    00000128     Timer.obj (.text)
                  00002700    00000124     rtsv7M4_T_le_v4SPD16_eabi.lib : _printfi.c.obj (.text:fcvt)
                  00002824    00000114                                   : fputs.c.obj (.text:fputs)
                  00002938    00000110                                   : s_scalbn.c.obj (.text:scalbn)
                  00002a48    000000fc                                   : fd_mul_t2.asm.obj (.text)
                  00002b44    000000f4                                   : memory.c.obj (.text:aligned_alloc)
                  00002c38    000000e8                                   : memory.c.obj (.text:free)
                  00002d20    000000dc                                   : setvbuf.c.obj (.text:setvbuf)
                  00002dfc    000000b1                                   : _printfi.c.obj (.text:_ltostr)
                  00002ead    00000001     --HOLE-- [fill = 0]
                  00002eae    0000009c                                   : memcpy_t2.asm.obj (.text)
                  00002f4a    00000096                                   : ull_div_t2.asm.obj (.text)
                  00002fe0    0000008c                                   : fputc.c.obj (.text:fputc)
                  0000306c    00000086                                   : fd_cmp_t2.asm.obj (.text:__aeabi_cdcmple)
                  000030f2    00000086                                   : fd_cmp_t2.asm.obj (.text:__aeabi_cdrcmple)
                  00003178    0000007c                                   : memory.c.obj (.text:split)
                  000031f4    0000007a                                   : memset_t2.asm.obj (.text)
                  0000326e    00000002     --HOLE-- [fill = 0]
                  00003270    00000074                                   : fclose.c.obj (.text:__TI_closefile)
                  000032e4    0000006e                                   : _printfi.c.obj (.text:_mcpy)
                  00003352    00000002     --HOLE-- [fill = 0]
                  00003354    00000068                                   : hostlseek.c.obj (.text:HOSTlseek)
                  000033bc    00000068                                   : hostrename.c.obj (.text:HOSTrename)
                  00003424    00000068                                   : copy_decompress_lzss.c.obj (.text:decompress:lzss:__TI_decompress_lzss)
                  0000348c    00000068                                   : printf.c.obj (.text:printf)
                  000034f4    00000064                                   : s_frexp.c.obj (.text:frexp)
                  00003558    00000064                                   : fseek.c.obj (.text:fseek)
                  000035bc    00000062                                   : _io_perm.c.obj (.text:__TI_wrt_ok)
                  0000361e    00000002     --HOLE-- [fill = 0]
                  00003620    00000060                                   : hostopen.c.obj (.text:HOSTopen)
                  00003680    0000005c                                   : close.c.obj (.text:close)
                  000036dc    00000058                                   : hostread.c.obj (.text:HOSTread)
                  00003734    00000058                                   : hostwrite.c.obj (.text:HOSTwrite)
                  0000378c    00000056                                   : _printfi.c.obj (.text:_pconv_f)
                  000037e2    00000054                                   : ltoa.c.obj (.text:ltoa)
                  00003836    00000052                                   : _printfi.c.obj (.text:_ecpy)
                  00003888    0000004c                                   : fflush.c.obj (.text:__TI_doflush)
                  000038d4    0000004c                                   : atoi.c.obj (.text:atoi)
                  00003920    00000048                                   : exit.c.obj (.text:exit)
                  00003968    00000048                                   : fd_toi_t2.asm.obj (.text)
                  000039b0    00000044                                   : hostclose.c.obj (.text:HOSTclose)
                  000039f4    00000044                                   : hostunlink.c.obj (.text:HOSTunlink)
                  00003a38    00000044                                   : autoinit.c.obj (.text:__TI_auto_init_nobinit_nopinit:__TI_auto_init_nobinit_nopinit)
                  00003a7c    00000044                                   : getdevice.c.obj (.text:getdevice)
                  00003ac0    0000003e                                   : _printfi.c.obj (.text:_fcpy)
                  00003afe    00000002     --HOLE-- [fill = 0]
                  00003b00    00000038                                   : trgmsg.c.obj (.text:__TI_writemsg)
                  00003b38    00000038                                   : fs_tod_t2.asm.obj (.text)
                  00003b70    00000036                                   : strncpy.c.obj (.text:strncpy)
                  00003ba6    00000002     --HOLE-- [fill = 0]
                  00003ba8    00000034                                   : fopen.c.obj (.text:__TI_cleanup)
                  00003bdc    00000034                                   : trgmsg.c.obj (.text:__TI_readmsg)
                  00003c10    00000034                                   : boot_cortex_m.c.obj (.text:_c_int00_noargs:_c_int00_noargs)
                  00003c44    00000030                                   : getdevice.c.obj (.text:finddevice)
                  00003c74    0000002e                                   : i_tofd_t2.asm.obj (.text)
                  00003ca2    00000002     --HOLE-- [fill = 0]
                  00003ca4    0000002c     gpio.obj (.text)
                  00003cd0    0000002c     rtsv7M4_T_le_v4SPD16_eabi.lib : unlink.c.obj (.text:unlink)
                  00003cfc    00000028                                   : memory.c.obj (.text:free_list_insert)
                  00003d24    00000028                                   : lseek.c.obj (.text:lseek)
                  00003d4c    00000028                                   : write.c.obj (.text:write)
                  00003d74    00000020                                   : memchr.c.obj (.text:memchr)
                  00003d94    0000001c                                   : copy_zero_init.c.obj (.text:decompress:ZI:__TI_zero_init_nomemset:__TI_zero_init_nomemset)
                  00003db0    0000001c                                   : memory.c.obj (.text:free_list_remove)
                  00003dcc    0000001c                                   : memccpy.c.obj (.text:memccpy)
                  00003de8    0000001a                                   : s_copysign.c.obj (.text:copysign)
                  00003e02    00000018                                   : strcmp.c.obj (.text:strcmp)
                  00003e1a    00000016                                   : strchr.c.obj (.text:strchr)
                  00003e30    00000014                                   : strcpy.c.obj (.text:strcpy)
                  00003e44    00000014                                   : strlen.c.obj (.text:strlen)
                  00003e58    00000012                                   : wcslen.c.obj (.text:wcslen)
                  00003e6a    0000000e                                   : copy_decompress_none.c.obj (.text:decompress:none:__TI_decompress_none)
                  00003e78    0000000e     startup_msp432p401r_ccs.obj (.text)
                  00003e86    00000002     --HOLE-- [fill = 0]
                  00003e88    00000008     rtsv7M4_T_le_v4SPD16_eabi.lib : errno.c.obj (.text:__aeabi_errno_addr)
                  00003e90    00000008                                   : memory.c.obj (.text:malloc)
                  00003e98    00000004                                   : printf.c.obj (.text:_outc)
                  00003e9c    00000004                                   : printf.c.obj (.text:_outs)
                  00003ea0    00000004                                   : pre_init.c.obj (.text:_system_pre_init)
                  00003ea4    00000004                                   : exit.c.obj (.text:abort:abort)

.const     0    00003ea8    00000104     
                  00003ea8    00000101     rtsv7M4_T_le_v4SPD16_eabi.lib : ctype.c.obj (.const:.string:_ctypes_)
                  00003fa9    00000002     sps30.obj (.const:.string:$P$T1$2)
                  00003fab    00000001     sps30.obj (.const:.string:$P$T0$1)

.cinit     0    00003fb0    00000098     
                  00003fb0    00000070     (.cinit..data.load) [load image, compression = lzss]
                  00004020    0000000c     (__TI_handler_table)
                  0000402c    00000004     --HOLE-- [fill = 0]
                  00004030    00000008     (.cinit..bss.load) [load image, compression = zero_init]
                  00004038    00000010     (__TI_cinit_table)

.init_array 
*          0    00000000    00000000     UNINITIALIZED

.binit     0    00000000    00000000     

.sysmem    0    20000000    00000400     UNINITIALIZED
                  20000000    00000010     rtsv7M4_T_le_v4SPD16_eabi.lib : memory.c.obj (.sysmem)
                  20000010    000003f0     --HOLE--

.bss       0    20000400    000002c9     UNINITIALIZED
                  20000400    00000120     rtsv7M4_T_le_v4SPD16_eabi.lib : trgmsg.c.obj (.bss:_CIOBUF_)
                  20000520    00000100     (.common:dataEx)
                  20000620    000000a0     (.common:__TI_tmpnams)
                  200006c0    00000008     (.common:parmbuf)
                  200006c8    00000001     (.common:lastVar)

.data      0    200006cc    000001ee     UNINITIALIZED
                  200006cc    000000f0     rtsv7M4_T_le_v4SPD16_eabi.lib : defs.c.obj (.data:_ftable)
                  200007bc    00000078                                   : host_device.c.obj (.data:_device)
                  20000834    00000050                                   : host_device.c.obj (.data:_stream)
                  20000884    00000010                                   : defs.c.obj (.data)
                  20000894    0000000c                                   : exit.c.obj (.data:$O1$$)
                  200008a0    00000008                                   : _lock.c.obj (.data:$O1$$)
                  200008a8    00000008                                   : memory.c.obj (.data:$O1$$)
                  200008b0    00000004                                   : errno.c.obj (.data)
                  200008b4    00000004     system_msp432p401r.obj (.data)
                  200008b8    00000002     main.obj (.data)

.stack     0    2000fe00    00000200     UNINITIALIZED
                  2000fe00    00000004     rtsv7M4_T_le_v4SPD16_eabi.lib : boot_cortex_m.c.obj (.stack)
                  2000fe04    000001fc     --HOLE--

MODULE SUMMARY

       Module                        code    ro data   rw data
       ------                        ----    -------   -------
    .\
       main.obj                      904     0         518    
       sps30.obj                     1368    3         0      
       sensirion_shdlc.obj           1172    0         0      
       system_msp432p401r.obj        820     0         8      
       sps30UART.obj                 400     0         0      
       Timer.obj                     296     0         0      
       startup_msp432p401r_ccs.obj   14      228       0      
       gpio.obj                      44      0         0      
    +--+-----------------------------+-------+---------+---------+
       Total:                        5018    231       526    
                                                              
    C:\ti\ccs910\ccs\tools\compiler\ti-cgt-arm_18.12.2.LTS\lib\rtsv7M4_T_le_v4SPD16_eabi.lib
       _printfi.c.obj                4851    0         0      
       defs.c.obj                    0       0         832    
       memory.c.obj                  676     0         16     
       trgmsg.c.obj                  108     0         576    
       fd_add_t2.asm.obj             438     0         0      
       host_device.c.obj             0       0         400    
       fd_div_t2.asm.obj             310     0         0      
       fputs.c.obj                   276     0         0      
       s_scalbn.c.obj                272     0         0      
       fd_cmp_t2.asm.obj             268     0         0      
       ctype.c.obj                   0       257       0      
       fd_mul_t2.asm.obj             252     0         0      
       setvbuf.c.obj                 220     0         0      
       memcpy_t2.asm.obj             156     0         0      
       ull_div_t2.asm.obj            150     0         0      
       fputc.c.obj                   140     0         0      
       memset_t2.asm.obj             122     0         0      
       fclose.c.obj                  116     0         0      
       getdevice.c.obj               116     0         0      
       hostopen.c.obj                96      0         16     
       printf.c.obj                  112     0         0      
       copy_decompress_lzss.c.obj    104     0         0      
       hostlseek.c.obj               104     0         0      
       hostrename.c.obj              104     0         0      
       exit.c.obj                    76      0         24     
       fseek.c.obj                   100     0         0      
       s_frexp.c.obj                 100     0         0      
       _io_perm.c.obj                98      0         0      
       close.c.obj                   92      0         0      
       hostread.c.obj                88      0         0      
       hostwrite.c.obj               88      0         0      
       ltoa.c.obj                    84      0         0      
       atoi.c.obj                    76      0         0      
       fflush.c.obj                  76      0         0      
       fd_toi_t2.asm.obj             72      0         0      
       autoinit.c.obj                68      0         0      
       hostclose.c.obj               68      0         0      
       hostunlink.c.obj              68      0         0      
       fs_tod_t2.asm.obj             56      0         0      
       strncpy.c.obj                 54      0         0      
       boot_cortex_m.c.obj           52      0         0      
       fopen.c.obj                   52      0         0      
       i_tofd_t2.asm.obj             46      0         0      
       unlink.c.obj                  44      0         0      
       lseek.c.obj                   40      0         0      
       write.c.obj                   40      0         0      
       memchr.c.obj                  32      0         0      
       copy_zero_init.c.obj          28      0         0      
       memccpy.c.obj                 28      0         0      
       s_copysign.c.obj              26      0         0      
       strcmp.c.obj                  24      0         0      
       strchr.c.obj                  22      0         0      
       strcpy.c.obj                  20      0         0      
       strlen.c.obj                  20      0         0      
       _lock.c.obj                   2       0         16     
       wcslen.c.obj                  18      0         0      
       errno.c.obj                   8       0         8      
       copy_decompress_none.c.obj    14      0         0      
       pre_init.c.obj                4       0         0      
       div0.asm.obj                  2       0         0      
    +--+-----------------------------+-------+---------+---------+
       Total:                        10777   257       1888   
                                                              
       Heap:                         0       0         2048   
       Stack:                        0       0         1024   
       Linker Generated:             0       148       0      
    +--+-----------------------------+-------+---------+---------+
       Grand Total:                  15795   636       5486   


LINKER GENERATED COPY TABLES

__TI_cinit_table @ 00004038 records: 2, size/record: 8, table size: 16
	.data: load addr=00003fb0, load size=00000070 bytes, run addr=200006cc, run size=000001ee bytes, compression=lzss
	.bss: load addr=00004030, load size=00000008 bytes, run addr=20000400, run size=000002c9 bytes, compression=zero_init


LINKER GENERATED HANDLER TABLE

__TI_handler_table @ 00004020 records: 3, size/record: 4, table size: 12
	index: 0, handler: __TI_decompress_lzss
	index: 1, handler: __TI_decompress_none
	index: 2, handler: __TI_zero_init


GLOBAL SYMBOLS: SORTED ALPHABETICALLY BY Name 

address   name                                     
-------   ----                                     
00003e85  ADC14_IRQHandler                         
00003e85  AES256_IRQHandler                        
00003e85  BusFault_Handler                         
00003ea5  C$$EXIT                                  
00003b2f  C$$IO$$                                  
00003e85  COMP_E0_IRQHandler                       
00003e85  COMP_E1_IRQHandler                       
00003e85  CS_IRQHandler                            
00003e85  DMA_ERR_IRQHandler                       
00003e85  DMA_INT0_IRQHandler                      
00003e85  DMA_INT1_IRQHandler                      
00003e85  DMA_INT2_IRQHandler                      
00003e85  DMA_INT3_IRQHandler                      
00003e85  DebugMon_Handler                         
00003e85  Default_Handler                          
00003e85  EUSCIA0_IRQHandler                       
00003e85  EUSCIA1_IRQHandler                       
00002201  EUSCIA2_IRQHandler                       
00002201  EUSCIA2_IRQHandler                       
00003e85  EUSCIA3_IRQHandler                       
00003e85  EUSCIB0_IRQHandler                       
00003e85  EUSCIB1_IRQHandler                       
00003e85  EUSCIB2_IRQHandler                       
00003e85  EUSCIB3_IRQHandler                       
00003e85  FLCTL_IRQHandler                         
00003e85  FPU_IRQHandler                           
000039b1  HOSTclose                                
00003355  HOSTlseek                                
00003621  HOSTopen                                 
000036dd  HOSTread                                 
000033bd  HOSTrename                               
000039f5  HOSTunlink                               
00003735  HOSTwrite                                
00003e85  HardFault_Handler                        
00003e85  MemManage_Handler                        
00003e85  NMI_Handler                              
00003e85  PCM_IRQHandler                           
00003e85  PORT1_IRQHandler                         
00003e85  PORT2_IRQHandler                         
00003e85  PORT3_IRQHandler                         
00003e85  PORT4_IRQHandler                         
00003e85  PORT5_IRQHandler                         
00003e85  PORT6_IRQHandler                         
00003e85  PSS_IRQHandler                           
00003e85  PendSV_Handler                           
00003e85  RTC_C_IRQHandler                         
00003e79  Reset_Handler                            
00003e85  SVC_Handler                              
00003e85  SysTick_Handler                          
200008b4  SystemCoreClock                          
000018a9  SystemCoreClockUpdate                    
00001b21  SystemInit                               
00003e85  T32_INT1_IRQHandler                      
00003e85  T32_INT2_IRQHandler                      
00003e85  T32_INTC_IRQHandler                      
000026c1  TA0_0_IRQHandler                         
000026c1  TA0_0_IRQHandler                         
00003e85  TA0_N_IRQHandler                         
00003e85  TA1_0_IRQHandler                         
00003e85  TA1_N_IRQHandler                         
00003e85  TA2_0_IRQHandler                         
00003e85  TA2_N_IRQHandler                         
00003e85  TA3_0_IRQHandler                         
00003e85  TA3_N_IRQHandler                         
00003e85  UsageFault_Handler                       
4000480c  WDTCTL_SYM                               
00003e85  WDT_A_IRQHandler                         
20000400  __CIOBUF_                                
20010000  __STACK_END                              
00000200  __STACK_SIZE                             
00000400  __SYSMEM_SIZE                            
00004038  __TI_CINIT_Base                          
00004048  __TI_CINIT_Limit                         
00004020  __TI_Handler_Table_Base                  
0000402c  __TI_Handler_Table_Limit                 
00003a39  __TI_auto_init_nobinit_nopinit           
00003ba9  __TI_cleanup                             
20000894  __TI_cleanup_ptr                         
00003271  __TI_closefile                           
00003425  __TI_decompress_lzss                     
00003e6b  __TI_decompress_none                     
00003889  __TI_doflush                             
20000898  __TI_dtors_ptr                           
2000089c  __TI_enable_exit_profile_output          
20000884  __TI_ft_end                              
ffffffff  __TI_pprof_out_hndl                      
000000e5  __TI_printfi                             
ffffffff  __TI_prof_data_size                      
ffffffff  __TI_prof_data_start                     
00003bdd  __TI_readmsg                             
00000000  __TI_static_base__                       
20000620  __TI_tmpnams                             
00003b01  __TI_writemsg                            
000035bd  __TI_wrt_ok                              
00003d95  __TI_zero_init_nomemset                  
0000306d  __aeabi_cdcmpeq                          
0000306d  __aeabi_cdcmple                          
000030f3  __aeabi_cdrcmple                         
00003969  __aeabi_d2iz                             
00002027  __aeabi_dadd                             
000024a1  __aeabi_ddiv                             
00002a49  __aeabi_dmul                             
0000201d  __aeabi_dsub                             
00003e89  __aeabi_errno_addr                       
00003b39  __aeabi_f2d                              
00003c75  __aeabi_i2d                              
000021d3  __aeabi_idiv0                            
000021d3  __aeabi_ldiv0                            
000031f5  __aeabi_memclr                           
000031f5  __aeabi_memclr4                          
000031f5  __aeabi_memclr8                          
00002eaf  __aeabi_memcpy                           
00002eaf  __aeabi_memcpy4                          
00002eaf  __aeabi_memcpy8                          
000031f7  __aeabi_memset                           
000031f7  __aeabi_memset4                          
000031f7  __aeabi_memset8                          
20000890  __aeabi_stderr                           
20000888  __aeabi_stdin                            
2000088c  __aeabi_stdout                           
00002f4b  __aeabi_uldivmod                         
ffffffff  __binit__                                
ffffffff  __c_args__                               
UNDEFED   __mpu_init                               
2000fe00  __stack                                  
00003c11  _c_int00_noargs                          
00003ea8  _ctypes_                                 
200007bc  _device                                  
200006cc  _ftable                                  
200008a0  _lock                                    
00000b33  _nop                                     
20000834  _stream                                  
20000000  _sys_memory                              
UNDEFED   _system_post_cinit                       
00003ea1  _system_pre_init                         
200008a4  _unlock                                  
00003ea5  abort                                    
00002b45  aligned_alloc                            
000038d5  atoi                                     
ffffffff  binit                                    
00003681  close                                    
00002215  config_sps_uart                          
00003ca5  config_uart_gpio                         
00003de9  copysign                                 
00003de9  copysignl                                
200008b8  countEx                                  
20000520  dataEx                                   
000022c1  data_recieved                            
00002643  delay_ms                                 
00002661  delay_us                                 
200008b0  errno                                    
00003921  exit                                     
00003c45  finddevice                               
00002fe1  fputc                                    
00002825  fputs                                    
00002c39  free                                     
000034f5  frexp                                    
000034f5  frexpl                                   
00003559  fseek                                    
00003a7d  getdevice                                
00000000  interruptVectors                         
200006c8  lastVar                                  
00002939  ldexp                                    
00002939  ldexpl                                   
00003d25  lseek                                    
000037e3  ltoa                                     
00001521  main                                     
00003e91  malloc                                   
00002b45  memalign                                 
00003dcd  memccpy                                  
00003d75  memchr                                   
00002eaf  memcpy                                   
000031fd  memset                                   
200006c0  parmbuf                                  
0000348d  printf                                   
00002fe1  putc                                     
00003cd1  remove                                   
00002939  scalbn                                   
00002939  scalbnl                                  
00001301  sensirion_shdlc_rx                       
000011ff  sensirion_shdlc_tx                       
000011b5  sensirion_shdlc_xcv                      
00002d21  setvbuf                                  
00000f19  sps30_get_fan_auto_cleaning_interval     
00001013  sps30_get_fan_auto_cleaning_interval_days
00000b49  sps30_get_serial                         
00000b35  sps30_probe                              
00000bed  sps30_read_measurement                   
00001077  sps30_reset                              
00000f93  sps30_set_fan_auto_cleaning_interval     
00001041  sps30_set_fan_auto_cleaning_interval_days
00001055  sps30_start_manual_fan_cleaning          
00000b9b  sps30_start_measurement                  
00000bc5  sps30_stop_measurement                   
0000230b  sps_sleep                                
00002295  sps_uart_recieve                         
00002255  sps_uart_send                            
000026db  stop_pwm                                 
00003e1b  strchr                                   
00003e03  strcmp                                   
00003e31  strcpy                                   
00003e45  strlen                                   
00003b71  strncpy                                  
0000267f  timerA0_config                           
00003cd1  unlink                                   
00003e59  wcslen                                   
00003d4d  write                                    


GLOBAL SYMBOLS: SORTED BY Symbol Address 

address   name                                     
-------   ----                                     
00000000  __TI_static_base__                       
00000000  interruptVectors                         
000000e5  __TI_printfi                             
00000200  __STACK_SIZE                             
00000400  __SYSMEM_SIZE                            
00000b33  _nop                                     
00000b35  sps30_probe                              
00000b49  sps30_get_serial                         
00000b9b  sps30_start_measurement                  
00000bc5  sps30_stop_measurement                   
00000bed  sps30_read_measurement                   
00000f19  sps30_get_fan_auto_cleaning_interval     
00000f93  sps30_set_fan_auto_cleaning_interval     
00001013  sps30_get_fan_auto_cleaning_interval_days
00001041  sps30_set_fan_auto_cleaning_interval_days
00001055  sps30_start_manual_fan_cleaning          
00001077  sps30_reset                              
000011b5  sensirion_shdlc_xcv                      
000011ff  sensirion_shdlc_tx                       
00001301  sensirion_shdlc_rx                       
00001521  main                                     
000018a9  SystemCoreClockUpdate                    
00001b21  SystemInit                               
0000201d  __aeabi_dsub                             
00002027  __aeabi_dadd                             
000021d3  __aeabi_idiv0                            
000021d3  __aeabi_ldiv0                            
00002201  EUSCIA2_IRQHandler                       
00002201  EUSCIA2_IRQHandler                       
00002215  config_sps_uart                          
00002255  sps_uart_send                            
00002295  sps_uart_recieve                         
000022c1  data_recieved                            
0000230b  sps_sleep                                
000024a1  __aeabi_ddiv                             
00002643  delay_ms                                 
00002661  delay_us                                 
0000267f  timerA0_config                           
000026c1  TA0_0_IRQHandler                         
000026c1  TA0_0_IRQHandler                         
000026db  stop_pwm                                 
00002825  fputs                                    
00002939  ldexp                                    
00002939  ldexpl                                   
00002939  scalbn                                   
00002939  scalbnl                                  
00002a49  __aeabi_dmul                             
00002b45  aligned_alloc                            
00002b45  memalign                                 
00002c39  free                                     
00002d21  setvbuf                                  
00002eaf  __aeabi_memcpy                           
00002eaf  __aeabi_memcpy4                          
00002eaf  __aeabi_memcpy8                          
00002eaf  memcpy                                   
00002f4b  __aeabi_uldivmod                         
00002fe1  fputc                                    
00002fe1  putc                                     
0000306d  __aeabi_cdcmpeq                          
0000306d  __aeabi_cdcmple                          
000030f3  __aeabi_cdrcmple                         
000031f5  __aeabi_memclr                           
000031f5  __aeabi_memclr4                          
000031f5  __aeabi_memclr8                          
000031f7  __aeabi_memset                           
000031f7  __aeabi_memset4                          
000031f7  __aeabi_memset8                          
000031fd  memset                                   
00003271  __TI_closefile                           
00003355  HOSTlseek                                
000033bd  HOSTrename                               
00003425  __TI_decompress_lzss                     
0000348d  printf                                   
000034f5  frexp                                    
000034f5  frexpl                                   
00003559  fseek                                    
000035bd  __TI_wrt_ok                              
00003621  HOSTopen                                 
00003681  close                                    
000036dd  HOSTread                                 
00003735  HOSTwrite                                
000037e3  ltoa                                     
00003889  __TI_doflush                             
000038d5  atoi                                     
00003921  exit                                     
00003969  __aeabi_d2iz                             
000039b1  HOSTclose                                
000039f5  HOSTunlink                               
00003a39  __TI_auto_init_nobinit_nopinit           
00003a7d  getdevice                                
00003b01  __TI_writemsg                            
00003b2f  C$$IO$$                                  
00003b39  __aeabi_f2d                              
00003b71  strncpy                                  
00003ba9  __TI_cleanup                             
00003bdd  __TI_readmsg                             
00003c11  _c_int00_noargs                          
00003c45  finddevice                               
00003c75  __aeabi_i2d                              
00003ca5  config_uart_gpio                         
00003cd1  remove                                   
00003cd1  unlink                                   
00003d25  lseek                                    
00003d4d  write                                    
00003d75  memchr                                   
00003d95  __TI_zero_init_nomemset                  
00003dcd  memccpy                                  
00003de9  copysign                                 
00003de9  copysignl                                
00003e03  strcmp                                   
00003e1b  strchr                                   
00003e31  strcpy                                   
00003e45  strlen                                   
00003e59  wcslen                                   
00003e6b  __TI_decompress_none                     
00003e79  Reset_Handler                            
00003e85  ADC14_IRQHandler                         
00003e85  AES256_IRQHandler                        
00003e85  BusFault_Handler                         
00003e85  COMP_E0_IRQHandler                       
00003e85  COMP_E1_IRQHandler                       
00003e85  CS_IRQHandler                            
00003e85  DMA_ERR_IRQHandler                       
00003e85  DMA_INT0_IRQHandler                      
00003e85  DMA_INT1_IRQHandler                      
00003e85  DMA_INT2_IRQHandler                      
00003e85  DMA_INT3_IRQHandler                      
00003e85  DebugMon_Handler                         
00003e85  Default_Handler                          
00003e85  EUSCIA0_IRQHandler                       
00003e85  EUSCIA1_IRQHandler                       
00003e85  EUSCIA3_IRQHandler                       
00003e85  EUSCIB0_IRQHandler                       
00003e85  EUSCIB1_IRQHandler                       
00003e85  EUSCIB2_IRQHandler                       
00003e85  EUSCIB3_IRQHandler                       
00003e85  FLCTL_IRQHandler                         
00003e85  FPU_IRQHandler                           
00003e85  HardFault_Handler                        
00003e85  MemManage_Handler                        
00003e85  NMI_Handler                              
00003e85  PCM_IRQHandler                           
00003e85  PORT1_IRQHandler                         
00003e85  PORT2_IRQHandler                         
00003e85  PORT3_IRQHandler                         
00003e85  PORT4_IRQHandler                         
00003e85  PORT5_IRQHandler                         
00003e85  PORT6_IRQHandler                         
00003e85  PSS_IRQHandler                           
00003e85  PendSV_Handler                           
00003e85  RTC_C_IRQHandler                         
00003e85  SVC_Handler                              
00003e85  SysTick_Handler                          
00003e85  T32_INT1_IRQHandler                      
00003e85  T32_INT2_IRQHandler                      
00003e85  T32_INTC_IRQHandler                      
00003e85  TA0_N_IRQHandler                         
00003e85  TA1_0_IRQHandler                         
00003e85  TA1_N_IRQHandler                         
00003e85  TA2_0_IRQHandler                         
00003e85  TA2_N_IRQHandler                         
00003e85  TA3_0_IRQHandler                         
00003e85  TA3_N_IRQHandler                         
00003e85  UsageFault_Handler                       
00003e85  WDT_A_IRQHandler                         
00003e89  __aeabi_errno_addr                       
00003e91  malloc                                   
00003ea1  _system_pre_init                         
00003ea5  C$$EXIT                                  
00003ea5  abort                                    
00003ea8  _ctypes_                                 
00004020  __TI_Handler_Table_Base                  
0000402c  __TI_Handler_Table_Limit                 
00004038  __TI_CINIT_Base                          
00004048  __TI_CINIT_Limit                         
20000000  _sys_memory                              
20000400  __CIOBUF_                                
20000520  dataEx                                   
20000620  __TI_tmpnams                             
200006c0  parmbuf                                  
200006c8  lastVar                                  
200006cc  _ftable                                  
200007bc  _device                                  
20000834  _stream                                  
20000884  __TI_ft_end                              
20000888  __aeabi_stdin                            
2000088c  __aeabi_stdout                           
20000890  __aeabi_stderr                           
20000894  __TI_cleanup_ptr                         
20000898  __TI_dtors_ptr                           
2000089c  __TI_enable_exit_profile_output          
200008a0  _lock                                    
200008a4  _unlock                                  
200008b0  errno                                    
200008b4  SystemCoreClock                          
200008b8  countEx                                  
2000fe00  __stack                                  
20010000  __STACK_END                              
4000480c  WDTCTL_SYM                               
ffffffff  __TI_pprof_out_hndl                      
ffffffff  __TI_prof_data_size                      
ffffffff  __TI_prof_data_start                     
ffffffff  __binit__                                
ffffffff  __c_args__                               
ffffffff  binit                                    
UNDEFED   __mpu_init                               
UNDEFED   _system_post_cinit                       

[207 symbols]
